C:/Users/karl/Documents/mz_testbench_siii/sensor_ecu/Applications/CANZero_static/Inc/cz_typedefinitions.hpp:18:8:TxMessage::TxMessage()	16	static
../Applications/CANZero_static/Src/cz_heartbeat.cpp:24:6:void canzero::heartbeat::producer_entry(void*)	56	static
../Applications/CANZero_static/Src/cz_heartbeat.cpp:39:6:void canzero::heartbeat::consumer_entry(void*)	64	static
../Applications/CANZero_static/Src/cz_heartbeat.cpp:54:6:void canzero::heartbeat::setInterval(uint16_t)	16	static
../Applications/CANZero_static/Src/cz_heartbeat.cpp:58:10:uint16_t canzero::heartbeat::getInterval()	8	static
../Applications/CANZero_static/Src/cz_heartbeat.cpp:60:1:void __static_initialization_and_destruction_0(int, int)	16	static
../Applications/CANZero_static/Src/cz_heartbeat.cpp:60:1:cpp)	8	static
