../Drivers/CMSIS/Include/core_cm4.h:1939:34:void __NVIC_SystemReset()	4	static,ignoring_inline_asm
../Applications/CANZero_static/Src/cz_receive_task.cpp:20:6:void cz_receive_task(void*)	88	static
../Applications/CANZero_static/Src/cz_receive_task.cpp:43:6:void HAL_CAN_RxFifo0MsgPendingCallback(CAN_HandleTypeDef*)	104	static
../Applications/CANZero_static/Src/cz_receive_task.cpp:60:6:void HAL_CAN_RxFifo1MsgPendingCallback(CAN_HandleTypeDef*)	104	static
../Applications/CANZero_static/Src/cz_receive_task.cpp:77:6:void HAL_CAN_ErrorCallback(CAN_HandleTypeDef*)	32	static,ignoring_inline_asm
../Applications/CANZero_static/Src/cz_receive_task.cpp:82:6:void HAL_CAN_TxMailbox0CompleteCallback(CAN_HandleTypeDef*)	16	static
C:/Users/OfficeLaptop/Documents/GitHub/mz_testbench_siii/sensor_ecu/Applications/CANzero/dbc-cpp/dbc_parser.hpp:103:17:bool can::checkRxMessage(const RxMessage&) [with MESSAGE = can::messages::SensorF_BTL_RX]	16	static
C:/Users/OfficeLaptop/Documents/GitHub/mz_testbench_siii/sensor_ecu/Applications/CANzero/dbc-cpp/dbc_parser.hpp:103:17:bool can::checkRxMessage(const RxMessage&) [with MESSAGE = can::messages::SensorF_SDO_Req_Up]	16	static
C:/Users/OfficeLaptop/Documents/GitHub/mz_testbench_siii/sensor_ecu/Applications/CANzero/dbc-cpp/dbc_parser.hpp:103:17:bool can::checkRxMessage(const RxMessage&) [with MESSAGE = can::messages::SensorF_SDO_Req_Down]	16	static
