../Drivers/CMSIS/Include/core_cm4.h:1939:34:void __NVIC_SystemReset()	4	static,ignoring_inline_asm
../Drivers/CMSIS/Include/core_cm4.h:2064:26:uint32_t ITM_SendChar(uint32_t)	16	static,ignoring_inline_asm
C:/Users/OfficeLaptop/Documents/GitHub/mz_testbench_siii/sensor_ecu/Lib/Inc/log_dep.hpp:20:13:void log(const char*)	16	static
C:/Users/OfficeLaptop/Documents/GitHub/mz_testbench_siii/sensor_ecu/Lib/Inc/log_dep.hpp:27:13:void logln()	8	static
C:/Users/OfficeLaptop/Documents/GitHub/mz_testbench_siii/sensor_ecu/Lib/Inc/log_dep.hpp:35:13:void logln(const char*)	16	static
../Applications/CANZero_static/Src/cz_receive_task.cpp:19:6:void cz_receive_task(void*)	88	static
C:/Users/OfficeLaptop/Documents/GitHub/mz_testbench_siii/sensor_ecu/Applications/CANzero/dbc-cpp/dbc_parser.hpp:93:17:bool can::checkRxMessage(const RxMessage&) [with MESSAGE = can::messages::SENSOR_BTL_RX]	16	static
C:/Users/OfficeLaptop/Documents/GitHub/mz_testbench_siii/sensor_ecu/Applications/CANzero/dbc-cpp/dbc_parser.hpp:93:17:bool can::checkRxMessage(const RxMessage&) [with MESSAGE = can::messages::SENSOR_SDO_Req_Up]	16	static
C:/Users/OfficeLaptop/Documents/GitHub/mz_testbench_siii/sensor_ecu/Applications/CANzero/dbc-cpp/dbc_parser.hpp:93:17:bool can::checkRxMessage(const RxMessage&) [with MESSAGE = can::messages::SENSOR_SDO_Req_Down]	16	static
