/app/stm32cubeide/plugins/com.st.stm32cube.ide.mcu.externaltools.gnu-tools-for-stm32.10.3-2021.10.linux64_1.0.200.202301161003/tools/arm-none-eabi/include/c++/10.3.1/bits/std_function.h:240:5:std::_Function_base::_Function_base()	16	static
/app/stm32cubeide/plugins/com.st.stm32cube.ide.mcu.externaltools.gnu-tools-for-stm32.10.3-2021.10.linux64_1.0.200.202301161003/tools/arm-none-eabi/include/c++/10.3.1/bits/std_function.h:242:5:std::_Function_base::~_Function_base()	16	static
/app/stm32cubeide/plugins/com.st.stm32cube.ide.mcu.externaltools.gnu-tools-for-stm32.10.3-2021.10.linux64_1.0.200.202301161003/tools/arm-none-eabi/include/c++/10.3.1/bits/std_function.h:248:10:bool std::_Function_base::_M_empty() const	16	static
/app/stm32cubeide/plugins/com.st.stm32cube.ide.mcu.externaltools.gnu-tools-for-stm32.10.3-2021.10.linux64_1.0.200.202301161003/tools/arm-none-eabi/include/c++/10.3.1/bits/std_function.h:303:11:std::function<void(TIM_HandleTypeDef*)>::~function()	16	static
/home/karlsassie/Documents/mu-zero/git/mz_testbench_siii/sensor_ecu/Lib/Inc/TimPeriodElapsedCallbackHandler.hpp:41:2:TimPeriodElapsedCallbackHandler::TimPeriodElapsedCallbackHandler()	24	static
/home/karlsassie/Documents/mu-zero/git/mz_testbench_siii/sensor_ecu/Lib/Inc/TimPeriodElapsedCallbackHandler.hpp:14:7:TimPeriodElapsedCallbackHandler::~TimPeriodElapsedCallbackHandler()	24	static
/home/karlsassie/Documents/mu-zero/git/mz_testbench_siii/sensor_ecu/Lib/Inc/TimPeriodElapsedCallbackHandler.hpp:18:42:void __tcf_0()	8	static
/home/karlsassie/Documents/mu-zero/git/mz_testbench_siii/sensor_ecu/Lib/Inc/TimPeriodElapsedCallbackHandler.hpp:17:42:static TimPeriodElapsedCallbackHandler& TimPeriodElapsedCallbackHandler::getInstance()	8	static
/home/karlsassie/Documents/mu-zero/git/mz_testbench_siii/sensor_ecu/Lib/Inc/TimPeriodElapsedCallbackHandler.hpp:34:7:void TimPeriodElapsedCallbackHandler::notify(TIM_HandleTypeDef*)	24	static
../Lib/Src/TimPeriodElapsedCallbackHandler.cpp:15:6:void PeriodElapsedCallback(TIM_HandleTypeDef*)	16	static
/app/stm32cubeide/plugins/com.st.stm32cube.ide.mcu.externaltools.gnu-tools-for-stm32.10.3-2021.10.linux64_1.0.200.202301161003/tools/arm-none-eabi/include/c++/10.3.1/bits/std_function.h:330:7:)>::function() [with _Res = void; _ArgTypes = {TIM_HandleTypeDef*}]	16	static
/app/stm32cubeide/plugins/com.st.stm32cube.ide.mcu.externaltools.gnu-tools-for-stm32.10.3-2021.10.linux64_1.0.200.202301161003/tools/arm-none-eabi/include/c++/10.3.1/bits/std_function.h:617:5:) const [with _Res = void; _ArgTypes = {TIM_HandleTypeDef*}]	24	static
/app/stm32cubeide/plugins/com.st.stm32cube.ide.mcu.externaltools.gnu-tools-for-stm32.10.3-2021.10.linux64_1.0.200.202301161003/tools/arm-none-eabi/include/c++/10.3.1/bits/move.h:76:5:constexpr _Tp&& std::forward(typename std::remove_reference<_Tp>::type&) [with _Tp = TIM_HandleTypeDef*]	16	static
