C:/Users/OfficeLaptop/Documents/GitHub/mz_testbench_siii/sensor_ecu/Applications/Inc/ICM20602.hpp:134:15:float ICM20602::getAccelX()	16	static
C:/Users/OfficeLaptop/Documents/GitHub/mz_testbench_siii/sensor_ecu/Applications/Inc/ICM20602.hpp:140:15:float ICM20602::getAccelY()	16	static
C:/Users/OfficeLaptop/Documents/GitHub/mz_testbench_siii/sensor_ecu/Applications/Inc/ICM20602.hpp:146:15:float ICM20602::getAccelZ()	16	static
C:/Users/OfficeLaptop/Documents/GitHub/mz_testbench_siii/sensor_ecu/Applications/Inc/ICM20602.hpp:152:15:float ICM20602::getTemperature()	16	static
C:/Users/OfficeLaptop/Documents/GitHub/mz_testbench_siii/sensor_ecu/Applications/Inc/ICM20602.hpp:158:15:float ICM20602::getGyroX()	16	static
C:/Users/OfficeLaptop/Documents/GitHub/mz_testbench_siii/sensor_ecu/Applications/Inc/ICM20602.hpp:164:15:float ICM20602::getGyroY()	16	static
C:/Users/OfficeLaptop/Documents/GitHub/mz_testbench_siii/sensor_ecu/Applications/Inc/ICM20602.hpp:170:15:float ICM20602::getGyroZ()	16	static
../Applications/Src/ImuMaster.cpp:17:1:ImuMaster::ImuMaster()	24	static
../Applications/Src/ImuMaster.cpp:22:1:ImuMaster::~ImuMaster()	16	static
../Applications/Src/ImuMaster.cpp:22:1:virtual ImuMaster::~ImuMaster()	16	static
../Applications/Src/ImuMaster.cpp:26:6:bool ImuMaster::start()	16	static
../Applications/Src/ImuMaster.cpp:58:6:void ImuMaster::resetValues()	16	static
../Applications/Src/ImuMaster.cpp:64:6:bool ImuMaster::syncRead()	16	static
