/app/stm32cubeide/plugins/com.st.stm32cube.ide.mcu.externaltools.gnu-tools-for-stm32.10.3-2021.10.linux64_1.0.200.202301161003/tools/arm-none-eabi/include/c++/10.3.1/cmath:1756:3:constexpr float std::round(float)	16	static
/home/karlsassie/Documents/mu-zero/git/mz_testbench_siii/sensor_ecu/Applications/CANzero/dbc-cpp/dbc_parser.hpp:151:9:can::MessageBase::MessageBase(uint32_t, uint8_t, bool)	24	static
/home/karlsassie/Documents/mu-zero/git/mz_testbench_siii/sensor_ecu/Applications/CANzero/dbc-cpp/dbc_parser.hpp:153:9:can::MessageBase::MessageBase(uint32_t, uint8_t, bool, const uint8_t*)	168	static
/home/karlsassie/Documents/mu-zero/git/mz_testbench_siii/sensor_ecu/Applications/CANzero/dbc-cpp/dbc_parser.hpp:184:14:void can::MessageBase::toBuf(CAN_TxHeaderTypeDef&, uint8_t*, can::CAN_BusTypeDef) const	24	static
/home/karlsassie/Documents/mu-zero/git/mz_testbench_siii/sensor_ecu/Applications/CANZero_static/Inc/cz_typedefinitions.hpp:18:8:TxMessage::TxMessage()	16	static
/home/karlsassie/Documents/mu-zero/git/mz_testbench_siii/sensor_ecu/Applications/CANzero/dbc-cpp/dbc_parser.hpp:213:19:TxMessage can::MessageBase::getTxMessage(can::CAN_BusTypeDef) const	24	static
/home/karlsassie/Documents/mu-zero/git/mz_testbench_siii/sensor_ecu/Applications/CANzero/dbc-cpp/dbc_parser.hpp:220:14:void can::MessageBase::send(can::CAN_BusTypeDef) const	48	static
/home/karlsassie/Documents/mu-zero/git/mz_testbench_siii/sensor_ecu/Applications/CANzero/dbc-cpp/dbc_parser.hpp:479:42:static constexpr void can::signals::PDU_RX_LPCh4_Enable::set(uint64_t&, uint64_t&, uint8_t&, bool)	48	static
/home/karlsassie/Documents/mu-zero/git/mz_testbench_siii/sensor_ecu/Applications/CANzero/dbc-cpp/dbc_parser.hpp:493:42:static constexpr void can::signals::PDU_RX_LPCh5_Enable::set(uint64_t&, uint64_t&, uint8_t&, bool)	64	static
/home/karlsassie/Documents/mu-zero/git/mz_testbench_siii/sensor_ecu/Applications/CANzero/dbc-cpp/dbc_parser.hpp:507:42:static constexpr void can::signals::PDU_RX_LPCh6_Enable::set(uint64_t&, uint64_t&, uint8_t&, bool)	56	static
/home/karlsassie/Documents/mu-zero/git/mz_testbench_siii/sensor_ecu/Applications/CANzero/dbc-cpp/dbc_parser.hpp:521:42:static constexpr void can::signals::PDU_RX_LPCh7_Enable::set(uint64_t&, uint64_t&, uint8_t&, bool)	56	static
/home/karlsassie/Documents/mu-zero/git/mz_testbench_siii/sensor_ecu/Applications/CANzero/dbc-cpp/dbc_parser.hpp:4360:42:static constexpr bool can::signals::PDU_TX_Enabled::get(const uint64_t&, const uint64_t&)	24	static
/home/karlsassie/Documents/mu-zero/git/mz_testbench_siii/sensor_ecu/Applications/CANzero/dbc-cpp/dbc_parser.hpp:4396:42:static constexpr bool can::signals::PDU_TX_PEHWEnabled::get(const uint64_t&, const uint64_t&)	24	static
/home/karlsassie/Documents/mu-zero/git/mz_testbench_siii/sensor_ecu/Applications/CANzero/dbc-cpp/dbc_parser.hpp:4410:42:static constexpr void can::signals::PDU_RX_Enable::set(uint64_t&, uint64_t&, uint8_t&, bool)	48	static
/home/karlsassie/Documents/mu-zero/git/mz_testbench_siii/sensor_ecu/Applications/CANzero/dbc-cpp/dbc_parser.hpp:4446:42:static constexpr void can::signals::PDU_RX_PEHWEnable::set(uint64_t&, uint64_t&, uint8_t&, bool)	56	static
/home/karlsassie/Documents/mu-zero/git/mz_testbench_siii/sensor_ecu/Applications/CANzero/dbc-cpp/dbc_parser.hpp:4476:43:static constexpr float can::signals::PDU_HPCh1_Current::get(const uint64_t&, const uint64_t&)	24	static
/home/karlsassie/Documents/mu-zero/git/mz_testbench_siii/sensor_ecu/Applications/CANzero/dbc-cpp/dbc_parser.hpp:4498:43:static constexpr float can::signals::PDU_HPCh2_Current::get(const uint64_t&, const uint64_t&)	24	static
/home/karlsassie/Documents/mu-zero/git/mz_testbench_siii/sensor_ecu/Applications/CANzero/dbc-cpp/dbc_parser.hpp:4520:43:static constexpr float can::signals::PDU_HPCh3_Current::get(const uint64_t&, const uint64_t&)	24	static
/home/karlsassie/Documents/mu-zero/git/mz_testbench_siii/sensor_ecu/Applications/CANzero/dbc-cpp/dbc_parser.hpp:4542:43:static constexpr float can::signals::PDU_HPCh4_Current::get(const uint64_t&, const uint64_t&)	24	static
/home/karlsassie/Documents/mu-zero/git/mz_testbench_siii/sensor_ecu/Applications/CANzero/dbc-cpp/dbc_parser.hpp:4554:42:static constexpr void can::signals::PDU_LPCh1_Dutycycle::set(uint64_t&, uint64_t&, uint8_t&, float)	56	static
/home/karlsassie/Documents/mu-zero/git/mz_testbench_siii/sensor_ecu/Applications/CANzero/dbc-cpp/dbc_parser.hpp:4579:42:static constexpr void can::signals::PDU_LPCh10_Dutycycle::set(uint64_t&, uint64_t&, uint8_t&, float)	64	static
/home/karlsassie/Documents/mu-zero/git/mz_testbench_siii/sensor_ecu/Applications/CANzero/dbc-cpp/dbc_parser.hpp:4604:42:static constexpr void can::signals::PDU_LPCh2_Dutycycle::set(uint64_t&, uint64_t&, uint8_t&, float)	64	static
/home/karlsassie/Documents/mu-zero/git/mz_testbench_siii/sensor_ecu/Applications/CANzero/dbc-cpp/dbc_parser.hpp:4629:42:static constexpr void can::signals::PDU_LPCh3_Dutycycle::set(uint64_t&, uint64_t&, uint8_t&, float)	72	static
/home/karlsassie/Documents/mu-zero/git/mz_testbench_siii/sensor_ecu/Applications/CANzero/dbc-cpp/dbc_parser.hpp:4654:42:static constexpr void can::signals::PDU_LPCh8_Dutycycle::set(uint64_t&, uint64_t&, uint8_t&, float)	64	static
/home/karlsassie/Documents/mu-zero/git/mz_testbench_siii/sensor_ecu/Applications/CANzero/dbc-cpp/dbc_parser.hpp:4679:42:static constexpr void can::signals::PDU_LPCh9_Dutycycle::set(uint64_t&, uint64_t&, uint8_t&, float)	64	static
/home/karlsassie/Documents/mu-zero/git/mz_testbench_siii/sensor_ecu/Applications/CANzero/dbc-cpp/dbc_parser.hpp:4704:42:static constexpr void can::signals::PDU_HPCh1_Dutycycle::set(uint64_t&, uint64_t&, uint8_t&, float)	56	static
/home/karlsassie/Documents/mu-zero/git/mz_testbench_siii/sensor_ecu/Applications/CANzero/dbc-cpp/dbc_parser.hpp:4729:42:static constexpr void can::signals::PDU_HPCh2_Dutycycle::set(uint64_t&, uint64_t&, uint8_t&, float)	64	static
/home/karlsassie/Documents/mu-zero/git/mz_testbench_siii/sensor_ecu/Applications/CANzero/dbc-cpp/dbc_parser.hpp:4864:43:static constexpr float can::signals::PDU_LPCh1_Current::get(const uint64_t&, const uint64_t&)	24	static
/home/karlsassie/Documents/mu-zero/git/mz_testbench_siii/sensor_ecu/Applications/CANzero/dbc-cpp/dbc_parser.hpp:4886:43:static constexpr float can::signals::PDU_LPCh2_Current::get(const uint64_t&, const uint64_t&)	24	static
/home/karlsassie/Documents/mu-zero/git/mz_testbench_siii/sensor_ecu/Applications/CANzero/dbc-cpp/dbc_parser.hpp:4908:43:static constexpr float can::signals::PDU_LPCh3_Current::get(const uint64_t&, const uint64_t&)	24	static
/home/karlsassie/Documents/mu-zero/git/mz_testbench_siii/sensor_ecu/Applications/CANzero/dbc-cpp/dbc_parser.hpp:4930:43:static constexpr float can::signals::PDU_LPCh4_Current::get(const uint64_t&, const uint64_t&)	24	static
/home/karlsassie/Documents/mu-zero/git/mz_testbench_siii/sensor_ecu/Applications/CANzero/dbc-cpp/dbc_parser.hpp:4952:43:static constexpr float can::signals::PDU_LPCh5_Current::get(const uint64_t&, const uint64_t&)	24	static
/home/karlsassie/Documents/mu-zero/git/mz_testbench_siii/sensor_ecu/Applications/CANzero/dbc-cpp/dbc_parser.hpp:4974:43:static constexpr float can::signals::PDU_LPCh10_Current::get(const uint64_t&, const uint64_t&)	24	static
/home/karlsassie/Documents/mu-zero/git/mz_testbench_siii/sensor_ecu/Applications/CANzero/dbc-cpp/dbc_parser.hpp:4996:43:static constexpr float can::signals::PDU_LPCh6_Current::get(const uint64_t&, const uint64_t&)	24	static
/home/karlsassie/Documents/mu-zero/git/mz_testbench_siii/sensor_ecu/Applications/CANzero/dbc-cpp/dbc_parser.hpp:5018:43:static constexpr float can::signals::PDU_LPCh7_Current::get(const uint64_t&, const uint64_t&)	24	static
/home/karlsassie/Documents/mu-zero/git/mz_testbench_siii/sensor_ecu/Applications/CANzero/dbc-cpp/dbc_parser.hpp:5040:43:static constexpr float can::signals::PDU_LPCh8_Current::get(const uint64_t&, const uint64_t&)	24	static
/home/karlsassie/Documents/mu-zero/git/mz_testbench_siii/sensor_ecu/Applications/CANzero/dbc-cpp/dbc_parser.hpp:5062:43:static constexpr float can::signals::PDU_LPCh9_Current::get(const uint64_t&, const uint64_t&)	24	static
/app/stm32cubeide/plugins/com.st.stm32cube.ide.mcu.externaltools.gnu-tools-for-stm32.10.3-2021.10.linux64_1.0.200.202301161003/tools/arm-none-eabi/include/c++/10.3.1/new:174:33:void* operator new(std::size_t, void*)	16	static
/app/stm32cubeide/plugins/com.st.stm32cube.ide.mcu.externaltools.gnu-tools-for-stm32.10.3-2021.10.linux64_1.0.200.202301161003/tools/arm-none-eabi/include/c++/10.3.1/bits/std_function.h:87:17:void* std::_Any_data::_M_access()	16	static
/app/stm32cubeide/plugins/com.st.stm32cube.ide.mcu.externaltools.gnu-tools-for-stm32.10.3-2021.10.linux64_1.0.200.202301161003/tools/arm-none-eabi/include/c++/10.3.1/bits/std_function.h:88:17:const void* std::_Any_data::_M_access() const	16	static
/app/stm32cubeide/plugins/com.st.stm32cube.ide.mcu.externaltools.gnu-tools-for-stm32.10.3-2021.10.linux64_1.0.200.202301161003/tools/arm-none-eabi/include/c++/10.3.1/bits/std_function.h:240:5:std::_Function_base::_Function_base()	16	static
/app/stm32cubeide/plugins/com.st.stm32cube.ide.mcu.externaltools.gnu-tools-for-stm32.10.3-2021.10.linux64_1.0.200.202301161003/tools/arm-none-eabi/include/c++/10.3.1/bits/std_function.h:242:5:std::_Function_base::~_Function_base()	16	static
/app/stm32cubeide/plugins/com.st.stm32cube.ide.mcu.externaltools.gnu-tools-for-stm32.10.3-2021.10.linux64_1.0.200.202301161003/tools/arm-none-eabi/include/c++/10.3.1/bits/std_function.h:248:10:bool std::_Function_base::_M_empty() const	16	static
../Applications/Src/pdu_control.cpp:20:7:bool pdu::PduStatus::operator==(const pdu::PduStatus&) const	16	static
../Applications/Src/pdu_control.cpp:24:7:bool pdu::PduStatus::operator!=(const pdu::PduStatus&) const	16	static
../Applications/Src/pdu_control.cpp:68:7:bool pdu::HpChannelConfig::operator==(const pdu::HpChannelConfig&) const	24	static
../Applications/Src/pdu_control.cpp:74:7:bool pdu::HpChannelConfig::operator!=(const pdu::HpChannelConfig&) const	16	static
../Applications/Src/pdu_control.cpp:84:6:void pdu::enableChannel(pdu::HpChannel)	16	static
../Applications/Src/pdu_control.cpp:88:6:void pdu::disableChannel(pdu::HpChannel)	16	static
../Applications/Src/pdu_control.cpp:92:6:void pdu::enableChannel(pdu::LpChannel)	16	static
../Applications/Src/pdu_control.cpp:102:6:void pdu::disableChannel(pdu::LpChannel)	16	static
../Applications/Src/pdu_control.cpp:112:15:pdu::ChannelStatus pdu::getChannelStatus(pdu::LpChannel)	24	static
../Applications/Src/pdu_control.cpp:129:15:pdu::ChannelStatus pdu::getChannelStatus(pdu::HpChannel)	24	static
/home/karlsassie/Documents/mu-zero/git/mz_testbench_siii/sensor_ecu/Applications/CANzero/dbc-cpp/dbc_parser.hpp:270:19:constexpr can::Message<MESSAGE_T>::Message(const CAN_RxHeaderTypeDef&, const uint8_t*) [with MESSAGE_T = can::messages::PDU_TX_Status]	32	static
/home/karlsassie/Documents/mu-zero/git/mz_testbench_siii/sensor_ecu/Applications/CANzero/dbc-cpp/dbc_parser.hpp:284:19:constexpr can::Message<MESSAGE_T>::Message(const RxMessage&) [with MESSAGE_T = can::messages::PDU_TX_Status]	16	static
../Applications/Src/pdu_control.cpp:148:6:void pdu::receiveTxStatus(RxMessage&)	40	static
/home/karlsassie/Documents/mu-zero/git/mz_testbench_siii/sensor_ecu/Applications/CANzero/dbc-cpp/dbc_parser.hpp:270:19:constexpr can::Message<MESSAGE_T>::Message(const CAN_RxHeaderTypeDef&, const uint8_t*) [with MESSAGE_T = can::messages::PDU_TX_HP_Current]	32	static
/home/karlsassie/Documents/mu-zero/git/mz_testbench_siii/sensor_ecu/Applications/CANzero/dbc-cpp/dbc_parser.hpp:284:19:constexpr can::Message<MESSAGE_T>::Message(const RxMessage&) [with MESSAGE_T = can::messages::PDU_TX_HP_Current]	16	static
../Applications/Src/pdu_control.cpp:154:6:void pdu::receiveHpDutycycle(RxMessage&)	40	static
/home/karlsassie/Documents/mu-zero/git/mz_testbench_siii/sensor_ecu/Applications/CANzero/dbc-cpp/dbc_parser.hpp:270:19:constexpr can::Message<MESSAGE_T>::Message(const CAN_RxHeaderTypeDef&, const uint8_t*) [with MESSAGE_T = can::messages::PDU_TX_LP_Current1]	32	static
/home/karlsassie/Documents/mu-zero/git/mz_testbench_siii/sensor_ecu/Applications/CANzero/dbc-cpp/dbc_parser.hpp:284:19:constexpr can::Message<MESSAGE_T>::Message(const RxMessage&) [with MESSAGE_T = can::messages::PDU_TX_LP_Current1]	16	static
../Applications/Src/pdu_control.cpp:162:6:void pdu::receiveLp1to5Dutycycle(RxMessage&)	48	static
/home/karlsassie/Documents/mu-zero/git/mz_testbench_siii/sensor_ecu/Applications/CANzero/dbc-cpp/dbc_parser.hpp:270:19:constexpr can::Message<MESSAGE_T>::Message(const CAN_RxHeaderTypeDef&, const uint8_t*) [with MESSAGE_T = can::messages::PDU_TX_LP_Current2]	32	static
/home/karlsassie/Documents/mu-zero/git/mz_testbench_siii/sensor_ecu/Applications/CANzero/dbc-cpp/dbc_parser.hpp:284:19:constexpr can::Message<MESSAGE_T>::Message(const RxMessage&) [with MESSAGE_T = can::messages::PDU_TX_LP_Current2]	16	static
../Applications/Src/pdu_control.cpp:171:6:void pdu::receiveLp6to10Dutycycle(RxMessage&)	48	static
/app/stm32cubeide/plugins/com.st.stm32cube.ide.mcu.externaltools.gnu-tools-for-stm32.10.3-2021.10.linux64_1.0.200.202301161003/tools/arm-none-eabi/include/c++/10.3.1/bits/std_function.h:303:11:std::function<void(RxMessage&)>::~function()	16	static
../Applications/Src/pdu_control.cpp:181:6:void pdu::init()	72	static
/home/karlsassie/Documents/mu-zero/git/mz_testbench_siii/sensor_ecu/Applications/CANzero/dbc-cpp/dbc_parser.hpp:264:19:constexpr can::Message<MESSAGE_T>::Message() [with MESSAGE_T = can::messages::PDU_RX_Control]	16	static
/home/karlsassie/Documents/mu-zero/git/mz_testbench_siii/sensor_ecu/Applications/CANzero/dbc-cpp/dbc_parser.hpp:264:19:constexpr can::Message<MESSAGE_T>::Message() [with MESSAGE_T = can::messages::PDU_RX_LP_Dutycycle]	16	static
/home/karlsassie/Documents/mu-zero/git/mz_testbench_siii/sensor_ecu/Applications/CANzero/dbc-cpp/dbc_parser.hpp:264:19:constexpr can::Message<MESSAGE_T>::Message() [with MESSAGE_T = can::messages::PDU_RX_LP_Enable]	16	static
/home/karlsassie/Documents/mu-zero/git/mz_testbench_siii/sensor_ecu/Applications/CANzero/dbc-cpp/dbc_parser.hpp:264:19:constexpr can::Message<MESSAGE_T>::Message() [with MESSAGE_T = can::messages::PDU_RX_HP_D_Dutycycle]	16	static
../Applications/Src/pdu_control.cpp:190:6:void pdu::update()	104	static
/home/karlsassie/Documents/mu-zero/git/mz_testbench_siii/sensor_ecu/Applications/CANzero/dbc-cpp/dbc_parser.hpp:295:30:typename T::dataType can::Message<MESSAGE_T>::get() [with T = can::signals::PDU_TX_Enabled; MESSAGE_T = can::messages::PDU_TX_Status]	16	static
/home/karlsassie/Documents/mu-zero/git/mz_testbench_siii/sensor_ecu/Applications/CANzero/dbc-cpp/dbc_parser.hpp:295:30:typename T::dataType can::Message<MESSAGE_T>::get() [with T = can::signals::PDU_TX_PEHWEnabled; MESSAGE_T = can::messages::PDU_TX_Status]	16	static
/home/karlsassie/Documents/mu-zero/git/mz_testbench_siii/sensor_ecu/Applications/CANzero/dbc-cpp/dbc_parser.hpp:295:30:typename T::dataType can::Message<MESSAGE_T>::get() [with T = can::signals::PDU_HPCh1_Current; MESSAGE_T = can::messages::PDU_TX_HP_Current]	16	static
/home/karlsassie/Documents/mu-zero/git/mz_testbench_siii/sensor_ecu/Applications/CANzero/dbc-cpp/dbc_parser.hpp:295:30:typename T::dataType can::Message<MESSAGE_T>::get() [with T = can::signals::PDU_HPCh2_Current; MESSAGE_T = can::messages::PDU_TX_HP_Current]	16	static
/home/karlsassie/Documents/mu-zero/git/mz_testbench_siii/sensor_ecu/Applications/CANzero/dbc-cpp/dbc_parser.hpp:295:30:typename T::dataType can::Message<MESSAGE_T>::get() [with T = can::signals::PDU_HPCh3_Current; MESSAGE_T = can::messages::PDU_TX_HP_Current]	16	static
/home/karlsassie/Documents/mu-zero/git/mz_testbench_siii/sensor_ecu/Applications/CANzero/dbc-cpp/dbc_parser.hpp:295:30:typename T::dataType can::Message<MESSAGE_T>::get() [with T = can::signals::PDU_HPCh4_Current; MESSAGE_T = can::messages::PDU_TX_HP_Current]	16	static
/home/karlsassie/Documents/mu-zero/git/mz_testbench_siii/sensor_ecu/Applications/CANzero/dbc-cpp/dbc_parser.hpp:295:30:typename T::dataType can::Message<MESSAGE_T>::get() [with T = can::signals::PDU_LPCh1_Current; MESSAGE_T = can::messages::PDU_TX_LP_Current1]	16	static
/home/karlsassie/Documents/mu-zero/git/mz_testbench_siii/sensor_ecu/Applications/CANzero/dbc-cpp/dbc_parser.hpp:295:30:typename T::dataType can::Message<MESSAGE_T>::get() [with T = can::signals::PDU_LPCh2_Current; MESSAGE_T = can::messages::PDU_TX_LP_Current1]	16	static
/home/karlsassie/Documents/mu-zero/git/mz_testbench_siii/sensor_ecu/Applications/CANzero/dbc-cpp/dbc_parser.hpp:295:30:typename T::dataType can::Message<MESSAGE_T>::get() [with T = can::signals::PDU_LPCh3_Current; MESSAGE_T = can::messages::PDU_TX_LP_Current1]	16	static
/home/karlsassie/Documents/mu-zero/git/mz_testbench_siii/sensor_ecu/Applications/CANzero/dbc-cpp/dbc_parser.hpp:295:30:typename T::dataType can::Message<MESSAGE_T>::get() [with T = can::signals::PDU_LPCh4_Current; MESSAGE_T = can::messages::PDU_TX_LP_Current1]	16	static
/home/karlsassie/Documents/mu-zero/git/mz_testbench_siii/sensor_ecu/Applications/CANzero/dbc-cpp/dbc_parser.hpp:295:30:typename T::dataType can::Message<MESSAGE_T>::get() [with T = can::signals::PDU_LPCh5_Current; MESSAGE_T = can::messages::PDU_TX_LP_Current1]	16	static
/home/karlsassie/Documents/mu-zero/git/mz_testbench_siii/sensor_ecu/Applications/CANzero/dbc-cpp/dbc_parser.hpp:295:30:typename T::dataType can::Message<MESSAGE_T>::get() [with T = can::signals::PDU_LPCh6_Current; MESSAGE_T = can::messages::PDU_TX_LP_Current2]	16	static
/home/karlsassie/Documents/mu-zero/git/mz_testbench_siii/sensor_ecu/Applications/CANzero/dbc-cpp/dbc_parser.hpp:295:30:typename T::dataType can::Message<MESSAGE_T>::get() [with T = can::signals::PDU_LPCh7_Current; MESSAGE_T = can::messages::PDU_TX_LP_Current2]	16	static
/home/karlsassie/Documents/mu-zero/git/mz_testbench_siii/sensor_ecu/Applications/CANzero/dbc-cpp/dbc_parser.hpp:295:30:typename T::dataType can::Message<MESSAGE_T>::get() [with T = can::signals::PDU_LPCh8_Current; MESSAGE_T = can::messages::PDU_TX_LP_Current2]	16	static
/home/karlsassie/Documents/mu-zero/git/mz_testbench_siii/sensor_ecu/Applications/CANzero/dbc-cpp/dbc_parser.hpp:295:30:typename T::dataType can::Message<MESSAGE_T>::get() [with T = can::signals::PDU_LPCh9_Current; MESSAGE_T = can::messages::PDU_TX_LP_Current2]	16	static
/home/karlsassie/Documents/mu-zero/git/mz_testbench_siii/sensor_ecu/Applications/CANzero/dbc-cpp/dbc_parser.hpp:295:30:typename T::dataType can::Message<MESSAGE_T>::get() [with T = can::signals::PDU_LPCh10_Current; MESSAGE_T = can::messages::PDU_TX_LP_Current2]	16	static
/app/stm32cubeide/plugins/com.st.stm32cube.ide.mcu.externaltools.gnu-tools-for-stm32.10.3-2021.10.linux64_1.0.200.202301161003/tools/arm-none-eabi/include/c++/10.3.1/bits/std_function.h:601:7:)>::function(_Functor) [with _Functor = void (*)(RxMessage&); <template-parameter-2-2> = void; <template-parameter-2-3> = void; _Res = void; _ArgTypes = {RxMessage&}]	24	static
/home/karlsassie/Documents/mu-zero/git/mz_testbench_siii/sensor_ecu/Applications/CANZero_static/Inc/cz_message_receiver.hpp:30:21:unsigned int can::registerMessageReceiver(std::function<void(RxMessage&)>) [with MESSAGE = can::messages::PDU_TX_Status]	40	static
/home/karlsassie/Documents/mu-zero/git/mz_testbench_siii/sensor_ecu/Applications/CANZero_static/Inc/cz_message_receiver.hpp:30:21:unsigned int can::registerMessageReceiver(std::function<void(RxMessage&)>) [with MESSAGE = can::messages::PDU_TX_HP_Current]	40	static
/home/karlsassie/Documents/mu-zero/git/mz_testbench_siii/sensor_ecu/Applications/CANZero_static/Inc/cz_message_receiver.hpp:30:21:unsigned int can::registerMessageReceiver(std::function<void(RxMessage&)>) [with MESSAGE = can::messages::PDU_TX_LP_Current1]	40	static
/home/karlsassie/Documents/mu-zero/git/mz_testbench_siii/sensor_ecu/Applications/CANZero_static/Inc/cz_message_receiver.hpp:30:21:unsigned int can::registerMessageReceiver(std::function<void(RxMessage&)>) [with MESSAGE = can::messages::PDU_TX_LP_Current2]	40	static
/home/karlsassie/Documents/mu-zero/git/mz_testbench_siii/sensor_ecu/Applications/CANzero/dbc-cpp/dbc_parser.hpp:288:14:void can::Message<MESSAGE_T>::set(typename T::dataType) [with T = can::signals::PDU_RX_Enable; MESSAGE_T = can::messages::PDU_RX_Control]	16	static
/home/karlsassie/Documents/mu-zero/git/mz_testbench_siii/sensor_ecu/Applications/CANzero/dbc-cpp/dbc_parser.hpp:288:14:void can::Message<MESSAGE_T>::set(typename T::dataType) [with T = can::signals::PDU_RX_PEHWEnable; MESSAGE_T = can::messages::PDU_RX_Control]	16	static
/home/karlsassie/Documents/mu-zero/git/mz_testbench_siii/sensor_ecu/Applications/CANzero/dbc-cpp/dbc_parser.hpp:288:14:void can::Message<MESSAGE_T>::set(typename T::dataType) [with T = can::signals::PDU_LPCh1_Dutycycle; MESSAGE_T = can::messages::PDU_RX_LP_Dutycycle]	16	static
/home/karlsassie/Documents/mu-zero/git/mz_testbench_siii/sensor_ecu/Applications/CANzero/dbc-cpp/dbc_parser.hpp:288:14:void can::Message<MESSAGE_T>::set(typename T::dataType) [with T = can::signals::PDU_LPCh2_Dutycycle; MESSAGE_T = can::messages::PDU_RX_LP_Dutycycle]	16	static
/home/karlsassie/Documents/mu-zero/git/mz_testbench_siii/sensor_ecu/Applications/CANzero/dbc-cpp/dbc_parser.hpp:288:14:void can::Message<MESSAGE_T>::set(typename T::dataType) [with T = can::signals::PDU_LPCh3_Dutycycle; MESSAGE_T = can::messages::PDU_RX_LP_Dutycycle]	16	static
/home/karlsassie/Documents/mu-zero/git/mz_testbench_siii/sensor_ecu/Applications/CANzero/dbc-cpp/dbc_parser.hpp:288:14:void can::Message<MESSAGE_T>::set(typename T::dataType) [with T = can::signals::PDU_LPCh8_Dutycycle; MESSAGE_T = can::messages::PDU_RX_LP_Dutycycle]	16	static
/home/karlsassie/Documents/mu-zero/git/mz_testbench_siii/sensor_ecu/Applications/CANzero/dbc-cpp/dbc_parser.hpp:288:14:void can::Message<MESSAGE_T>::set(typename T::dataType) [with T = can::signals::PDU_LPCh9_Dutycycle; MESSAGE_T = can::messages::PDU_RX_LP_Dutycycle]	16	static
/home/karlsassie/Documents/mu-zero/git/mz_testbench_siii/sensor_ecu/Applications/CANzero/dbc-cpp/dbc_parser.hpp:288:14:void can::Message<MESSAGE_T>::set(typename T::dataType) [with T = can::signals::PDU_LPCh10_Dutycycle; MESSAGE_T = can::messages::PDU_RX_LP_Dutycycle]	16	static
/home/karlsassie/Documents/mu-zero/git/mz_testbench_siii/sensor_ecu/Applications/CANzero/dbc-cpp/dbc_parser.hpp:288:14:void can::Message<MESSAGE_T>::set(typename T::dataType) [with T = can::signals::PDU_RX_LPCh4_Enable; MESSAGE_T = can::messages::PDU_RX_LP_Enable]	16	static
/home/karlsassie/Documents/mu-zero/git/mz_testbench_siii/sensor_ecu/Applications/CANzero/dbc-cpp/dbc_parser.hpp:288:14:void can::Message<MESSAGE_T>::set(typename T::dataType) [with T = can::signals::PDU_RX_LPCh5_Enable; MESSAGE_T = can::messages::PDU_RX_LP_Enable]	16	static
/home/karlsassie/Documents/mu-zero/git/mz_testbench_siii/sensor_ecu/Applications/CANzero/dbc-cpp/dbc_parser.hpp:288:14:void can::Message<MESSAGE_T>::set(typename T::dataType) [with T = can::signals::PDU_RX_LPCh6_Enable; MESSAGE_T = can::messages::PDU_RX_LP_Enable]	16	static
/home/karlsassie/Documents/mu-zero/git/mz_testbench_siii/sensor_ecu/Applications/CANzero/dbc-cpp/dbc_parser.hpp:288:14:void can::Message<MESSAGE_T>::set(typename T::dataType) [with T = can::signals::PDU_RX_LPCh7_Enable; MESSAGE_T = can::messages::PDU_RX_LP_Enable]	16	static
/home/karlsassie/Documents/mu-zero/git/mz_testbench_siii/sensor_ecu/Applications/CANzero/dbc-cpp/dbc_parser.hpp:288:14:void can::Message<MESSAGE_T>::set(typename T::dataType) [with T = can::signals::PDU_HPCh1_Dutycycle; MESSAGE_T = can::messages::PDU_RX_HP_D_Dutycycle]	16	static
/home/karlsassie/Documents/mu-zero/git/mz_testbench_siii/sensor_ecu/Applications/CANzero/dbc-cpp/dbc_parser.hpp:288:14:void can::Message<MESSAGE_T>::set(typename T::dataType) [with T = can::signals::PDU_HPCh2_Dutycycle; MESSAGE_T = can::messages::PDU_RX_HP_D_Dutycycle]	16	static
/app/stm32cubeide/plugins/com.st.stm32cube.ide.mcu.externaltools.gnu-tools-for-stm32.10.3-2021.10.linux64_1.0.200.202301161003/tools/arm-none-eabi/include/c++/10.3.1/bits/std_function.h:217:4:static bool std::_Function_base::_Base_manager<_Functor>::_M_not_empty_function(_Tp*) [with _Tp = void(RxMessage&); _Functor = void (*)(RxMessage&)]	16	static
/app/stm32cubeide/plugins/com.st.stm32cube.ide.mcu.externaltools.gnu-tools-for-stm32.10.3-2021.10.linux64_1.0.200.202301161003/tools/arm-none-eabi/include/c++/10.3.1/bits/move.h:101:5:constexpr typename std::remove_reference<_Tp>::type&& std::move(_Tp&&) [with _Tp = void (*&)(RxMessage&)]	16	static
/app/stm32cubeide/plugins/com.st.stm32cube.ide.mcu.externaltools.gnu-tools-for-stm32.10.3-2021.10.linux64_1.0.200.202301161003/tools/arm-none-eabi/include/c++/10.3.1/bits/std_function.h:207:2:static void std::_Function_base::_Base_manager<_Functor>::_M_init_functor(std::_Any_data&, _Functor&&) [with _Functor = void (*)(RxMessage&)]	24	static
/app/stm32cubeide/plugins/com.st.stm32cube.ide.mcu.externaltools.gnu-tools-for-stm32.10.3-2021.10.linux64_1.0.200.202301161003/tools/arm-none-eabi/include/c++/10.3.1/bits/std_function.h:289:7:) [with _Res = void; _Functor = void (*)(RxMessage&); _ArgTypes = {RxMessage&}]	24	static
/app/stm32cubeide/plugins/com.st.stm32cube.ide.mcu.externaltools.gnu-tools-for-stm32.10.3-2021.10.linux64_1.0.200.202301161003/tools/arm-none-eabi/include/c++/10.3.1/bits/std_function.h:268:7:), _Functor>::_M_manager(std::_Any_data&, const std::_Any_data&, std::_Manager_operation) [with _Res = void; _Functor = void (*)(RxMessage&); _ArgTypes = {RxMessage&}]	32	static
/app/stm32cubeide/plugins/com.st.stm32cube.ide.mcu.externaltools.gnu-tools-for-stm32.10.3-2021.10.linux64_1.0.200.202301161003/tools/arm-none-eabi/include/c++/10.3.1/bits/std_function.h:587:5:)>&) [with _Res = void; _ArgTypes = {RxMessage&}]	16	static
/app/stm32cubeide/plugins/com.st.stm32cube.ide.mcu.externaltools.gnu-tools-for-stm32.10.3-2021.10.linux64_1.0.200.202301161003/tools/arm-none-eabi/include/c++/10.3.1/bits/std_function.h:232:2:static void std::_Function_base::_Base_manager<_Functor>::_M_init_functor(std::_Any_data&, _Functor&&, std::true_type) [with _Functor = void (*)(RxMessage&)]	32	static
/app/stm32cubeide/plugins/com.st.stm32cube.ide.mcu.externaltools.gnu-tools-for-stm32.10.3-2021.10.linux64_1.0.200.202301161003/tools/arm-none-eabi/include/c++/10.3.1/bits/std_function.h:136:2:static _Functor* std::_Function_base::_Base_manager<_Functor>::_M_get_pointer(const std::_Any_data&) [with _Functor = void (*)(RxMessage&)]	24	static
/app/stm32cubeide/plugins/com.st.stm32cube.ide.mcu.externaltools.gnu-tools-for-stm32.10.3-2021.10.linux64_1.0.200.202301161003/tools/arm-none-eabi/include/c++/10.3.1/bits/move.h:76:5:constexpr _Tp&& std::forward(typename std::remove_reference<_Tp>::type&) [with _Tp = RxMessage&]	16	static
/app/stm32cubeide/plugins/com.st.stm32cube.ide.mcu.externaltools.gnu-tools-for-stm32.10.3-2021.10.linux64_1.0.200.202301161003/tools/arm-none-eabi/include/c++/10.3.1/bits/invoke.h:148:5:) [with _Res = void; _Callable = void (*&)(RxMessage&); _Args = {RxMessage&}]	24	static
/app/stm32cubeide/plugins/com.st.stm32cube.ide.mcu.externaltools.gnu-tools-for-stm32.10.3-2021.10.linux64_1.0.200.202301161003/tools/arm-none-eabi/include/c++/10.3.1/bits/std_function.h:92:7:_Tp& std::_Any_data::_M_access() [with _Tp = void (**)(RxMessage&)]	16	static
/app/stm32cubeide/plugins/com.st.stm32cube.ide.mcu.externaltools.gnu-tools-for-stm32.10.3-2021.10.linux64_1.0.200.202301161003/tools/arm-none-eabi/include/c++/10.3.1/bits/std_function.h:181:2:static bool std::_Function_base::_Base_manager<_Functor>::_M_manager(std::_Any_data&, const std::_Any_data&, std::_Manager_operation) [with _Functor = void (*)(RxMessage&)]	32	static
/app/stm32cubeide/plugins/com.st.stm32cube.ide.mcu.externaltools.gnu-tools-for-stm32.10.3-2021.10.linux64_1.0.200.202301161003/tools/arm-none-eabi/include/c++/10.3.1/bits/std_function.h:498:16:)>::operator bool() const [with _Res = void; _ArgTypes = {RxMessage&}]	16	static
/app/stm32cubeide/plugins/com.st.stm32cube.ide.mcu.externaltools.gnu-tools-for-stm32.10.3-2021.10.linux64_1.0.200.202301161003/tools/arm-none-eabi/include/c++/10.3.1/bits/std_function.h:97:7:const _Tp& std::_Any_data::_M_access() const [with _Tp = void (*)(RxMessage&)]	16	static
/app/stm32cubeide/plugins/com.st.stm32cube.ide.mcu.externaltools.gnu-tools-for-stm32.10.3-2021.10.linux64_1.0.200.202301161003/tools/arm-none-eabi/include/c++/10.3.1/bits/move.h:49:5:constexpr _Tp* std::__addressof(_Tp&) [with _Tp = void (* const)(RxMessage&)]	16	static
/app/stm32cubeide/plugins/com.st.stm32cube.ide.mcu.externaltools.gnu-tools-for-stm32.10.3-2021.10.linux64_1.0.200.202301161003/tools/arm-none-eabi/include/c++/10.3.1/bits/move.h:76:5:constexpr _Tp&& std::forward(typename std::remove_reference<_Tp>::type&) [with _Tp = void (*&)(RxMessage&)]	16	static
/app/stm32cubeide/plugins/com.st.stm32cube.ide.mcu.externaltools.gnu-tools-for-stm32.10.3-2021.10.linux64_1.0.200.202301161003/tools/arm-none-eabi/include/c++/10.3.1/bits/invoke.h:59:5:) [with _Res = void; _Fn = void (*&)(RxMessage&); _Args = {RxMessage&}]	32	static
/app/stm32cubeide/plugins/com.st.stm32cube.ide.mcu.externaltools.gnu-tools-for-stm32.10.3-2021.10.linux64_1.0.200.202301161003/tools/arm-none-eabi/include/c++/10.3.1/bits/std_function.h:150:2:static void std::_Function_base::_Base_manager<_Functor>::_M_clone(std::_Any_data&, const std::_Any_data&, std::true_type) [with _Functor = void (*)(RxMessage&)]	32	static
/app/stm32cubeide/plugins/com.st.stm32cube.ide.mcu.externaltools.gnu-tools-for-stm32.10.3-2021.10.linux64_1.0.200.202301161003/tools/arm-none-eabi/include/c++/10.3.1/bits/std_function.h:167:2:static void std::_Function_base::_Base_manager<_Functor>::_M_destroy(std::_Any_data&, std::true_type) [with _Functor = void (*)(RxMessage&)]	16	static
/app/stm32cubeide/plugins/com.st.stm32cube.ide.mcu.externaltools.gnu-tools-for-stm32.10.3-2021.10.linux64_1.0.200.202301161003/tools/arm-none-eabi/include/c++/10.3.1/bits/std_function.h:92:7:_Tp& std::_Any_data::_M_access() [with _Tp = void (*)(RxMessage&)]	16	static
