C:/Users/OfficeLaptop/Documents/GitHub/mz_testbench_siii/sensor_ecu/Lib/Inc/State.hpp:14:7:constexpr State::State()	16	static
C:/Users/OfficeLaptop/Documents/GitHub/mz_testbench_siii/sensor_ecu/Lib/Inc/State.hpp:24:10:State::~State()	16	static
C:/Users/OfficeLaptop/Documents/GitHub/mz_testbench_siii/sensor_ecu/Lib/Inc/State.hpp:24:10:virtual State::~State()	16	static
../Applications/Src/PodEmergencyState.cpp:10:1:PodEmergencyState::PodEmergencyState()	16	static
../Applications/Src/PodEmergencyState.cpp:16:6:virtual void PodEmergencyState::setup()	16	static
../Applications/Src/PodEmergencyState.cpp:20:6:virtual void PodEmergencyState::update()	16	static
../Applications/Src/PodEmergencyState.cpp:24:6:virtual void PodEmergencyState::dispose()	16	static
C:/Users/OfficeLaptop/Documents/GitHub/mz_testbench_siii/sensor_ecu/Applications/Inc/PodEmergencyState.hpp:13:7:PodEmergencyState::~PodEmergencyState()	16	static
C:/Users/OfficeLaptop/Documents/GitHub/mz_testbench_siii/sensor_ecu/Applications/Inc/PodEmergencyState.hpp:13:7:virtual PodEmergencyState::~PodEmergencyState()	16	static
