C:/Users/OfficeLaptop/Documents/GitHub/mz_testbench_siii/sensor_ecu/Applications/CANzero/dbc-cpp/dbc_parser.hpp:149:9:can::MessageBase::MessageBase(uint32_t, uint8_t, bool)	24	static
C:/Users/OfficeLaptop/Documents/GitHub/mz_testbench_siii/sensor_ecu/Applications/CANzero/dbc-cpp/dbc_parser.hpp:151:9:can::MessageBase::MessageBase(uint32_t, uint8_t, bool, const uint8_t*)	168	static
C:/Users/OfficeLaptop/Documents/GitHub/mz_testbench_siii/sensor_ecu/Applications/CANzero/dbc-cpp/dbc_parser.hpp:182:14:void can::MessageBase::toBuf(CAN_TxHeaderTypeDef&, uint8_t*, can::CAN_BusTypeDef) const	24	static
C:/Users/OfficeLaptop/Documents/GitHub/mz_testbench_siii/sensor_ecu/Applications/CANZero_static/Inc/cz_typedefinitions.hpp:18:8:TxMessage::TxMessage()	16	static
C:/Users/OfficeLaptop/Documents/GitHub/mz_testbench_siii/sensor_ecu/Applications/CANzero/dbc-cpp/dbc_parser.hpp:211:19:TxMessage can::MessageBase::getTxMessage(can::CAN_BusTypeDef) const	24	static
C:/Users/OfficeLaptop/Documents/GitHub/mz_testbench_siii/sensor_ecu/Applications/CANzero/dbc-cpp/dbc_parser.hpp:218:14:void can::MessageBase::send(can::CAN_BusTypeDef) const	48	static
C:/Users/OfficeLaptop/Documents/GitHub/mz_testbench_siii/sensor_ecu/Applications/CANzero/dbc-cpp/dbc_parser.hpp:523:45:static constexpr uint8_t can::signals::MDB_Id::get(const uint64_t&, const uint64_t&)	24	static
C:/Users/OfficeLaptop/Documents/GitHub/mz_testbench_siii/sensor_ecu/Applications/CANzero/dbc-cpp/dbc_parser.hpp:537:45:static constexpr uint8_t can::signals::MDB_State::get(const uint64_t&, const uint64_t&)	24	static
C:/Users/OfficeLaptop/Documents/GitHub/mz_testbench_siii/sensor_ecu/Applications/CANzero/dbc-cpp/dbc_parser.hpp:971:42:static constexpr void can::signals::SensorF_TX_PodState::set(uint64_t&, uint64_t&, uint8_t&, uint8_t)	56	static
C:/Users/OfficeLaptop/Documents/GitHub/mz_testbench_siii/sensor_ecu/Applications/CANzero/dbc-cpp/dbc_parser.hpp:1000:42:static constexpr void can::signals::SensorF_TX_PodState_Last::set(uint64_t&, uint64_t&, uint8_t&, uint8_t)	56	static
C:/Users/OfficeLaptop/Documents/GitHub/mz_testbench_siii/sensor_ecu/Applications/CANzero/dbc-cpp/dbc_parser.hpp:1024:42:static constexpr void can::signals::SensorF_TX_PodState_Target::set(uint64_t&, uint64_t&, uint8_t&, uint8_t)	56	static
C:/Users/OfficeLaptop/Documents/GitHub/mz_testbench_siii/sensor_ecu/Applications/CANzero/dbc-cpp/dbc_parser.hpp:3928:45:static constexpr uint8_t can::signals::BrakeF_TX_Status::get(const uint64_t&, const uint64_t&)	24	static
C:/Users/OfficeLaptop/Documents/GitHub/mz_testbench_siii/sensor_ecu/Applications/CANzero/dbc-cpp/dbc_parser.hpp:3947:42:static constexpr bool can::signals::BrakeF_TX_Enabled::get(const uint64_t&, const uint64_t&)	24	static
C:/Users/OfficeLaptop/Documents/GitHub/mz_testbench_siii/sensor_ecu/Applications/CANzero/dbc-cpp/dbc_parser.hpp:3965:42:static constexpr bool can::signals::BrakeF_TX_ErrorFlag::get(const uint64_t&, const uint64_t&)	24	static
C:/Users/OfficeLaptop/Documents/GitHub/mz_testbench_siii/sensor_ecu/Applications/CANzero/dbc-cpp/dbc_parser.hpp:4025:42:static constexpr void can::signals::BrakeF_RX_ErrorReset::set(uint64_t&, uint64_t&, uint8_t&, bool)	48	static
C:/Users/OfficeLaptop/Documents/GitHub/mz_testbench_siii/sensor_ecu/Applications/CANzero/dbc-cpp/dbc_parser.hpp:4043:42:static constexpr void can::signals::BrakeF_RX_Enable::set(uint64_t&, uint64_t&, uint8_t&, bool)	64	static
C:/Users/OfficeLaptop/Documents/GitHub/mz_testbench_siii/sensor_ecu/Applications/CANzero/dbc-cpp/dbc_parser.hpp:4061:42:static constexpr void can::signals::BrakeF_RX_Engage::set(uint64_t&, uint64_t&, uint8_t&, uint8_t)	56	static
C:/Users/OfficeLaptop/Documents/GitHub/mz_testbench_siii/sensor_ecu/Applications/CANzero/dbc-cpp/dbc_parser.hpp:4280:42:static constexpr bool can::signals::PDU_TX_Enabled::get(const uint64_t&, const uint64_t&)	24	static
C:/Users/OfficeLaptop/Documents/GitHub/mz_testbench_siii/sensor_ecu/Applications/CANzero/dbc-cpp/dbc_parser.hpp:4298:42:static constexpr bool can::signals::PDU_TX_ErrorFlag::get(const uint64_t&, const uint64_t&)	24	static
C:/Users/OfficeLaptop/Documents/GitHub/mz_testbench_siii/sensor_ecu/Applications/CANzero/dbc-cpp/dbc_parser.hpp:4316:42:static constexpr bool can::signals::PDU_TX_PEHWEnabled::get(const uint64_t&, const uint64_t&)	24	static
C:/Users/OfficeLaptop/Documents/GitHub/mz_testbench_siii/sensor_ecu/Applications/CANzero/dbc-cpp/dbc_parser.hpp:4330:42:static constexpr void can::signals::PDU_RX_Enable::set(uint64_t&, uint64_t&, uint8_t&, bool)	48	static
C:/Users/OfficeLaptop/Documents/GitHub/mz_testbench_siii/sensor_ecu/Applications/CANzero/dbc-cpp/dbc_parser.hpp:4348:42:static constexpr void can::signals::PDU_RX_ErrorReset::set(uint64_t&, uint64_t&, uint8_t&, bool)	64	static
C:/Users/OfficeLaptop/Documents/GitHub/mz_testbench_siii/sensor_ecu/Applications/CANzero/dbc-cpp/dbc_parser.hpp:4366:42:static constexpr void can::signals::PDU_RX_PEHWEnable::set(uint64_t&, uint64_t&, uint8_t&, bool)	56	static
c:\st\stm32cubeide_1.12.0\stm32cubeide\plugins\com.st.stm32cube.ide.mcu.externaltools.gnu-tools-for-stm32.10.3-2021.10.win32_1.0.200.202301161003\tools\arm-none-eabi\include\c++\10.3.1\new:174:33:void* operator new(std::size_t, void*)	16	static
c:\st\stm32cubeide_1.12.0\stm32cubeide\plugins\com.st.stm32cube.ide.mcu.externaltools.gnu-tools-for-stm32.10.3-2021.10.win32_1.0.200.202301161003\tools\arm-none-eabi\include\c++\10.3.1\bits\std_function.h:87:17:void* std::_Any_data::_M_access()	16	static
c:\st\stm32cubeide_1.12.0\stm32cubeide\plugins\com.st.stm32cube.ide.mcu.externaltools.gnu-tools-for-stm32.10.3-2021.10.win32_1.0.200.202301161003\tools\arm-none-eabi\include\c++\10.3.1\bits\std_function.h:88:17:const void* std::_Any_data::_M_access() const	16	static
c:\st\stm32cubeide_1.12.0\stm32cubeide\plugins\com.st.stm32cube.ide.mcu.externaltools.gnu-tools-for-stm32.10.3-2021.10.win32_1.0.200.202301161003\tools\arm-none-eabi\include\c++\10.3.1\bits\std_function.h:240:5:std::_Function_base::_Function_base()	16	static
c:\st\stm32cubeide_1.12.0\stm32cubeide\plugins\com.st.stm32cube.ide.mcu.externaltools.gnu-tools-for-stm32.10.3-2021.10.win32_1.0.200.202301161003\tools\arm-none-eabi\include\c++\10.3.1\bits\std_function.h:242:5:std::_Function_base::~_Function_base()	16	static
c:\st\stm32cubeide_1.12.0\stm32cubeide\plugins\com.st.stm32cube.ide.mcu.externaltools.gnu-tools-for-stm32.10.3-2021.10.win32_1.0.200.202301161003\tools\arm-none-eabi\include\c++\10.3.1\bits\std_function.h:248:10:bool std::_Function_base::_M_empty() const	16	static
C:/Users/OfficeLaptop/Documents/GitHub/mz_testbench_siii/sensor_ecu/Applications/Inc/BrakeECUController.hpp:19:29:void __tcf_0()	8	static
C:/Users/OfficeLaptop/Documents/GitHub/mz_testbench_siii/sensor_ecu/Applications/Inc/BrakeECUController.hpp:18:29:static BrakeECUController& BrakeECUController::getInstance()	8	static
C:/Users/OfficeLaptop/Documents/GitHub/mz_testbench_siii/sensor_ecu/Applications/Inc/BrakeECUController.hpp:23:2:BrakeECUController::~BrakeECUController()	16	static
C:/Users/OfficeLaptop/Documents/GitHub/mz_testbench_siii/sensor_ecu/Applications/Inc/BrakeECUController.hpp:31:13:BrakeState BrakeECUController::getBrakeState()	16	static
C:/Users/OfficeLaptop/Documents/GitHub/mz_testbench_siii/sensor_ecu/Applications/Inc/BrakeECUController.hpp:50:7:void BrakeECUController::disengageBrakes()	16	static
C:/Users/OfficeLaptop/Documents/GitHub/mz_testbench_siii/sensor_ecu/Applications/CANzero/dbc-cpp/dbc_parser.hpp:262:19:constexpr can::Message<MESSAGE_T>::Message() [with MESSAGE_T = can::messages::BrakeF_RX_Control]	16	static
C:/Users/OfficeLaptop/Documents/GitHub/mz_testbench_siii/sensor_ecu/Applications/Inc/BrakeECUController.hpp:69:7:void BrakeECUController::controlHelper()	48	static
C:/Users/OfficeLaptop/Documents/GitHub/mz_testbench_siii/sensor_ecu/Applications/CANzero/dbc-cpp/dbc_parser.hpp:268:19:constexpr can::Message<MESSAGE_T>::Message(const CAN_RxHeaderTypeDef&, const uint8_t*) [with MESSAGE_T = can::messages::BrakeF_TX_Status]	32	static
C:/Users/OfficeLaptop/Documents/GitHub/mz_testbench_siii/sensor_ecu/Applications/CANzero/dbc-cpp/dbc_parser.hpp:282:19:constexpr can::Message<MESSAGE_T>::Message(const RxMessage&) [with MESSAGE_T = can::messages::BrakeF_TX_Status]	16	static
C:/Users/OfficeLaptop/Documents/GitHub/mz_testbench_siii/sensor_ecu/Applications/Inc/BrakeECUController.hpp:81:7:void BrakeECUController::callback(RxMessage&)	40	static
C:/Users/OfficeLaptop/Documents/GitHub/mz_testbench_siii/sensor_ecu/Applications/Inc/BrakeECUController.hpp:94:80:BrakeECUController::BrakeECUController()::<lambda(RxMessage&)>	16	static
c:\st\stm32cubeide_1.12.0\stm32cubeide\plugins\com.st.stm32cube.ide.mcu.externaltools.gnu-tools-for-stm32.10.3-2021.10.win32_1.0.200.202301161003\tools\arm-none-eabi\include\c++\10.3.1\bits\std_function.h:303:11:std::function<void(RxMessage&)>::~function()	16	static
C:/Users/OfficeLaptop/Documents/GitHub/mz_testbench_siii/sensor_ecu/Applications/Inc/BrakeECUController.hpp:93:11:BrakeECUController::BrakeECUController()	32	static
C:/Users/OfficeLaptop/Documents/GitHub/mz_testbench_siii/sensor_ecu/Lib/Inc/AdcChannel.hpp:15:11:AdcChannel::AdcChannel()	16	static
C:/Users/OfficeLaptop/Documents/GitHub/mz_testbench_siii/sensor_ecu/Lib/Inc/AdcChannel.hpp:23:7:void AdcChannel::setValue(uint16_t)	16	static
c:\st\stm32cubeide_1.12.0\stm32cubeide\plugins\com.st.stm32cube.ide.mcu.externaltools.gnu-tools-for-stm32.10.3-2021.10.win32_1.0.200.202301161003\tools\arm-none-eabi\include\c++\10.3.1\bits\std_function.h:303:11:std::function<void(ADC_HandleTypeDef*)>::~function()	16	static
C:/Users/OfficeLaptop/Documents/GitHub/mz_testbench_siii/sensor_ecu/Lib/Inc/AdcConvCpltCallbackHandler.hpp:41:2:AdcConvCpltCallbackHandler::AdcConvCpltCallbackHandler()	24	static
C:/Users/OfficeLaptop/Documents/GitHub/mz_testbench_siii/sensor_ecu/Lib/Inc/AdcConvCpltCallbackHandler.hpp:14:7:AdcConvCpltCallbackHandler::~AdcConvCpltCallbackHandler()	24	static
C:/Users/OfficeLaptop/Documents/GitHub/mz_testbench_siii/sensor_ecu/Lib/Inc/AdcConvCpltCallbackHandler.hpp:18:37:void __tcf_1()	8	static
C:/Users/OfficeLaptop/Documents/GitHub/mz_testbench_siii/sensor_ecu/Lib/Inc/AdcConvCpltCallbackHandler.hpp:17:37:static AdcConvCpltCallbackHandler& AdcConvCpltCallbackHandler::getInstance()	8	static
C:/Users/OfficeLaptop/Documents/GitHub/mz_testbench_siii/sensor_ecu/Lib/Inc/AdcConvCpltCallbackHandler.hpp:22:15:unsigned int AdcConvCpltCallbackHandler::registerCallback(std::function<void(ADC_HandleTypeDef*)>)	24	static
C:/Users/OfficeLaptop/Documents/GitHub/mz_testbench_siii/sensor_ecu/Lib/Inc/AdcConvCpltCallbackHandler.hpp:28:7:void AdcConvCpltCallbackHandler::unregisterCallback(unsigned int)	16	static
C:/Users/OfficeLaptop/Documents/GitHub/mz_testbench_siii/sensor_ecu/Lib/Inc/AdcModule.hpp:16:34:ADC_HandleTypeDef* AdcModuleToHandle(AdcModule)	16	static
C:/Users/OfficeLaptop/Documents/GitHub/mz_testbench_siii/sensor_ecu/Lib/Inc/AdcModuleController.hpp:26:8:AdcModuleController::AdcModuleController(AdcModule)::<lambda(ADC_HandleTypeDef*)>	16	static
C:/Users/OfficeLaptop/Documents/GitHub/mz_testbench_siii/sensor_ecu/Lib/Inc/AdcModuleController.hpp:20:11:AdcModuleController::AdcModuleController(AdcModule)	48	static
C:/Users/OfficeLaptop/Documents/GitHub/mz_testbench_siii/sensor_ecu/Lib/Inc/AdcModuleController.hpp:39:2:AdcModuleController::~AdcModuleController()	16	static
C:/Users/OfficeLaptop/Documents/GitHub/mz_testbench_siii/sensor_ecu/Lib/Inc/AdcModuleController.hpp:57:7:void AdcModuleController::update()	24	static
C:/Users/OfficeLaptop/Documents/GitHub/mz_testbench_siii/sensor_ecu/Lib/Inc/AdcModuleController.hpp:79:7:void AdcModuleController::dmaCplrCallback()	16	static
C:/Users/OfficeLaptop/Documents/GitHub/mz_testbench_siii/sensor_ecu/Lib/Inc/AdcChannelController.hpp:18:29:AdcModuleController& _getChannelAdcModuleControllerRuntime(AdcModule)	16	static
C:/Users/OfficeLaptop/Documents/GitHub/mz_testbench_siii/sensor_ecu/Lib/Inc/State.hpp:19:2:State::State(PodState)	16	static
C:/Users/OfficeLaptop/Documents/GitHub/mz_testbench_siii/sensor_ecu/Lib/Inc/State.hpp:36:25:PodState State::getPodState() const	16	static
C:/Users/OfficeLaptop/Documents/GitHub/mz_testbench_siii/sensor_ecu/Lib/Inc/State.hpp:45:22:static unsigned int State::getNextId()	4	static
C:/Users/OfficeLaptop/Documents/GitHub/mz_testbench_siii/sensor_ecu/Applications/Inc/SDC.hpp:16:14:static SDC& SDC::getInstance()	8	static
C:/Users/OfficeLaptop/Documents/GitHub/mz_testbench_siii/sensor_ecu/Lib/Inc/State.hpp:28:10:State::~State()	16	static
C:/Users/OfficeLaptop/Documents/GitHub/mz_testbench_siii/sensor_ecu/Lib/Inc/State.hpp:28:10:virtual State::~State()	16	static
C:/Users/OfficeLaptop/Documents/GitHub/mz_testbench_siii/sensor_ecu/Applications/Inc/PodLaunchPreparationState.hpp:20:2:PodLaunchPreparationState::PodLaunchPreparationState()	16	static
C:/Users/OfficeLaptop/Documents/GitHub/mz_testbench_siii/sensor_ecu/Applications/Inc/PodStopLevitationState.hpp:15:2:PodStopLevitationState::PodStopLevitationState()	16	static
C:/Users/OfficeLaptop/Documents/GitHub/mz_testbench_siii/sensor_ecu/Applications/Inc/PodEmergencyState.hpp:17:2:PodEmergencyState::PodEmergencyState()	16	static
C:/Users/OfficeLaptop/Documents/GitHub/mz_testbench_siii/sensor_ecu/Applications/Inc/PodIdleState.hpp:18:2:PodIdleState::PodIdleState()	16	static
C:/Users/OfficeLaptop/Documents/GitHub/mz_testbench_siii/sensor_ecu/Applications/Inc/PodLaunchingState.hpp:15:2:PodLaunchingState::PodLaunchingState()	16	static
C:/Users/OfficeLaptop/Documents/GitHub/mz_testbench_siii/sensor_ecu/Applications/Inc/PodReadyToLaunchState.hpp:18:2:PodReadyToLaunchState::PodReadyToLaunchState()	16	static
C:/Users/OfficeLaptop/Documents/GitHub/mz_testbench_siii/sensor_ecu/Applications/Inc/PodStartLevitationState.hpp:16:2:PodStartLevitation::PodStartLevitation()	16	static
C:/Users/OfficeLaptop/Documents/GitHub/mz_testbench_siii/sensor_ecu/Applications/Inc/PodSafeToApproach.hpp:15:2:PodSafeToApproach::PodSafeToApproach()	16	static
C:/Users/OfficeLaptop/Documents/GitHub/mz_testbench_siii/sensor_ecu/Applications/Inc/PodStartupState.hpp:16:2:PodStartupState::PodStartupState()	16	static
C:/Users/OfficeLaptop/Documents/GitHub/mz_testbench_siii/sensor_ecu/Applications/Inc/PodBreakState.hpp:15:2:PodBreakState::PodBreakState()	16	static
C:/Users/OfficeLaptop/Documents/GitHub/mz_testbench_siii/sensor_ecu/Applications/Inc/GlobalState.hpp:46:2:GlobalState::~GlobalState()	16	static
C:/Users/OfficeLaptop/Documents/GitHub/mz_testbench_siii/sensor_ecu/Applications/Inc/GlobalState.hpp:30:22:void __tcf_2()	8	static
C:/Users/OfficeLaptop/Documents/GitHub/mz_testbench_siii/sensor_ecu/Applications/Inc/GlobalState.hpp:29:22:static GlobalState& GlobalState::getInstance()	8	static
C:/Users/OfficeLaptop/Documents/GitHub/mz_testbench_siii/sensor_ecu/Applications/CANzero/dbc-cpp/dbc_parser.hpp:262:19:constexpr can::Message<MESSAGE_T>::Message() [with MESSAGE_T = can::messages::SensorF_TX_StatePod]	16	static
C:/Users/OfficeLaptop/Documents/GitHub/mz_testbench_siii/sensor_ecu/Applications/Inc/GlobalState.hpp:54:7:void GlobalState::broadcastState(PodState)	40	static
C:/Users/OfficeLaptop/Documents/GitHub/mz_testbench_siii/sensor_ecu/Applications/Inc/GlobalState.hpp:62:11:GlobalState::GlobalState()	16	static
C:/Users/OfficeLaptop/Documents/GitHub/mz_testbench_siii/sensor_ecu/Applications/Inc/MergedMdbState.hpp:23:25:void __tcf_3()	8	static
C:/Users/OfficeLaptop/Documents/GitHub/mz_testbench_siii/sensor_ecu/Applications/Inc/MergedMdbState.hpp:22:31:static const MergedMdbState& MergedMdbState::getInstance()	8	static
C:/Users/OfficeLaptop/Documents/GitHub/mz_testbench_siii/sensor_ecu/Applications/Inc/MergedMdbState.hpp:32:11:MdbState MergedMdbState::getState() const	16	static
C:/Users/OfficeLaptop/Documents/GitHub/mz_testbench_siii/sensor_ecu/Applications/Inc/MergedMdbState.hpp:38:76:MergedMdbState::MergedMdbState()::<lambda(RxMessage&)>	16	static
C:/Users/OfficeLaptop/Documents/GitHub/mz_testbench_siii/sensor_ecu/Applications/Inc/MergedMdbState.hpp:37:2:MergedMdbState::MergedMdbState()	32	static
C:/Users/OfficeLaptop/Documents/GitHub/mz_testbench_siii/sensor_ecu/Applications/Inc/MergedMdbState.hpp:42:2:MergedMdbState::~MergedMdbState()	16	static
C:/Users/OfficeLaptop/Documents/GitHub/mz_testbench_siii/sensor_ecu/Applications/Inc/MergedMdbState.hpp:49:7:void MergedMdbState::updateState()	24	static
C:/Users/OfficeLaptop/Documents/GitHub/mz_testbench_siii/sensor_ecu/Applications/CANzero/dbc-cpp/dbc_parser.hpp:268:19:constexpr can::Message<MESSAGE_T>::Message(const CAN_RxHeaderTypeDef&, const uint8_t*) [with MESSAGE_T = can::messages::MDB_TX_State]	32	static
C:/Users/OfficeLaptop/Documents/GitHub/mz_testbench_siii/sensor_ecu/Applications/CANzero/dbc-cpp/dbc_parser.hpp:282:19:constexpr can::Message<MESSAGE_T>::Message(const RxMessage&) [with MESSAGE_T = can::messages::MDB_TX_State]	16	static
C:/Users/OfficeLaptop/Documents/GitHub/mz_testbench_siii/sensor_ecu/Applications/Inc/MergedMdbState.hpp:62:7:void MergedMdbState::callback(RxMessage&)	48	static
C:/Users/OfficeLaptop/Documents/GitHub/mz_testbench_siii/sensor_ecu/Applications/Inc/PDUController.hpp:16:24:void __tcf_4()	8	static
C:/Users/OfficeLaptop/Documents/GitHub/mz_testbench_siii/sensor_ecu/Applications/Inc/PDUController.hpp:15:24:static PDUController& PDUController::getInstance()	8	static
C:/Users/OfficeLaptop/Documents/GitHub/mz_testbench_siii/sensor_ecu/Applications/Inc/PDUController.hpp:25:7:bool PDUController::isEnabled()	16	static
C:/Users/OfficeLaptop/Documents/GitHub/mz_testbench_siii/sensor_ecu/Applications/Inc/PDUController.hpp:29:7:bool PDUController::hasError()	16	static
C:/Users/OfficeLaptop/Documents/GitHub/mz_testbench_siii/sensor_ecu/Applications/Inc/PDUController.hpp:33:7:bool PDUController::isHVEnabled()	16	static
C:/Users/OfficeLaptop/Documents/GitHub/mz_testbench_siii/sensor_ecu/Applications/Inc/PDUController.hpp:37:7:void PDUController::enable()	16	static
C:/Users/OfficeLaptop/Documents/GitHub/mz_testbench_siii/sensor_ecu/Applications/Inc/PDUController.hpp:51:7:void PDUController::enableHV()	16	static
C:/Users/OfficeLaptop/Documents/GitHub/mz_testbench_siii/sensor_ecu/Applications/Inc/PDUController.hpp:63:77:PDUController::PDUController()::<lambda(RxMessage&)>	16	static
C:/Users/OfficeLaptop/Documents/GitHub/mz_testbench_siii/sensor_ecu/Applications/Inc/PDUController.hpp:62:11:PDUController::PDUController()	32	static
C:/Users/OfficeLaptop/Documents/GitHub/mz_testbench_siii/sensor_ecu/Applications/Inc/PDUController.hpp:67:2:PDUController::~PDUController()	16	static
C:/Users/OfficeLaptop/Documents/GitHub/mz_testbench_siii/sensor_ecu/Applications/CANzero/dbc-cpp/dbc_parser.hpp:268:19:constexpr can::Message<MESSAGE_T>::Message(const CAN_RxHeaderTypeDef&, const uint8_t*) [with MESSAGE_T = can::messages::PDU_TX_Status]	32	static
C:/Users/OfficeLaptop/Documents/GitHub/mz_testbench_siii/sensor_ecu/Applications/CANzero/dbc-cpp/dbc_parser.hpp:282:19:constexpr can::Message<MESSAGE_T>::Message(const RxMessage&) [with MESSAGE_T = can::messages::PDU_TX_Status]	16	static
C:/Users/OfficeLaptop/Documents/GitHub/mz_testbench_siii/sensor_ecu/Applications/Inc/PDUController.hpp:71:7:void PDUController::callback(RxMessage&)	40	static
C:/Users/OfficeLaptop/Documents/GitHub/mz_testbench_siii/sensor_ecu/Applications/CANzero/dbc-cpp/dbc_parser.hpp:262:19:constexpr can::Message<MESSAGE_T>::Message() [with MESSAGE_T = can::messages::PDU_RX_Control]	16	static
C:/Users/OfficeLaptop/Documents/GitHub/mz_testbench_siii/sensor_ecu/Applications/Inc/PDUController.hpp:78:7:void PDUController::controllHelper(bool, bool, bool)	40	static
../Applications/Src/PodLaunchPreparationState.cpp:19:6:virtual void PodLaunchPreparationState::setup()	16	static
../Applications/Src/PodLaunchPreparationState.cpp:27:6:virtual void PodLaunchPreparationState::update()	16	static
../Applications/Src/PodLaunchPreparationState.cpp:38:6:virtual void PodLaunchPreparationState::dispose()	16	static
C:/Users/OfficeLaptop/Documents/GitHub/mz_testbench_siii/sensor_ecu/Applications/CANzero/dbc-cpp/dbc_parser.hpp:286:14:void can::Message<MESSAGE_T>::set(typename T::dataType) [with T = can::signals::BrakeF_RX_Enable; MESSAGE_T = can::messages::BrakeF_RX_Control]	16	static
C:/Users/OfficeLaptop/Documents/GitHub/mz_testbench_siii/sensor_ecu/Applications/CANzero/dbc-cpp/dbc_parser.hpp:286:14:void can::Message<MESSAGE_T>::set(typename T::dataType) [with T = can::signals::BrakeF_RX_Engage; MESSAGE_T = can::messages::BrakeF_RX_Control]	16	static
C:/Users/OfficeLaptop/Documents/GitHub/mz_testbench_siii/sensor_ecu/Applications/CANzero/dbc-cpp/dbc_parser.hpp:286:14:void can::Message<MESSAGE_T>::set(typename T::dataType) [with T = can::signals::BrakeF_RX_ErrorReset; MESSAGE_T = can::messages::BrakeF_RX_Control]	16	static
C:/Users/OfficeLaptop/Documents/GitHub/mz_testbench_siii/sensor_ecu/Applications/CANzero/dbc-cpp/dbc_parser.hpp:293:30:typename T::dataType can::Message<MESSAGE_T>::get() [with T = can::signals::BrakeF_TX_Enabled; MESSAGE_T = can::messages::BrakeF_TX_Status]	16	static
C:/Users/OfficeLaptop/Documents/GitHub/mz_testbench_siii/sensor_ecu/Applications/CANzero/dbc-cpp/dbc_parser.hpp:293:30:typename T::dataType can::Message<MESSAGE_T>::get() [with T = can::signals::BrakeF_TX_Status; MESSAGE_T = can::messages::BrakeF_TX_Status]	16	static
C:/Users/OfficeLaptop/Documents/GitHub/mz_testbench_siii/sensor_ecu/Applications/CANzero/dbc-cpp/dbc_parser.hpp:293:30:typename T::dataType can::Message<MESSAGE_T>::get() [with T = can::signals::BrakeF_TX_ErrorFlag; MESSAGE_T = can::messages::BrakeF_TX_Status]	16	static
c:\st\stm32cubeide_1.12.0\stm32cubeide\plugins\com.st.stm32cube.ide.mcu.externaltools.gnu-tools-for-stm32.10.3-2021.10.win32_1.0.200.202301161003\tools\arm-none-eabi\include\c++\10.3.1\bits\std_function.h:601:7:)>::function(_Functor) [with _Functor = BrakeECUController::BrakeECUController()::<lambda(RxMessage&)>; <template-parameter-2-2> = void; <template-parameter-2-3> = void; _Res = void; _ArgTypes = {RxMessage&}]	24	static
C:/Users/OfficeLaptop/Documents/GitHub/mz_testbench_siii/sensor_ecu/Applications/CANZero_static/Inc/cz_message_receiver.hpp:30:21:unsigned int can::registerMessageReceiver(std::function<void(RxMessage&)>) [with MESSAGE = can::messages::BrakeF_TX_Status]	40	static
c:\st\stm32cubeide_1.12.0\stm32cubeide\plugins\com.st.stm32cube.ide.mcu.externaltools.gnu-tools-for-stm32.10.3-2021.10.win32_1.0.200.202301161003\tools\arm-none-eabi\include\c++\10.3.1\bits\std_function.h:330:7:)>::function() [with _Res = void; _ArgTypes = {ADC_HandleTypeDef*}]	16	static
c:\st\stm32cubeide_1.12.0\stm32cubeide\plugins\com.st.stm32cube.ide.mcu.externaltools.gnu-tools-for-stm32.10.3-2021.10.win32_1.0.200.202301161003\tools\arm-none-eabi\include\c++\10.3.1\bits\std_function.h:396:7:)>&) [with _Res = void; _ArgTypes = {ADC_HandleTypeDef*}]	32	static
c:\st\stm32cubeide_1.12.0\stm32cubeide\plugins\com.st.stm32cube.ide.mcu.externaltools.gnu-tools-for-stm32.10.3-2021.10.win32_1.0.200.202301161003\tools\arm-none-eabi\include\c++\10.3.1\bits\std_function.h:428:7:)>::operator=(std::nullptr_t) [with _Res = void; _ArgTypes = {ADC_HandleTypeDef*}]	16	static
c:\st\stm32cubeide_1.12.0\stm32cubeide\plugins\com.st.stm32cube.ide.mcu.externaltools.gnu-tools-for-stm32.10.3-2021.10.win32_1.0.200.202301161003\tools\arm-none-eabi\include\c++\10.3.1\bits\std_function.h:601:7:)>::function(_Functor) [with _Functor = AdcModuleController::AdcModuleController(AdcModule)::<lambda(ADC_HandleTypeDef*)>; <template-parameter-2-2> = void; <template-parameter-2-3> = void; _Res = void; _ArgTypes = {ADC_HandleTypeDef*}]	24	static
C:/Users/OfficeLaptop/Documents/GitHub/mz_testbench_siii/sensor_ecu/Lib/Inc/AdcChannelController.hpp:14:29:void __tcf_5()	8	static
C:/Users/OfficeLaptop/Documents/GitHub/mz_testbench_siii/sensor_ecu/Lib/Inc/AdcChannelController.hpp:13:29:AdcModuleController& _getChannelAdcModuleControllerCompiletime() [with AdcModule ADC_MODULE = ADC_MODULE1]	8	static
C:/Users/OfficeLaptop/Documents/GitHub/mz_testbench_siii/sensor_ecu/Lib/Inc/AdcChannelController.hpp:14:29:void __tcf_6()	8	static
C:/Users/OfficeLaptop/Documents/GitHub/mz_testbench_siii/sensor_ecu/Lib/Inc/AdcChannelController.hpp:13:29:AdcModuleController& _getChannelAdcModuleControllerCompiletime() [with AdcModule ADC_MODULE = ADC_MODULE2]	8	static
C:/Users/OfficeLaptop/Documents/GitHub/mz_testbench_siii/sensor_ecu/Applications/CANzero/dbc-cpp/dbc_parser.hpp:286:14:void can::Message<MESSAGE_T>::set(typename T::dataType) [with T = can::signals::SensorF_TX_PodState; MESSAGE_T = can::messages::SensorF_TX_StatePod]	16	static
C:/Users/OfficeLaptop/Documents/GitHub/mz_testbench_siii/sensor_ecu/Applications/CANzero/dbc-cpp/dbc_parser.hpp:286:14:void can::Message<MESSAGE_T>::set(typename T::dataType) [with T = can::signals::SensorF_TX_PodState_Last; MESSAGE_T = can::messages::SensorF_TX_StatePod]	16	static
C:/Users/OfficeLaptop/Documents/GitHub/mz_testbench_siii/sensor_ecu/Applications/CANzero/dbc-cpp/dbc_parser.hpp:286:14:void can::Message<MESSAGE_T>::set(typename T::dataType) [with T = can::signals::SensorF_TX_PodState_Target; MESSAGE_T = can::messages::SensorF_TX_StatePod]	16	static
C:/Users/OfficeLaptop/Documents/GitHub/mz_testbench_siii/sensor_ecu/Lib/Inc/StateMaschineMemory.hpp:17:11:StateMaschineMemory<NUMBER_OF_STATES>::StateMaschineMemory() [with unsigned int NUMBER_OF_STATES = 15]	16	static
C:/Users/OfficeLaptop/Documents/GitHub/mz_testbench_siii/sensor_ecu/Lib/Inc/StateMaschine.hpp:21:11:StateMaschine::StateMaschine(StateMaschineMemory_t*) [with StateMaschineMemory_t = StateMaschineMemory<15>]	16	static
C:/Users/OfficeLaptop/Documents/GitHub/mz_testbench_siii/sensor_ecu/Lib/Inc/StateMaschine.hpp:26:7:void StateMaschine::registerState(StateImplementation&) [with StateImplementation = PodStartupState]	24	static
C:/Users/OfficeLaptop/Documents/GitHub/mz_testbench_siii/sensor_ecu/Lib/Inc/StateMaschine.hpp:26:7:void StateMaschine::registerState(StateImplementation&) [with StateImplementation = PodIdleState]	24	static
C:/Users/OfficeLaptop/Documents/GitHub/mz_testbench_siii/sensor_ecu/Lib/Inc/StateMaschine.hpp:26:7:void StateMaschine::registerState(StateImplementation&) [with StateImplementation = PodReadyToLaunchState]	24	static
C:/Users/OfficeLaptop/Documents/GitHub/mz_testbench_siii/sensor_ecu/Lib/Inc/StateMaschine.hpp:26:7:void StateMaschine::registerState(StateImplementation&) [with StateImplementation = PodLaunchPreparationState]	24	static
C:/Users/OfficeLaptop/Documents/GitHub/mz_testbench_siii/sensor_ecu/Lib/Inc/StateMaschine.hpp:26:7:void StateMaschine::registerState(StateImplementation&) [with StateImplementation = PodStartLevitation]	24	static
C:/Users/OfficeLaptop/Documents/GitHub/mz_testbench_siii/sensor_ecu/Lib/Inc/StateMaschine.hpp:26:7:void StateMaschine::registerState(StateImplementation&) [with StateImplementation = PodLaunchingState]	24	static
C:/Users/OfficeLaptop/Documents/GitHub/mz_testbench_siii/sensor_ecu/Lib/Inc/StateMaschine.hpp:26:7:void StateMaschine::registerState(StateImplementation&) [with StateImplementation = PodStopLevitationState]	24	static
C:/Users/OfficeLaptop/Documents/GitHub/mz_testbench_siii/sensor_ecu/Lib/Inc/StateMaschine.hpp:26:7:void StateMaschine::registerState(StateImplementation&) [with StateImplementation = PodBreakState]	24	static
C:/Users/OfficeLaptop/Documents/GitHub/mz_testbench_siii/sensor_ecu/Lib/Inc/StateMaschine.hpp:26:7:void StateMaschine::registerState(StateImplementation&) [with StateImplementation = PodSafeToApproach]	24	static
C:/Users/OfficeLaptop/Documents/GitHub/mz_testbench_siii/sensor_ecu/Lib/Inc/StateMaschine.hpp:26:7:void StateMaschine::registerState(StateImplementation&) [with StateImplementation = PodEmergencyState]	24	static
c:\st\stm32cubeide_1.12.0\stm32cubeide\plugins\com.st.stm32cube.ide.mcu.externaltools.gnu-tools-for-stm32.10.3-2021.10.win32_1.0.200.202301161003\tools\arm-none-eabi\include\c++\10.3.1\bits\std_function.h:601:7:)>::function(_Functor) [with _Functor = MergedMdbState::MergedMdbState()::<lambda(RxMessage&)>; <template-parameter-2-2> = void; <template-parameter-2-3> = void; _Res = void; _ArgTypes = {RxMessage&}]	24	static
C:/Users/OfficeLaptop/Documents/GitHub/mz_testbench_siii/sensor_ecu/Applications/CANZero_static/Inc/cz_message_receiver.hpp:30:21:unsigned int can::registerMessageReceiver(std::function<void(RxMessage&)>) [with MESSAGE = can::messages::MDB_TX_State]	40	static
C:/Users/OfficeLaptop/Documents/GitHub/mz_testbench_siii/sensor_ecu/Applications/CANzero/dbc-cpp/dbc_parser.hpp:293:30:typename T::dataType can::Message<MESSAGE_T>::get() [with T = can::signals::MDB_Id; MESSAGE_T = can::messages::MDB_TX_State]	16	static
C:/Users/OfficeLaptop/Documents/GitHub/mz_testbench_siii/sensor_ecu/Applications/CANzero/dbc-cpp/dbc_parser.hpp:293:30:typename T::dataType can::Message<MESSAGE_T>::get() [with T = can::signals::MDB_State; MESSAGE_T = can::messages::MDB_TX_State]	16	static
c:\st\stm32cubeide_1.12.0\stm32cubeide\plugins\com.st.stm32cube.ide.mcu.externaltools.gnu-tools-for-stm32.10.3-2021.10.win32_1.0.200.202301161003\tools\arm-none-eabi\include\c++\10.3.1\bits\std_function.h:601:7:)>::function(_Functor) [with _Functor = PDUController::PDUController()::<lambda(RxMessage&)>; <template-parameter-2-2> = void; <template-parameter-2-3> = void; _Res = void; _ArgTypes = {RxMessage&}]	24	static
C:/Users/OfficeLaptop/Documents/GitHub/mz_testbench_siii/sensor_ecu/Applications/CANZero_static/Inc/cz_message_receiver.hpp:30:21:unsigned int can::registerMessageReceiver(std::function<void(RxMessage&)>) [with MESSAGE = can::messages::PDU_TX_Status]	40	static
C:/Users/OfficeLaptop/Documents/GitHub/mz_testbench_siii/sensor_ecu/Applications/CANzero/dbc-cpp/dbc_parser.hpp:293:30:typename T::dataType can::Message<MESSAGE_T>::get() [with T = can::signals::PDU_TX_Enabled; MESSAGE_T = can::messages::PDU_TX_Status]	16	static
C:/Users/OfficeLaptop/Documents/GitHub/mz_testbench_siii/sensor_ecu/Applications/CANzero/dbc-cpp/dbc_parser.hpp:293:30:typename T::dataType can::Message<MESSAGE_T>::get() [with T = can::signals::PDU_TX_ErrorFlag; MESSAGE_T = can::messages::PDU_TX_Status]	16	static
C:/Users/OfficeLaptop/Documents/GitHub/mz_testbench_siii/sensor_ecu/Applications/CANzero/dbc-cpp/dbc_parser.hpp:293:30:typename T::dataType can::Message<MESSAGE_T>::get() [with T = can::signals::PDU_TX_PEHWEnabled; MESSAGE_T = can::messages::PDU_TX_Status]	16	static
C:/Users/OfficeLaptop/Documents/GitHub/mz_testbench_siii/sensor_ecu/Applications/CANzero/dbc-cpp/dbc_parser.hpp:286:14:void can::Message<MESSAGE_T>::set(typename T::dataType) [with T = can::signals::PDU_RX_Enable; MESSAGE_T = can::messages::PDU_RX_Control]	16	static
C:/Users/OfficeLaptop/Documents/GitHub/mz_testbench_siii/sensor_ecu/Applications/CANzero/dbc-cpp/dbc_parser.hpp:286:14:void can::Message<MESSAGE_T>::set(typename T::dataType) [with T = can::signals::PDU_RX_ErrorReset; MESSAGE_T = can::messages::PDU_RX_Control]	16	static
C:/Users/OfficeLaptop/Documents/GitHub/mz_testbench_siii/sensor_ecu/Applications/CANzero/dbc-cpp/dbc_parser.hpp:286:14:void can::Message<MESSAGE_T>::set(typename T::dataType) [with T = can::signals::PDU_RX_PEHWEnable; MESSAGE_T = can::messages::PDU_RX_Control]	16	static
C:/Users/OfficeLaptop/Documents/GitHub/mz_testbench_siii/sensor_ecu/Applications/Inc/GlobalState.hpp:35:7:void GlobalState::setState() [with STATE = PodReadyToLaunchState]	24	static
c:\st\stm32cubeide_1.12.0\stm32cubeide\plugins\com.st.stm32cube.ide.mcu.externaltools.gnu-tools-for-stm32.10.3-2021.10.win32_1.0.200.202301161003\tools\arm-none-eabi\include\c++\10.3.1\bits\std_function.h:227:4:static bool std::_Function_base::_Base_manager<_Functor>::_M_not_empty_function(const _Tp&) [with _Tp = BrakeECUController::BrakeECUController()::<lambda(RxMessage&)>; _Functor = BrakeECUController::BrakeECUController()::<lambda(RxMessage&)>]	16	static
c:\st\stm32cubeide_1.12.0\stm32cubeide\plugins\com.st.stm32cube.ide.mcu.externaltools.gnu-tools-for-stm32.10.3-2021.10.win32_1.0.200.202301161003\tools\arm-none-eabi\include\c++\10.3.1\bits\move.h:101:5:constexpr typename std::remove_reference<_Tp>::type&& std::move(_Tp&&) [with _Tp = BrakeECUController::BrakeECUController()::<lambda(RxMessage&)>&]	16	static
c:\st\stm32cubeide_1.12.0\stm32cubeide\plugins\com.st.stm32cube.ide.mcu.externaltools.gnu-tools-for-stm32.10.3-2021.10.win32_1.0.200.202301161003\tools\arm-none-eabi\include\c++\10.3.1\bits\std_function.h:207:2:static void std::_Function_base::_Base_manager<_Functor>::_M_init_functor(std::_Any_data&, _Functor&&) [with _Functor = BrakeECUController::BrakeECUController()::<lambda(RxMessage&)>]	24	static
c:\st\stm32cubeide_1.12.0\stm32cubeide\plugins\com.st.stm32cube.ide.mcu.externaltools.gnu-tools-for-stm32.10.3-2021.10.win32_1.0.200.202301161003\tools\arm-none-eabi\include\c++\10.3.1\bits\std_function.h:289:7:) [with _Res = void; _Functor = BrakeECUController::BrakeECUController()::<lambda(RxMessage&)>; _ArgTypes = {RxMessage&}]	24	static
c:\st\stm32cubeide_1.12.0\stm32cubeide\plugins\com.st.stm32cube.ide.mcu.externaltools.gnu-tools-for-stm32.10.3-2021.10.win32_1.0.200.202301161003\tools\arm-none-eabi\include\c++\10.3.1\bits\std_function.h:268:7:), _Functor>::_M_manager(std::_Any_data&, const std::_Any_data&, std::_Manager_operation) [with _Res = void; _Functor = BrakeECUController::BrakeECUController()::<lambda(RxMessage&)>; _ArgTypes = {RxMessage&}]	32	static
c:\st\stm32cubeide_1.12.0\stm32cubeide\plugins\com.st.stm32cube.ide.mcu.externaltools.gnu-tools-for-stm32.10.3-2021.10.win32_1.0.200.202301161003\tools\arm-none-eabi\include\c++\10.3.1\bits\std_function.h:587:5:)>&) [with _Res = void; _ArgTypes = {RxMessage&}]	16	static
c:\st\stm32cubeide_1.12.0\stm32cubeide\plugins\com.st.stm32cube.ide.mcu.externaltools.gnu-tools-for-stm32.10.3-2021.10.win32_1.0.200.202301161003\tools\arm-none-eabi\include\c++\10.3.1\bits\std_function.h:587:5:)>&) [with _Res = void; _ArgTypes = {ADC_HandleTypeDef*}]	16	static
c:\st\stm32cubeide_1.12.0\stm32cubeide\plugins\com.st.stm32cube.ide.mcu.externaltools.gnu-tools-for-stm32.10.3-2021.10.win32_1.0.200.202301161003\tools\arm-none-eabi\include\c++\10.3.1\bits\std_function.h:481:12:)>&) [with _Res = void; _ArgTypes = {ADC_HandleTypeDef*}]	16	static
c:\st\stm32cubeide_1.12.0\stm32cubeide\plugins\com.st.stm32cube.ide.mcu.externaltools.gnu-tools-for-stm32.10.3-2021.10.win32_1.0.200.202301161003\tools\arm-none-eabi\include\c++\10.3.1\bits\move.h:76:5:constexpr _Tp&& std::forward(typename std::remove_reference<_Tp>::type&) [with _Tp = ADC_HandleTypeDef*]	16	static
c:\st\stm32cubeide_1.12.0\stm32cubeide\plugins\com.st.stm32cube.ide.mcu.externaltools.gnu-tools-for-stm32.10.3-2021.10.win32_1.0.200.202301161003\tools\arm-none-eabi\include\c++\10.3.1\bits\std_function.h:227:4:static bool std::_Function_base::_Base_manager<_Functor>::_M_not_empty_function(const _Tp&) [with _Tp = AdcModuleController::AdcModuleController(AdcModule)::<lambda(ADC_HandleTypeDef*)>; _Functor = AdcModuleController::AdcModuleController(AdcModule)::<lambda(ADC_HandleTypeDef*)>]	16	static
c:\st\stm32cubeide_1.12.0\stm32cubeide\plugins\com.st.stm32cube.ide.mcu.externaltools.gnu-tools-for-stm32.10.3-2021.10.win32_1.0.200.202301161003\tools\arm-none-eabi\include\c++\10.3.1\bits\move.h:101:5:constexpr typename std::remove_reference<_Tp>::type&& std::move(_Tp&&) [with _Tp = AdcModuleController::AdcModuleController(AdcModule)::<lambda(ADC_HandleTypeDef*)>&]	16	static
c:\st\stm32cubeide_1.12.0\stm32cubeide\plugins\com.st.stm32cube.ide.mcu.externaltools.gnu-tools-for-stm32.10.3-2021.10.win32_1.0.200.202301161003\tools\arm-none-eabi\include\c++\10.3.1\bits\std_function.h:207:2:static void std::_Function_base::_Base_manager<_Functor>::_M_init_functor(std::_Any_data&, _Functor&&) [with _Functor = AdcModuleController::AdcModuleController(AdcModule)::<lambda(ADC_HandleTypeDef*)>]	24	static
c:\st\stm32cubeide_1.12.0\stm32cubeide\plugins\com.st.stm32cube.ide.mcu.externaltools.gnu-tools-for-stm32.10.3-2021.10.win32_1.0.200.202301161003\tools\arm-none-eabi\include\c++\10.3.1\bits\std_function.h:289:7:) [with _Res = void; _Functor = AdcModuleController::AdcModuleController(AdcModule)::<lambda(ADC_HandleTypeDef*)>; _ArgTypes = {ADC_HandleTypeDef*}]	24	static
c:\st\stm32cubeide_1.12.0\stm32cubeide\plugins\com.st.stm32cube.ide.mcu.externaltools.gnu-tools-for-stm32.10.3-2021.10.win32_1.0.200.202301161003\tools\arm-none-eabi\include\c++\10.3.1\bits\std_function.h:268:7:), _Functor>::_M_manager(std::_Any_data&, const std::_Any_data&, std::_Manager_operation) [with _Res = void; _Functor = AdcModuleController::AdcModuleController(AdcModule)::<lambda(ADC_HandleTypeDef*)>; _ArgTypes = {ADC_HandleTypeDef*}]	32	static
C:/Users/OfficeLaptop/Documents/GitHub/mz_testbench_siii/sensor_ecu/Lib/Inc/State.hpp:22:22:static unsigned int State::getId() [with StateImplementation = PodStartupState]	8	static
C:/Users/OfficeLaptop/Documents/GitHub/mz_testbench_siii/sensor_ecu/Lib/Inc/StateMaschineMemory.hpp:19:19:constexpr size_t StateMaschineMemory<NUMBER_OF_STATES>::size() const [with unsigned int NUMBER_OF_STATES = 15]	16	static
C:/Users/OfficeLaptop/Documents/GitHub/mz_testbench_siii/sensor_ecu/Lib/Inc/State.hpp:22:22:static unsigned int State::getId() [with StateImplementation = PodIdleState]	8	static
C:/Users/OfficeLaptop/Documents/GitHub/mz_testbench_siii/sensor_ecu/Lib/Inc/State.hpp:22:22:static unsigned int State::getId() [with StateImplementation = PodReadyToLaunchState]	8	static
C:/Users/OfficeLaptop/Documents/GitHub/mz_testbench_siii/sensor_ecu/Lib/Inc/State.hpp:22:22:static unsigned int State::getId() [with StateImplementation = PodLaunchPreparationState]	8	static
C:/Users/OfficeLaptop/Documents/GitHub/mz_testbench_siii/sensor_ecu/Lib/Inc/State.hpp:22:22:static unsigned int State::getId() [with StateImplementation = PodStartLevitation]	8	static
C:/Users/OfficeLaptop/Documents/GitHub/mz_testbench_siii/sensor_ecu/Lib/Inc/State.hpp:22:22:static unsigned int State::getId() [with StateImplementation = PodLaunchingState]	8	static
C:/Users/OfficeLaptop/Documents/GitHub/mz_testbench_siii/sensor_ecu/Lib/Inc/State.hpp:22:22:static unsigned int State::getId() [with StateImplementation = PodStopLevitationState]	8	static
C:/Users/OfficeLaptop/Documents/GitHub/mz_testbench_siii/sensor_ecu/Lib/Inc/State.hpp:22:22:static unsigned int State::getId() [with StateImplementation = PodBreakState]	8	static
C:/Users/OfficeLaptop/Documents/GitHub/mz_testbench_siii/sensor_ecu/Lib/Inc/State.hpp:22:22:static unsigned int State::getId() [with StateImplementation = PodSafeToApproach]	8	static
C:/Users/OfficeLaptop/Documents/GitHub/mz_testbench_siii/sensor_ecu/Lib/Inc/State.hpp:22:22:static unsigned int State::getId() [with StateImplementation = PodEmergencyState]	8	static
c:\st\stm32cubeide_1.12.0\stm32cubeide\plugins\com.st.stm32cube.ide.mcu.externaltools.gnu-tools-for-stm32.10.3-2021.10.win32_1.0.200.202301161003\tools\arm-none-eabi\include\c++\10.3.1\bits\std_function.h:227:4:static bool std::_Function_base::_Base_manager<_Functor>::_M_not_empty_function(const _Tp&) [with _Tp = MergedMdbState::MergedMdbState()::<lambda(RxMessage&)>; _Functor = MergedMdbState::MergedMdbState()::<lambda(RxMessage&)>]	16	static
c:\st\stm32cubeide_1.12.0\stm32cubeide\plugins\com.st.stm32cube.ide.mcu.externaltools.gnu-tools-for-stm32.10.3-2021.10.win32_1.0.200.202301161003\tools\arm-none-eabi\include\c++\10.3.1\bits\move.h:101:5:constexpr typename std::remove_reference<_Tp>::type&& std::move(_Tp&&) [with _Tp = MergedMdbState::MergedMdbState()::<lambda(RxMessage&)>&]	16	static
c:\st\stm32cubeide_1.12.0\stm32cubeide\plugins\com.st.stm32cube.ide.mcu.externaltools.gnu-tools-for-stm32.10.3-2021.10.win32_1.0.200.202301161003\tools\arm-none-eabi\include\c++\10.3.1\bits\std_function.h:207:2:static void std::_Function_base::_Base_manager<_Functor>::_M_init_functor(std::_Any_data&, _Functor&&) [with _Functor = MergedMdbState::MergedMdbState()::<lambda(RxMessage&)>]	24	static
c:\st\stm32cubeide_1.12.0\stm32cubeide\plugins\com.st.stm32cube.ide.mcu.externaltools.gnu-tools-for-stm32.10.3-2021.10.win32_1.0.200.202301161003\tools\arm-none-eabi\include\c++\10.3.1\bits\std_function.h:289:7:) [with _Res = void; _Functor = MergedMdbState::MergedMdbState()::<lambda(RxMessage&)>; _ArgTypes = {RxMessage&}]	24	static
c:\st\stm32cubeide_1.12.0\stm32cubeide\plugins\com.st.stm32cube.ide.mcu.externaltools.gnu-tools-for-stm32.10.3-2021.10.win32_1.0.200.202301161003\tools\arm-none-eabi\include\c++\10.3.1\bits\std_function.h:268:7:), _Functor>::_M_manager(std::_Any_data&, const std::_Any_data&, std::_Manager_operation) [with _Res = void; _Functor = MergedMdbState::MergedMdbState()::<lambda(RxMessage&)>; _ArgTypes = {RxMessage&}]	32	static
c:\st\stm32cubeide_1.12.0\stm32cubeide\plugins\com.st.stm32cube.ide.mcu.externaltools.gnu-tools-for-stm32.10.3-2021.10.win32_1.0.200.202301161003\tools\arm-none-eabi\include\c++\10.3.1\bits\std_function.h:227:4:static bool std::_Function_base::_Base_manager<_Functor>::_M_not_empty_function(const _Tp&) [with _Tp = PDUController::PDUController()::<lambda(RxMessage&)>; _Functor = PDUController::PDUController()::<lambda(RxMessage&)>]	16	static
c:\st\stm32cubeide_1.12.0\stm32cubeide\plugins\com.st.stm32cube.ide.mcu.externaltools.gnu-tools-for-stm32.10.3-2021.10.win32_1.0.200.202301161003\tools\arm-none-eabi\include\c++\10.3.1\bits\move.h:101:5:constexpr typename std::remove_reference<_Tp>::type&& std::move(_Tp&&) [with _Tp = PDUController::PDUController()::<lambda(RxMessage&)>&]	16	static
c:\st\stm32cubeide_1.12.0\stm32cubeide\plugins\com.st.stm32cube.ide.mcu.externaltools.gnu-tools-for-stm32.10.3-2021.10.win32_1.0.200.202301161003\tools\arm-none-eabi\include\c++\10.3.1\bits\std_function.h:207:2:static void std::_Function_base::_Base_manager<_Functor>::_M_init_functor(std::_Any_data&, _Functor&&) [with _Functor = PDUController::PDUController()::<lambda(RxMessage&)>]	24	static
c:\st\stm32cubeide_1.12.0\stm32cubeide\plugins\com.st.stm32cube.ide.mcu.externaltools.gnu-tools-for-stm32.10.3-2021.10.win32_1.0.200.202301161003\tools\arm-none-eabi\include\c++\10.3.1\bits\std_function.h:289:7:) [with _Res = void; _Functor = PDUController::PDUController()::<lambda(RxMessage&)>; _ArgTypes = {RxMessage&}]	24	static
c:\st\stm32cubeide_1.12.0\stm32cubeide\plugins\com.st.stm32cube.ide.mcu.externaltools.gnu-tools-for-stm32.10.3-2021.10.win32_1.0.200.202301161003\tools\arm-none-eabi\include\c++\10.3.1\bits\std_function.h:268:7:), _Functor>::_M_manager(std::_Any_data&, const std::_Any_data&, std::_Manager_operation) [with _Res = void; _Functor = PDUController::PDUController()::<lambda(RxMessage&)>; _ArgTypes = {RxMessage&}]	32	static
C:/Users/OfficeLaptop/Documents/GitHub/mz_testbench_siii/sensor_ecu/Lib/Inc/StateMaschine.hpp:56:15:const State& StateMaschine::getState() [with STATE = PodReadyToLaunchState]	24	static
C:/Users/OfficeLaptop/Documents/GitHub/mz_testbench_siii/sensor_ecu/Lib/Inc/StateMaschine.hpp:41:7:void StateMaschine::setState() [with DestState = PodReadyToLaunchState]	24	static
c:\st\stm32cubeide_1.12.0\stm32cubeide\plugins\com.st.stm32cube.ide.mcu.externaltools.gnu-tools-for-stm32.10.3-2021.10.win32_1.0.200.202301161003\tools\arm-none-eabi\include\c++\10.3.1\bits\std_function.h:232:2:static void std::_Function_base::_Base_manager<_Functor>::_M_init_functor(std::_Any_data&, _Functor&&, std::true_type) [with _Functor = BrakeECUController::BrakeECUController()::<lambda(RxMessage&)>]	32	static
c:\st\stm32cubeide_1.12.0\stm32cubeide\plugins\com.st.stm32cube.ide.mcu.externaltools.gnu-tools-for-stm32.10.3-2021.10.win32_1.0.200.202301161003\tools\arm-none-eabi\include\c++\10.3.1\bits\std_function.h:136:2:static _Functor* std::_Function_base::_Base_manager<_Functor>::_M_get_pointer(const std::_Any_data&) [with _Functor = BrakeECUController::BrakeECUController()::<lambda(RxMessage&)>]	24	static
c:\st\stm32cubeide_1.12.0\stm32cubeide\plugins\com.st.stm32cube.ide.mcu.externaltools.gnu-tools-for-stm32.10.3-2021.10.win32_1.0.200.202301161003\tools\arm-none-eabi\include\c++\10.3.1\bits\move.h:76:5:constexpr _Tp&& std::forward(typename std::remove_reference<_Tp>::type&) [with _Tp = RxMessage&]	16	static
c:\st\stm32cubeide_1.12.0\stm32cubeide\plugins\com.st.stm32cube.ide.mcu.externaltools.gnu-tools-for-stm32.10.3-2021.10.win32_1.0.200.202301161003\tools\arm-none-eabi\include\c++\10.3.1\bits\invoke.h:148:5:) [with _Res = void; _Callable = BrakeECUController::BrakeECUController()::<lambda(RxMessage&)>&; _Args = {RxMessage&}]	24	static
c:\st\stm32cubeide_1.12.0\stm32cubeide\plugins\com.st.stm32cube.ide.mcu.externaltools.gnu-tools-for-stm32.10.3-2021.10.win32_1.0.200.202301161003\tools\arm-none-eabi\include\c++\10.3.1\bits\std_function.h:92:7:_Tp& std::_Any_data::_M_access() [with _Tp = BrakeECUController::BrakeECUController()::<lambda(RxMessage&)>*]	16	static
c:\st\stm32cubeide_1.12.0\stm32cubeide\plugins\com.st.stm32cube.ide.mcu.externaltools.gnu-tools-for-stm32.10.3-2021.10.win32_1.0.200.202301161003\tools\arm-none-eabi\include\c++\10.3.1\bits\std_function.h:181:2:static bool std::_Function_base::_Base_manager<_Functor>::_M_manager(std::_Any_data&, const std::_Any_data&, std::_Manager_operation) [with _Functor = BrakeECUController::BrakeECUController()::<lambda(RxMessage&)>]	32	static
c:\st\stm32cubeide_1.12.0\stm32cubeide\plugins\com.st.stm32cube.ide.mcu.externaltools.gnu-tools-for-stm32.10.3-2021.10.win32_1.0.200.202301161003\tools\arm-none-eabi\include\c++\10.3.1\bits\move.h:101:5:constexpr typename std::remove_reference<_Tp>::type&& std::move(_Tp&&) [with _Tp = std::_Any_data&]	16	static
c:\st\stm32cubeide_1.12.0\stm32cubeide\plugins\com.st.stm32cube.ide.mcu.externaltools.gnu-tools-for-stm32.10.3-2021.10.win32_1.0.200.202301161003\tools\arm-none-eabi\include\c++\10.3.1\bits\move.h:189:5:std::_Require<std::__not_<std::__is_tuple_like<_Tp> >, std::is_move_constructible<_Tp>, std::is_move_assignable<_Tp> > std::swap(_Tp&, _Tp&) [with _Tp = std::_Any_data]	24	static
c:\st\stm32cubeide_1.12.0\stm32cubeide\plugins\com.st.stm32cube.ide.mcu.externaltools.gnu-tools-for-stm32.10.3-2021.10.win32_1.0.200.202301161003\tools\arm-none-eabi\include\c++\10.3.1\bits\move.h:101:5:constexpr typename std::remove_reference<_Tp>::type&& std::move(_Tp&&) [with _Tp = bool (*&)(std::_Any_data&, const std::_Any_data&, std::_Manager_operation)]	16	static
c:\st\stm32cubeide_1.12.0\stm32cubeide\plugins\com.st.stm32cube.ide.mcu.externaltools.gnu-tools-for-stm32.10.3-2021.10.win32_1.0.200.202301161003\tools\arm-none-eabi\include\c++\10.3.1\bits\move.h:189:5:std::_Require<std::__not_<std::__is_tuple_like<_Tp> >, std::is_move_constructible<_Tp>, std::is_move_assignable<_Tp> > std::swap(_Tp&, _Tp&) [with _Tp = bool (*)(std::_Any_data&, const std::_Any_data&, std::_Manager_operation)]	24	static
c:\st\stm32cubeide_1.12.0\stm32cubeide\plugins\com.st.stm32cube.ide.mcu.externaltools.gnu-tools-for-stm32.10.3-2021.10.win32_1.0.200.202301161003\tools\arm-none-eabi\include\c++\10.3.1\bits\std_function.h:498:16:)>::operator bool() const [with _Res = void; _ArgTypes = {RxMessage&}]	16	static
c:\st\stm32cubeide_1.12.0\stm32cubeide\plugins\com.st.stm32cube.ide.mcu.externaltools.gnu-tools-for-stm32.10.3-2021.10.win32_1.0.200.202301161003\tools\arm-none-eabi\include\c++\10.3.1\bits\std_function.h:498:16:)>::operator bool() const [with _Res = void; _ArgTypes = {ADC_HandleTypeDef*}]	16	static
c:\st\stm32cubeide_1.12.0\stm32cubeide\plugins\com.st.stm32cube.ide.mcu.externaltools.gnu-tools-for-stm32.10.3-2021.10.win32_1.0.200.202301161003\tools\arm-none-eabi\include\c++\10.3.1\bits\move.h:101:5:constexpr typename std::remove_reference<_Tp>::type&& std::move(_Tp&&) [with _Tp = void (*&)(const std::_Any_data&, ADC_HandleTypeDef*&&)]	16	static
c:\st\stm32cubeide_1.12.0\stm32cubeide\plugins\com.st.stm32cube.ide.mcu.externaltools.gnu-tools-for-stm32.10.3-2021.10.win32_1.0.200.202301161003\tools\arm-none-eabi\include\c++\10.3.1\bits\move.h:189:5:std::_Require<std::__not_<std::__is_tuple_like<_Tp> >, std::is_move_constructible<_Tp>, std::is_move_assignable<_Tp> > std::swap(_Tp&, _Tp&) [with _Tp = void (*)(const std::_Any_data&, ADC_HandleTypeDef*&&)]	24	static
c:\st\stm32cubeide_1.12.0\stm32cubeide\plugins\com.st.stm32cube.ide.mcu.externaltools.gnu-tools-for-stm32.10.3-2021.10.win32_1.0.200.202301161003\tools\arm-none-eabi\include\c++\10.3.1\bits\std_function.h:232:2:static void std::_Function_base::_Base_manager<_Functor>::_M_init_functor(std::_Any_data&, _Functor&&, std::true_type) [with _Functor = AdcModuleController::AdcModuleController(AdcModule)::<lambda(ADC_HandleTypeDef*)>]	32	static
c:\st\stm32cubeide_1.12.0\stm32cubeide\plugins\com.st.stm32cube.ide.mcu.externaltools.gnu-tools-for-stm32.10.3-2021.10.win32_1.0.200.202301161003\tools\arm-none-eabi\include\c++\10.3.1\bits\std_function.h:136:2:static _Functor* std::_Function_base::_Base_manager<_Functor>::_M_get_pointer(const std::_Any_data&) [with _Functor = AdcModuleController::AdcModuleController(AdcModule)::<lambda(ADC_HandleTypeDef*)>]	24	static
c:\st\stm32cubeide_1.12.0\stm32cubeide\plugins\com.st.stm32cube.ide.mcu.externaltools.gnu-tools-for-stm32.10.3-2021.10.win32_1.0.200.202301161003\tools\arm-none-eabi\include\c++\10.3.1\bits\invoke.h:148:5:) [with _Res = void; _Callable = AdcModuleController::AdcModuleController(AdcModule)::<lambda(ADC_HandleTypeDef*)>&; _Args = {ADC_HandleTypeDef*}]	24	static
c:\st\stm32cubeide_1.12.0\stm32cubeide\plugins\com.st.stm32cube.ide.mcu.externaltools.gnu-tools-for-stm32.10.3-2021.10.win32_1.0.200.202301161003\tools\arm-none-eabi\include\c++\10.3.1\bits\std_function.h:92:7:_Tp& std::_Any_data::_M_access() [with _Tp = AdcModuleController::AdcModuleController(AdcModule)::<lambda(ADC_HandleTypeDef*)>*]	16	static
c:\st\stm32cubeide_1.12.0\stm32cubeide\plugins\com.st.stm32cube.ide.mcu.externaltools.gnu-tools-for-stm32.10.3-2021.10.win32_1.0.200.202301161003\tools\arm-none-eabi\include\c++\10.3.1\bits\std_function.h:181:2:static bool std::_Function_base::_Base_manager<_Functor>::_M_manager(std::_Any_data&, const std::_Any_data&, std::_Manager_operation) [with _Functor = AdcModuleController::AdcModuleController(AdcModule)::<lambda(ADC_HandleTypeDef*)>]	32	static
c:\st\stm32cubeide_1.12.0\stm32cubeide\plugins\com.st.stm32cube.ide.mcu.externaltools.gnu-tools-for-stm32.10.3-2021.10.win32_1.0.200.202301161003\tools\arm-none-eabi\include\c++\10.3.1\bits\std_function.h:232:2:static void std::_Function_base::_Base_manager<_Functor>::_M_init_functor(std::_Any_data&, _Functor&&, std::true_type) [with _Functor = MergedMdbState::MergedMdbState()::<lambda(RxMessage&)>]	32	static
c:\st\stm32cubeide_1.12.0\stm32cubeide\plugins\com.st.stm32cube.ide.mcu.externaltools.gnu-tools-for-stm32.10.3-2021.10.win32_1.0.200.202301161003\tools\arm-none-eabi\include\c++\10.3.1\bits\std_function.h:136:2:static _Functor* std::_Function_base::_Base_manager<_Functor>::_M_get_pointer(const std::_Any_data&) [with _Functor = MergedMdbState::MergedMdbState()::<lambda(RxMessage&)>]	24	static
c:\st\stm32cubeide_1.12.0\stm32cubeide\plugins\com.st.stm32cube.ide.mcu.externaltools.gnu-tools-for-stm32.10.3-2021.10.win32_1.0.200.202301161003\tools\arm-none-eabi\include\c++\10.3.1\bits\invoke.h:148:5:) [with _Res = void; _Callable = MergedMdbState::MergedMdbState()::<lambda(RxMessage&)>&; _Args = {RxMessage&}]	24	static
c:\st\stm32cubeide_1.12.0\stm32cubeide\plugins\com.st.stm32cube.ide.mcu.externaltools.gnu-tools-for-stm32.10.3-2021.10.win32_1.0.200.202301161003\tools\arm-none-eabi\include\c++\10.3.1\bits\std_function.h:92:7:_Tp& std::_Any_data::_M_access() [with _Tp = MergedMdbState::MergedMdbState()::<lambda(RxMessage&)>*]	16	static
c:\st\stm32cubeide_1.12.0\stm32cubeide\plugins\com.st.stm32cube.ide.mcu.externaltools.gnu-tools-for-stm32.10.3-2021.10.win32_1.0.200.202301161003\tools\arm-none-eabi\include\c++\10.3.1\bits\std_function.h:181:2:static bool std::_Function_base::_Base_manager<_Functor>::_M_manager(std::_Any_data&, const std::_Any_data&, std::_Manager_operation) [with _Functor = MergedMdbState::MergedMdbState()::<lambda(RxMessage&)>]	32	static
c:\st\stm32cubeide_1.12.0\stm32cubeide\plugins\com.st.stm32cube.ide.mcu.externaltools.gnu-tools-for-stm32.10.3-2021.10.win32_1.0.200.202301161003\tools\arm-none-eabi\include\c++\10.3.1\bits\std_function.h:232:2:static void std::_Function_base::_Base_manager<_Functor>::_M_init_functor(std::_Any_data&, _Functor&&, std::true_type) [with _Functor = PDUController::PDUController()::<lambda(RxMessage&)>]	32	static
c:\st\stm32cubeide_1.12.0\stm32cubeide\plugins\com.st.stm32cube.ide.mcu.externaltools.gnu-tools-for-stm32.10.3-2021.10.win32_1.0.200.202301161003\tools\arm-none-eabi\include\c++\10.3.1\bits\std_function.h:136:2:static _Functor* std::_Function_base::_Base_manager<_Functor>::_M_get_pointer(const std::_Any_data&) [with _Functor = PDUController::PDUController()::<lambda(RxMessage&)>]	24	static
c:\st\stm32cubeide_1.12.0\stm32cubeide\plugins\com.st.stm32cube.ide.mcu.externaltools.gnu-tools-for-stm32.10.3-2021.10.win32_1.0.200.202301161003\tools\arm-none-eabi\include\c++\10.3.1\bits\invoke.h:148:5:) [with _Res = void; _Callable = PDUController::PDUController()::<lambda(RxMessage&)>&; _Args = {RxMessage&}]	24	static
c:\st\stm32cubeide_1.12.0\stm32cubeide\plugins\com.st.stm32cube.ide.mcu.externaltools.gnu-tools-for-stm32.10.3-2021.10.win32_1.0.200.202301161003\tools\arm-none-eabi\include\c++\10.3.1\bits\std_function.h:92:7:_Tp& std::_Any_data::_M_access() [with _Tp = PDUController::PDUController()::<lambda(RxMessage&)>*]	16	static
c:\st\stm32cubeide_1.12.0\stm32cubeide\plugins\com.st.stm32cube.ide.mcu.externaltools.gnu-tools-for-stm32.10.3-2021.10.win32_1.0.200.202301161003\tools\arm-none-eabi\include\c++\10.3.1\bits\std_function.h:181:2:static bool std::_Function_base::_Base_manager<_Functor>::_M_manager(std::_Any_data&, const std::_Any_data&, std::_Manager_operation) [with _Functor = PDUController::PDUController()::<lambda(RxMessage&)>]	32	static
c:\st\stm32cubeide_1.12.0\stm32cubeide\plugins\com.st.stm32cube.ide.mcu.externaltools.gnu-tools-for-stm32.10.3-2021.10.win32_1.0.200.202301161003\tools\arm-none-eabi\include\c++\10.3.1\bits\std_function.h:97:7:const _Tp& std::_Any_data::_M_access() const [with _Tp = BrakeECUController::BrakeECUController()::<lambda(RxMessage&)>]	16	static
c:\st\stm32cubeide_1.12.0\stm32cubeide\plugins\com.st.stm32cube.ide.mcu.externaltools.gnu-tools-for-stm32.10.3-2021.10.win32_1.0.200.202301161003\tools\arm-none-eabi\include\c++\10.3.1\bits\move.h:49:5:constexpr _Tp* std::__addressof(_Tp&) [with _Tp = const BrakeECUController::BrakeECUController()::<lambda(RxMessage&)>]	16	static
c:\st\stm32cubeide_1.12.0\stm32cubeide\plugins\com.st.stm32cube.ide.mcu.externaltools.gnu-tools-for-stm32.10.3-2021.10.win32_1.0.200.202301161003\tools\arm-none-eabi\include\c++\10.3.1\bits\move.h:76:5:constexpr _Tp&& std::forward(typename std::remove_reference<_Tp>::type&) [with _Tp = BrakeECUController::BrakeECUController()::<lambda(RxMessage&)>&]	16	static
c:\st\stm32cubeide_1.12.0\stm32cubeide\plugins\com.st.stm32cube.ide.mcu.externaltools.gnu-tools-for-stm32.10.3-2021.10.win32_1.0.200.202301161003\tools\arm-none-eabi\include\c++\10.3.1\bits\invoke.h:59:5:) [with _Res = void; _Fn = BrakeECUController::BrakeECUController()::<lambda(RxMessage&)>&; _Args = {RxMessage&}]	32	static
c:\st\stm32cubeide_1.12.0\stm32cubeide\plugins\com.st.stm32cube.ide.mcu.externaltools.gnu-tools-for-stm32.10.3-2021.10.win32_1.0.200.202301161003\tools\arm-none-eabi\include\c++\10.3.1\bits\std_function.h:150:2:static void std::_Function_base::_Base_manager<_Functor>::_M_clone(std::_Any_data&, const std::_Any_data&, std::true_type) [with _Functor = BrakeECUController::BrakeECUController()::<lambda(RxMessage&)>]	32	static
c:\st\stm32cubeide_1.12.0\stm32cubeide\plugins\com.st.stm32cube.ide.mcu.externaltools.gnu-tools-for-stm32.10.3-2021.10.win32_1.0.200.202301161003\tools\arm-none-eabi\include\c++\10.3.1\bits\std_function.h:167:2:static void std::_Function_base::_Base_manager<_Functor>::_M_destroy(std::_Any_data&, std::true_type) [with _Functor = BrakeECUController::BrakeECUController()::<lambda(RxMessage&)>]	16	static
c:\st\stm32cubeide_1.12.0\stm32cubeide\plugins\com.st.stm32cube.ide.mcu.externaltools.gnu-tools-for-stm32.10.3-2021.10.win32_1.0.200.202301161003\tools\arm-none-eabi\include\c++\10.3.1\bits\std_function.h:97:7:const _Tp& std::_Any_data::_M_access() const [with _Tp = AdcModuleController::AdcModuleController(AdcModule)::<lambda(ADC_HandleTypeDef*)>]	16	static
c:\st\stm32cubeide_1.12.0\stm32cubeide\plugins\com.st.stm32cube.ide.mcu.externaltools.gnu-tools-for-stm32.10.3-2021.10.win32_1.0.200.202301161003\tools\arm-none-eabi\include\c++\10.3.1\bits\move.h:49:5:constexpr _Tp* std::__addressof(_Tp&) [with _Tp = const AdcModuleController::AdcModuleController(AdcModule)::<lambda(ADC_HandleTypeDef*)>]	16	static
c:\st\stm32cubeide_1.12.0\stm32cubeide\plugins\com.st.stm32cube.ide.mcu.externaltools.gnu-tools-for-stm32.10.3-2021.10.win32_1.0.200.202301161003\tools\arm-none-eabi\include\c++\10.3.1\bits\move.h:76:5:constexpr _Tp&& std::forward(typename std::remove_reference<_Tp>::type&) [with _Tp = AdcModuleController::AdcModuleController(AdcModule)::<lambda(ADC_HandleTypeDef*)>&]	16	static
c:\st\stm32cubeide_1.12.0\stm32cubeide\plugins\com.st.stm32cube.ide.mcu.externaltools.gnu-tools-for-stm32.10.3-2021.10.win32_1.0.200.202301161003\tools\arm-none-eabi\include\c++\10.3.1\bits\invoke.h:59:5:) [with _Res = void; _Fn = AdcModuleController::AdcModuleController(AdcModule)::<lambda(ADC_HandleTypeDef*)>&; _Args = {ADC_HandleTypeDef*}]	32	static
c:\st\stm32cubeide_1.12.0\stm32cubeide\plugins\com.st.stm32cube.ide.mcu.externaltools.gnu-tools-for-stm32.10.3-2021.10.win32_1.0.200.202301161003\tools\arm-none-eabi\include\c++\10.3.1\bits\std_function.h:150:2:static void std::_Function_base::_Base_manager<_Functor>::_M_clone(std::_Any_data&, const std::_Any_data&, std::true_type) [with _Functor = AdcModuleController::AdcModuleController(AdcModule)::<lambda(ADC_HandleTypeDef*)>]	32	static
c:\st\stm32cubeide_1.12.0\stm32cubeide\plugins\com.st.stm32cube.ide.mcu.externaltools.gnu-tools-for-stm32.10.3-2021.10.win32_1.0.200.202301161003\tools\arm-none-eabi\include\c++\10.3.1\bits\std_function.h:167:2:static void std::_Function_base::_Base_manager<_Functor>::_M_destroy(std::_Any_data&, std::true_type) [with _Functor = AdcModuleController::AdcModuleController(AdcModule)::<lambda(ADC_HandleTypeDef*)>]	16	static
c:\st\stm32cubeide_1.12.0\stm32cubeide\plugins\com.st.stm32cube.ide.mcu.externaltools.gnu-tools-for-stm32.10.3-2021.10.win32_1.0.200.202301161003\tools\arm-none-eabi\include\c++\10.3.1\bits\std_function.h:97:7:const _Tp& std::_Any_data::_M_access() const [with _Tp = MergedMdbState::MergedMdbState()::<lambda(RxMessage&)>]	16	static
c:\st\stm32cubeide_1.12.0\stm32cubeide\plugins\com.st.stm32cube.ide.mcu.externaltools.gnu-tools-for-stm32.10.3-2021.10.win32_1.0.200.202301161003\tools\arm-none-eabi\include\c++\10.3.1\bits\move.h:49:5:constexpr _Tp* std::__addressof(_Tp&) [with _Tp = const MergedMdbState::MergedMdbState()::<lambda(RxMessage&)>]	16	static
c:\st\stm32cubeide_1.12.0\stm32cubeide\plugins\com.st.stm32cube.ide.mcu.externaltools.gnu-tools-for-stm32.10.3-2021.10.win32_1.0.200.202301161003\tools\arm-none-eabi\include\c++\10.3.1\bits\move.h:76:5:constexpr _Tp&& std::forward(typename std::remove_reference<_Tp>::type&) [with _Tp = MergedMdbState::MergedMdbState()::<lambda(RxMessage&)>&]	16	static
c:\st\stm32cubeide_1.12.0\stm32cubeide\plugins\com.st.stm32cube.ide.mcu.externaltools.gnu-tools-for-stm32.10.3-2021.10.win32_1.0.200.202301161003\tools\arm-none-eabi\include\c++\10.3.1\bits\invoke.h:59:5:) [with _Res = void; _Fn = MergedMdbState::MergedMdbState()::<lambda(RxMessage&)>&; _Args = {RxMessage&}]	32	static
c:\st\stm32cubeide_1.12.0\stm32cubeide\plugins\com.st.stm32cube.ide.mcu.externaltools.gnu-tools-for-stm32.10.3-2021.10.win32_1.0.200.202301161003\tools\arm-none-eabi\include\c++\10.3.1\bits\std_function.h:150:2:static void std::_Function_base::_Base_manager<_Functor>::_M_clone(std::_Any_data&, const std::_Any_data&, std::true_type) [with _Functor = MergedMdbState::MergedMdbState()::<lambda(RxMessage&)>]	32	static
c:\st\stm32cubeide_1.12.0\stm32cubeide\plugins\com.st.stm32cube.ide.mcu.externaltools.gnu-tools-for-stm32.10.3-2021.10.win32_1.0.200.202301161003\tools\arm-none-eabi\include\c++\10.3.1\bits\std_function.h:167:2:static void std::_Function_base::_Base_manager<_Functor>::_M_destroy(std::_Any_data&, std::true_type) [with _Functor = MergedMdbState::MergedMdbState()::<lambda(RxMessage&)>]	16	static
c:\st\stm32cubeide_1.12.0\stm32cubeide\plugins\com.st.stm32cube.ide.mcu.externaltools.gnu-tools-for-stm32.10.3-2021.10.win32_1.0.200.202301161003\tools\arm-none-eabi\include\c++\10.3.1\bits\std_function.h:97:7:const _Tp& std::_Any_data::_M_access() const [with _Tp = PDUController::PDUController()::<lambda(RxMessage&)>]	16	static
c:\st\stm32cubeide_1.12.0\stm32cubeide\plugins\com.st.stm32cube.ide.mcu.externaltools.gnu-tools-for-stm32.10.3-2021.10.win32_1.0.200.202301161003\tools\arm-none-eabi\include\c++\10.3.1\bits\move.h:49:5:constexpr _Tp* std::__addressof(_Tp&) [with _Tp = const PDUController::PDUController()::<lambda(RxMessage&)>]	16	static
c:\st\stm32cubeide_1.12.0\stm32cubeide\plugins\com.st.stm32cube.ide.mcu.externaltools.gnu-tools-for-stm32.10.3-2021.10.win32_1.0.200.202301161003\tools\arm-none-eabi\include\c++\10.3.1\bits\move.h:76:5:constexpr _Tp&& std::forward(typename std::remove_reference<_Tp>::type&) [with _Tp = PDUController::PDUController()::<lambda(RxMessage&)>&]	16	static
c:\st\stm32cubeide_1.12.0\stm32cubeide\plugins\com.st.stm32cube.ide.mcu.externaltools.gnu-tools-for-stm32.10.3-2021.10.win32_1.0.200.202301161003\tools\arm-none-eabi\include\c++\10.3.1\bits\invoke.h:59:5:) [with _Res = void; _Fn = PDUController::PDUController()::<lambda(RxMessage&)>&; _Args = {RxMessage&}]	32	static
c:\st\stm32cubeide_1.12.0\stm32cubeide\plugins\com.st.stm32cube.ide.mcu.externaltools.gnu-tools-for-stm32.10.3-2021.10.win32_1.0.200.202301161003\tools\arm-none-eabi\include\c++\10.3.1\bits\std_function.h:150:2:static void std::_Function_base::_Base_manager<_Functor>::_M_clone(std::_Any_data&, const std::_Any_data&, std::true_type) [with _Functor = PDUController::PDUController()::<lambda(RxMessage&)>]	32	static
c:\st\stm32cubeide_1.12.0\stm32cubeide\plugins\com.st.stm32cube.ide.mcu.externaltools.gnu-tools-for-stm32.10.3-2021.10.win32_1.0.200.202301161003\tools\arm-none-eabi\include\c++\10.3.1\bits\std_function.h:167:2:static void std::_Function_base::_Base_manager<_Functor>::_M_destroy(std::_Any_data&, std::true_type) [with _Functor = PDUController::PDUController()::<lambda(RxMessage&)>]	16	static
c:\st\stm32cubeide_1.12.0\stm32cubeide\plugins\com.st.stm32cube.ide.mcu.externaltools.gnu-tools-for-stm32.10.3-2021.10.win32_1.0.200.202301161003\tools\arm-none-eabi\include\c++\10.3.1\bits\std_function.h:92:7:_Tp& std::_Any_data::_M_access() [with _Tp = BrakeECUController::BrakeECUController()::<lambda(RxMessage&)>]	16	static
c:\st\stm32cubeide_1.12.0\stm32cubeide\plugins\com.st.stm32cube.ide.mcu.externaltools.gnu-tools-for-stm32.10.3-2021.10.win32_1.0.200.202301161003\tools\arm-none-eabi\include\c++\10.3.1\bits\std_function.h:92:7:_Tp& std::_Any_data::_M_access() [with _Tp = AdcModuleController::AdcModuleController(AdcModule)::<lambda(ADC_HandleTypeDef*)>]	16	static
c:\st\stm32cubeide_1.12.0\stm32cubeide\plugins\com.st.stm32cube.ide.mcu.externaltools.gnu-tools-for-stm32.10.3-2021.10.win32_1.0.200.202301161003\tools\arm-none-eabi\include\c++\10.3.1\bits\std_function.h:92:7:_Tp& std::_Any_data::_M_access() [with _Tp = MergedMdbState::MergedMdbState()::<lambda(RxMessage&)>]	16	static
c:\st\stm32cubeide_1.12.0\stm32cubeide\plugins\com.st.stm32cube.ide.mcu.externaltools.gnu-tools-for-stm32.10.3-2021.10.win32_1.0.200.202301161003\tools\arm-none-eabi\include\c++\10.3.1\bits\std_function.h:92:7:_Tp& std::_Any_data::_M_access() [with _Tp = PDUController::PDUController()::<lambda(RxMessage&)>]	16	static
C:/Users/OfficeLaptop/Documents/GitHub/mz_testbench_siii/sensor_ecu/Applications/Inc/PodLaunchPreparationState.hpp:18:7:PodLaunchPreparationState::~PodLaunchPreparationState()	16	static
C:/Users/OfficeLaptop/Documents/GitHub/mz_testbench_siii/sensor_ecu/Applications/Inc/PodLaunchPreparationState.hpp:18:7:virtual PodLaunchPreparationState::~PodLaunchPreparationState()	16	static
C:/Users/OfficeLaptop/Documents/GitHub/mz_testbench_siii/sensor_ecu/Applications/Inc/PodStartupState.hpp:14:7:PodStartupState::~PodStartupState()	16	static
C:/Users/OfficeLaptop/Documents/GitHub/mz_testbench_siii/sensor_ecu/Applications/Inc/PodStartupState.hpp:14:7:virtual PodStartupState::~PodStartupState()	16	static
C:/Users/OfficeLaptop/Documents/GitHub/mz_testbench_siii/sensor_ecu/Applications/Inc/PodIdleState.hpp:16:7:PodIdleState::~PodIdleState()	16	static
C:/Users/OfficeLaptop/Documents/GitHub/mz_testbench_siii/sensor_ecu/Applications/Inc/PodIdleState.hpp:16:7:virtual PodIdleState::~PodIdleState()	16	static
C:/Users/OfficeLaptop/Documents/GitHub/mz_testbench_siii/sensor_ecu/Applications/Inc/PodReadyToLaunchState.hpp:16:7:PodReadyToLaunchState::~PodReadyToLaunchState()	16	static
C:/Users/OfficeLaptop/Documents/GitHub/mz_testbench_siii/sensor_ecu/Applications/Inc/PodReadyToLaunchState.hpp:16:7:virtual PodReadyToLaunchState::~PodReadyToLaunchState()	16	static
C:/Users/OfficeLaptop/Documents/GitHub/mz_testbench_siii/sensor_ecu/Applications/Inc/PodStartLevitationState.hpp:14:7:PodStartLevitation::~PodStartLevitation()	16	static
C:/Users/OfficeLaptop/Documents/GitHub/mz_testbench_siii/sensor_ecu/Applications/Inc/PodStartLevitationState.hpp:14:7:virtual PodStartLevitation::~PodStartLevitation()	16	static
C:/Users/OfficeLaptop/Documents/GitHub/mz_testbench_siii/sensor_ecu/Applications/Inc/PodLaunchingState.hpp:13:7:PodLaunchingState::~PodLaunchingState()	16	static
C:/Users/OfficeLaptop/Documents/GitHub/mz_testbench_siii/sensor_ecu/Applications/Inc/PodLaunchingState.hpp:13:7:virtual PodLaunchingState::~PodLaunchingState()	16	static
C:/Users/OfficeLaptop/Documents/GitHub/mz_testbench_siii/sensor_ecu/Applications/Inc/PodStopLevitationState.hpp:13:7:PodStopLevitationState::~PodStopLevitationState()	16	static
C:/Users/OfficeLaptop/Documents/GitHub/mz_testbench_siii/sensor_ecu/Applications/Inc/PodStopLevitationState.hpp:13:7:virtual PodStopLevitationState::~PodStopLevitationState()	16	static
C:/Users/OfficeLaptop/Documents/GitHub/mz_testbench_siii/sensor_ecu/Applications/Inc/PodBreakState.hpp:13:7:PodBreakState::~PodBreakState()	16	static
C:/Users/OfficeLaptop/Documents/GitHub/mz_testbench_siii/sensor_ecu/Applications/Inc/PodBreakState.hpp:13:7:virtual PodBreakState::~PodBreakState()	16	static
C:/Users/OfficeLaptop/Documents/GitHub/mz_testbench_siii/sensor_ecu/Applications/Inc/PodSafeToApproach.hpp:13:7:PodSafeToApproach::~PodSafeToApproach()	16	static
C:/Users/OfficeLaptop/Documents/GitHub/mz_testbench_siii/sensor_ecu/Applications/Inc/PodSafeToApproach.hpp:13:7:virtual PodSafeToApproach::~PodSafeToApproach()	16	static
C:/Users/OfficeLaptop/Documents/GitHub/mz_testbench_siii/sensor_ecu/Applications/Inc/PodEmergencyState.hpp:15:7:PodEmergencyState::~PodEmergencyState()	16	static
C:/Users/OfficeLaptop/Documents/GitHub/mz_testbench_siii/sensor_ecu/Applications/Inc/PodEmergencyState.hpp:15:7:virtual PodEmergencyState::~PodEmergencyState()	16	static
