C:/Users/OfficeLaptop/Documents/GitHub/mz_testbench_siii/sensor_ecu/Lib/Inc/State.hpp:14:7:constexpr State::State()	16	static
C:/Users/OfficeLaptop/Documents/GitHub/mz_testbench_siii/sensor_ecu/Lib/Inc/State.hpp:24:10:State::~State()	16	static
C:/Users/OfficeLaptop/Documents/GitHub/mz_testbench_siii/sensor_ecu/Lib/Inc/State.hpp:24:10:virtual State::~State()	16	static
../Applications/Src/PodRunStopState.cpp:10:1:PodRunStopState::PodRunStopState()	16	static
../Applications/Src/PodRunStopState.cpp:15:6:virtual void PodRunStopState::setup()	16	static
../Applications/Src/PodRunStopState.cpp:19:6:virtual void PodRunStopState::update()	16	static
../Applications/Src/PodRunStopState.cpp:23:6:virtual void PodRunStopState::dispose()	16	static
C:/Users/OfficeLaptop/Documents/GitHub/mz_testbench_siii/sensor_ecu/Applications/Inc/PodRunStopState.hpp:13:7:PodRunStopState::~PodRunStopState()	16	static
C:/Users/OfficeLaptop/Documents/GitHub/mz_testbench_siii/sensor_ecu/Applications/Inc/PodRunStopState.hpp:13:7:virtual PodRunStopState::~PodRunStopState()	16	static
