C:/Users/OfficeLaptop/Documents/GitHub/mz_testbench_siii/sensor_ecu/Lib/Inc/State.hpp:14:7:constexpr State::State()	16	static
C:/Users/OfficeLaptop/Documents/GitHub/mz_testbench_siii/sensor_ecu/Lib/Inc/State.hpp:24:10:State::~State()	16	static
C:/Users/OfficeLaptop/Documents/GitHub/mz_testbench_siii/sensor_ecu/Lib/Inc/State.hpp:24:10:virtual State::~State()	16	static
../Applications/Src/PodStartupState.cpp:10:1:PodStartupState::PodStartupState()	16	static
../Applications/Src/PodStartupState.cpp:14:6:virtual void PodStartupState::setup()	16	static
../Applications/Src/PodStartupState.cpp:18:6:virtual void PodStartupState::update()	16	static
../Applications/Src/PodStartupState.cpp:22:6:virtual void PodStartupState::dispose()	16	static
C:/Users/OfficeLaptop/Documents/GitHub/mz_testbench_siii/sensor_ecu/Applications/Inc/PodStartupState.hpp:13:7:PodStartupState::~PodStartupState()	16	static
C:/Users/OfficeLaptop/Documents/GitHub/mz_testbench_siii/sensor_ecu/Applications/Inc/PodStartupState.hpp:13:7:virtual PodStartupState::~PodStartupState()	16	static
