C:/Users/OfficeLaptop/Documents/GitHub/mz_testbench_siii/sensor_ecu/Lib/Inc/State.hpp:14:7:constexpr State::State()	16	static
C:/Users/OfficeLaptop/Documents/GitHub/mz_testbench_siii/sensor_ecu/Lib/Inc/State.hpp:24:10:State::~State()	16	static
C:/Users/OfficeLaptop/Documents/GitHub/mz_testbench_siii/sensor_ecu/Lib/Inc/State.hpp:24:10:virtual State::~State()	16	static
../Applications/Src/PodSafeToApproach.cpp:10:1:PodSafeToApproach::PodSafeToApproach()	16	static
../Applications/Src/PodSafeToApproach.cpp:15:6:virtual void PodSafeToApproach::setup()	16	static
../Applications/Src/PodSafeToApproach.cpp:19:6:virtual void PodSafeToApproach::update()	16	static
../Applications/Src/PodSafeToApproach.cpp:23:6:virtual void PodSafeToApproach::dispose()	16	static
C:/Users/OfficeLaptop/Documents/GitHub/mz_testbench_siii/sensor_ecu/Applications/Inc/PodSafeToApproach.hpp:13:7:PodSafeToApproach::~PodSafeToApproach()	16	static
C:/Users/OfficeLaptop/Documents/GitHub/mz_testbench_siii/sensor_ecu/Applications/Inc/PodSafeToApproach.hpp:13:7:virtual PodSafeToApproach::~PodSafeToApproach()	16	static
