C:/Users/OfficeLaptop/Documents/GitHub/mz_testbench_siii/sensor_ecu/Applications/CANzero/dbc-cpp/dbc_parser.hpp:151:9:can::MessageBase::MessageBase(uint32_t, uint8_t, bool)	24	static
C:/Users/OfficeLaptop/Documents/GitHub/mz_testbench_siii/sensor_ecu/Applications/CANzero/dbc-cpp/dbc_parser.hpp:184:14:void can::MessageBase::toBuf(CAN_TxHeaderTypeDef&, uint8_t*, can::CAN_BusTypeDef) const	24	static
C:/Users/OfficeLaptop/Documents/GitHub/mz_testbench_siii/sensor_ecu/Applications/CANZero_static/Inc/cz_typedefinitions.hpp:18:8:TxMessage::TxMessage()	16	static
C:/Users/OfficeLaptop/Documents/GitHub/mz_testbench_siii/sensor_ecu/Applications/CANzero/dbc-cpp/dbc_parser.hpp:213:19:TxMessage can::MessageBase::getTxMessage(can::CAN_BusTypeDef) const	24	static
C:/Users/OfficeLaptop/Documents/GitHub/mz_testbench_siii/sensor_ecu/Applications/CANzero/dbc-cpp/dbc_parser.hpp:220:14:void can::MessageBase::send(can::CAN_BusTypeDef) const	48	static
C:/Users/OfficeLaptop/Documents/GitHub/mz_testbench_siii/sensor_ecu/Applications/CANzero/dbc-cpp/dbc_parser.hpp:1051:42:static constexpr void can::signals::SensorF_TX_PodState::set(uint64_t&, uint64_t&, uint8_t&, uint8_t)	56	static
C:/Users/OfficeLaptop/Documents/GitHub/mz_testbench_siii/sensor_ecu/Applications/CANzero/dbc-cpp/dbc_parser.hpp:1080:42:static constexpr void can::signals::SensorF_TX_PodState_Last::set(uint64_t&, uint64_t&, uint8_t&, uint8_t)	56	static
C:/Users/OfficeLaptop/Documents/GitHub/mz_testbench_siii/sensor_ecu/Applications/CANzero/dbc-cpp/dbc_parser.hpp:1104:42:static constexpr void can::signals::SensorF_TX_PodState_Target::set(uint64_t&, uint64_t&, uint8_t&, uint8_t)	56	static
../Applications/Src/state_maschine.cpp:20:6:void fms::setState(fms::PodState)	16	static
../Applications/Src/state_maschine.cpp:26:6:void fms::update()	8	static
C:/Users/OfficeLaptop/Documents/GitHub/mz_testbench_siii/sensor_ecu/Applications/CANzero/dbc-cpp/dbc_parser.hpp:264:19:constexpr can::Message<MESSAGE_T>::Message() [with MESSAGE_T = can::messages::SensorF_TX_StatePod]	16	static
../Applications/Src/state_maschine.cpp:58:6:void fms::start()	32	static
C:/Users/OfficeLaptop/Documents/GitHub/mz_testbench_siii/sensor_ecu/Applications/CANzero/dbc-cpp/dbc_parser.hpp:288:14:void can::Message<MESSAGE_T>::set(typename T::dataType) [with T = can::signals::SensorF_TX_PodState; MESSAGE_T = can::messages::SensorF_TX_StatePod]	16	static
C:/Users/OfficeLaptop/Documents/GitHub/mz_testbench_siii/sensor_ecu/Applications/CANzero/dbc-cpp/dbc_parser.hpp:288:14:void can::Message<MESSAGE_T>::set(typename T::dataType) [with T = can::signals::SensorF_TX_PodState_Target; MESSAGE_T = can::messages::SensorF_TX_StatePod]	16	static
C:/Users/OfficeLaptop/Documents/GitHub/mz_testbench_siii/sensor_ecu/Applications/CANzero/dbc-cpp/dbc_parser.hpp:288:14:void can::Message<MESSAGE_T>::set(typename T::dataType) [with T = can::signals::SensorF_TX_PodState_Last; MESSAGE_T = can::messages::SensorF_TX_StatePod]	16	static
../Applications/Src/state_maschine.cpp:71:1:void __static_initialization_and_destruction_0(int, int)	16	static
../Applications/Src/state_maschine.cpp:71:1:cpp)	8	static
