/app/stm32cubeide/plugins/com.st.stm32cube.ide.mcu.externaltools.gnu-tools-for-stm32.10.3-2021.10.linux64_1.0.200.202301161003/tools/arm-none-eabi/include/c++/10.3.1/bits/std_function.h:240:5:std::_Function_base::_Function_base()	16	static
/app/stm32cubeide/plugins/com.st.stm32cube.ide.mcu.externaltools.gnu-tools-for-stm32.10.3-2021.10.linux64_1.0.200.202301161003/tools/arm-none-eabi/include/c++/10.3.1/bits/std_function.h:242:5:std::_Function_base::~_Function_base()	16	static
/app/stm32cubeide/plugins/com.st.stm32cube.ide.mcu.externaltools.gnu-tools-for-stm32.10.3-2021.10.linux64_1.0.200.202301161003/tools/arm-none-eabi/include/c++/10.3.1/bits/std_function.h:248:10:bool std::_Function_base::_M_empty() const	16	static
/app/stm32cubeide/plugins/com.st.stm32cube.ide.mcu.externaltools.gnu-tools-for-stm32.10.3-2021.10.linux64_1.0.200.202301161003/tools/arm-none-eabi/include/c++/10.3.1/bits/std_function.h:303:11:std::function<void(short unsigned int)>::~function()	16	static
/home/karlsassie/Documents/mu-zero/git/mz_testbench_siii/brake_ecu/Lib/Inc/GPIOExtiCallbackHandler.hpp:42:2:GPIOExtiCallbackHandler::GPIOExtiCallbackHandler()	24	static
/home/karlsassie/Documents/mu-zero/git/mz_testbench_siii/brake_ecu/Lib/Inc/GPIOExtiCallbackHandler.hpp:14:7:GPIOExtiCallbackHandler::~GPIOExtiCallbackHandler()	24	static
/home/karlsassie/Documents/mu-zero/git/mz_testbench_siii/brake_ecu/Lib/Inc/GPIOExtiCallbackHandler.hpp:18:34:void __tcf_0()	8	static
/home/karlsassie/Documents/mu-zero/git/mz_testbench_siii/brake_ecu/Lib/Inc/GPIOExtiCallbackHandler.hpp:17:34:static GPIOExtiCallbackHandler& GPIOExtiCallbackHandler::getInstance()	8	static
/home/karlsassie/Documents/mu-zero/git/mz_testbench_siii/brake_ecu/Lib/Inc/GPIOExtiCallbackHandler.hpp:35:7:void GPIOExtiCallbackHandler::notify(uint16_t)	24	static
../Lib/Src/GPIOExtiCallbackHandler.cpp:12:6:void HAL_GPIO_EXTI_Callback(uint16_t)	16	static
/app/stm32cubeide/plugins/com.st.stm32cube.ide.mcu.externaltools.gnu-tools-for-stm32.10.3-2021.10.linux64_1.0.200.202301161003/tools/arm-none-eabi/include/c++/10.3.1/bits/std_function.h:330:7:)>::function() [with _Res = void; _ArgTypes = {short unsigned int}]	16	static
/app/stm32cubeide/plugins/com.st.stm32cube.ide.mcu.externaltools.gnu-tools-for-stm32.10.3-2021.10.linux64_1.0.200.202301161003/tools/arm-none-eabi/include/c++/10.3.1/bits/std_function.h:617:5:) const [with _Res = void; _ArgTypes = {short unsigned int}]	24	static
/app/stm32cubeide/plugins/com.st.stm32cube.ide.mcu.externaltools.gnu-tools-for-stm32.10.3-2021.10.linux64_1.0.200.202301161003/tools/arm-none-eabi/include/c++/10.3.1/bits/move.h:76:5:constexpr _Tp&& std::forward(typename std::remove_reference<_Tp>::type&) [with _Tp = short unsigned int]	16	static
