C:/Users/OfficeLaptop/Documents/GitHub/mz_testbench_siii/brake_ecu/Applications/CANzero/dbc-cpp/dbc_parser.hpp:141:9:can::MessageBase::MessageBase(uint32_t, uint8_t, bool)	24	static
C:/Users/OfficeLaptop/Documents/GitHub/mz_testbench_siii/brake_ecu/Applications/CANzero/dbc-cpp/dbc_parser.hpp:174:14:void can::MessageBase::toBuf(CAN_TxHeaderTypeDef&, uint8_t*, can::CAN_BusTypeDef) const	24	static
C:/Users/OfficeLaptop/Documents/GitHub/mz_testbench_siii/brake_ecu/Applications/CANZero_static/Inc/cz_typedefinitions.hpp:18:8:TxMessage::TxMessage()	16	static
C:/Users/OfficeLaptop/Documents/GitHub/mz_testbench_siii/brake_ecu/Applications/CANzero/dbc-cpp/dbc_parser.hpp:203:19:TxMessage can::MessageBase::getTxMessage(can::CAN_BusTypeDef) const	24	static
C:/Users/OfficeLaptop/Documents/GitHub/mz_testbench_siii/brake_ecu/Applications/CANzero/dbc-cpp/dbc_parser.hpp:210:14:void can::MessageBase::send(can::CAN_BusTypeDef) const	48	static
C:/Users/OfficeLaptop/Documents/GitHub/mz_testbench_siii/brake_ecu/Applications/CANzero/dbc-cpp/dbc_parser.hpp:254:19:constexpr can::Message<MESSAGE_T>::Message() [with MESSAGE_T = can::messages::SENSOR_EMCY]	16	static
../Applications/CANZero_static/Src/cz_emergency.cpp:16:6:void canzero::emergency::consumer_entry(void*)	64	static
