../Applications/CANZero_static/Src/cz_processRx.cpp:30:6:void processRX(RxMessage)	8	static
C:/Users/OfficeLaptop/Documents/GitHub/mz_testbench_siii/brake_ecu/Applications/CANzero/dbc-cpp/dbc_parser.hpp:93:17:bool can::checkRxMessage(const RxMessage&) [with MESSAGE = can::messages::BrakeF_RX_Control]	16	static
../Applications/CANZero_static/Src/cz_processRx.cpp:75:1:void __static_initialization_and_destruction_0(int, int)	16	static
../Applications/CANZero_static/Src/cz_processRx.cpp:75:1:cpp)	8	static
