C:/Users/OfficeLaptop/Documents/GitHub/mz_testbench_siii/brake_ecu/Lib/Inc/GPIOWriteController.hpp:15:11:GPIOWriteController::GPIOWriteController(GPIO_TypeDef*, uint16_t)	24	static
C:/Users/OfficeLaptop/Documents/GitHub/mz_testbench_siii/brake_ecu/Applications/Inc/SolenoidController.hpp:14:11:SolenoidController::SolenoidController(const SolenoidConfig&)	16	static
C:/Users/OfficeLaptop/Documents/GitHub/mz_testbench_siii/brake_ecu/Applications/Inc/GlobalPeripheralRegistry.hpp:15:2:GlobalPeripheralRegistry::GlobalPeripheralRegistry()	16	static
C:/Users/OfficeLaptop/Documents/GitHub/mz_testbench_siii/brake_ecu/Applications/Inc/GlobalPeripheralRegistry.hpp:25:56:static GlobalPeripheralRegistry& GlobalPeripheralRegistry::getInstance()	8	static
C:/Users/OfficeLaptop/Documents/GitHub/mz_testbench_siii/brake_ecu/Applications/Inc/GlobalPeripheralRegistry.hpp:30:43:SolenoidController& GlobalPeripheralRegistry::getSolenoidController()	16	static
C:/Users/OfficeLaptop/Documents/GitHub/mz_testbench_siii/brake_ecu/Applications/Inc/GlobalPeripheralRegistry.hpp:34:28:SDC& GlobalPeripheralRegistry::getSDC()	16	static
../Applications/Src/main_entry.cpp:18:6:void main_entry(void*)	24	static
