../Core/Src/tim.c:35:6:MX_TIM2_Init	32	static
../Core/Src/tim.c:75:6:MX_TIM3_Init	32	static
../Core/Src/tim.c:115:6:MX_TIM4_Init	64	static
../Core/Src/tim.c:177:6:MX_TIM5_Init	56	static
../Core/Src/tim.c:221:6:MX_TIM9_Init	24	static
../Core/Src/tim.c:254:6:MX_TIM14_Init	8	static
../Core/Src/tim.c:280:6:HAL_TIM_Base_MspInit	40	static
../Core/Src/tim.c:348:6:HAL_TIM_Encoder_MspInit	48	static
../Core/Src/tim.c:377:6:HAL_TIM_MspPostInit	40	static
../Core/Src/tim.c:407:6:HAL_TIM_Base_MspDeInit	16	static
../Core/Src/tim.c:473:6:HAL_TIM_Encoder_MspDeInit	16	static
