Archive member included to satisfy reference by file (symbol)

c:/st/stm32cubeide_1.12.0/stm32cubeide/plugins/com.st.stm32cube.ide.mcu.externaltools.gnu-tools-for-stm32.10.3-2021.10.win32_1.0.200.202301161003/tools/bin/../lib/gcc/arm-none-eabi/10.3.1/../../../../arm-none-eabi/lib/thumb/v7e-m+fp/hard\libstdc++_nano.a(del_opv.o)
                              ./Applications/Src/main_entry.o (operator delete[](void*))
c:/st/stm32cubeide_1.12.0/stm32cubeide/plugins/com.st.stm32cube.ide.mcu.externaltools.gnu-tools-for-stm32.10.3-2021.10.win32_1.0.200.202301161003/tools/bin/../lib/gcc/arm-none-eabi/10.3.1/../../../../arm-none-eabi/lib/thumb/v7e-m+fp/hard\libstdc++_nano.a(guard.o)
                              ./Applications/Src/main_entry.o (__cxa_guard_acquire)
c:/st/stm32cubeide_1.12.0/stm32cubeide/plugins/com.st.stm32cube.ide.mcu.externaltools.gnu-tools-for-stm32.10.3-2021.10.win32_1.0.200.202301161003/tools/bin/../lib/gcc/arm-none-eabi/10.3.1/../../../../arm-none-eabi/lib/thumb/v7e-m+fp/hard\libstdc++_nano.a(new_opv.o)
                              ./Applications/Src/main_entry.o (operator new[](unsigned int))
c:/st/stm32cubeide_1.12.0/stm32cubeide/plugins/com.st.stm32cube.ide.mcu.externaltools.gnu-tools-for-stm32.10.3-2021.10.win32_1.0.200.202301161003/tools/bin/../lib/gcc/arm-none-eabi/10.3.1/../../../../arm-none-eabi/lib/thumb/v7e-m+fp/hard\libstdc++_nano.a(functional.o)
                              ./Lib/Src/AdcConvCpltCallbackHandler.o (std::__throw_bad_function_call())
c:/st/stm32cubeide_1.12.0/stm32cubeide/plugins/com.st.stm32cube.ide.mcu.externaltools.gnu-tools-for-stm32.10.3-2021.10.win32_1.0.200.202301161003/tools/bin/../lib/gcc/arm-none-eabi/10.3.1/../../../../arm-none-eabi/lib/thumb/v7e-m+fp/hard\libstdc++_nano.a(del_op.o)
                              c:/st/stm32cubeide_1.12.0/stm32cubeide/plugins/com.st.stm32cube.ide.mcu.externaltools.gnu-tools-for-stm32.10.3-2021.10.win32_1.0.200.202301161003/tools/bin/../lib/gcc/arm-none-eabi/10.3.1/../../../../arm-none-eabi/lib/thumb/v7e-m+fp/hard\libstdc++_nano.a(del_opv.o) (operator delete(void*))
c:/st/stm32cubeide_1.12.0/stm32cubeide/plugins/com.st.stm32cube.ide.mcu.externaltools.gnu-tools-for-stm32.10.3-2021.10.win32_1.0.200.202301161003/tools/bin/../lib/gcc/arm-none-eabi/10.3.1/../../../../arm-none-eabi/lib/thumb/v7e-m+fp/hard\libstdc++_nano.a(eh_exception.o)
                              c:/st/stm32cubeide_1.12.0/stm32cubeide/plugins/com.st.stm32cube.ide.mcu.externaltools.gnu-tools-for-stm32.10.3-2021.10.win32_1.0.200.202301161003/tools/bin/../lib/gcc/arm-none-eabi/10.3.1/../../../../arm-none-eabi/lib/thumb/v7e-m+fp/hard\libstdc++_nano.a(functional.o) (std::exception::~exception())
c:/st/stm32cubeide_1.12.0/stm32cubeide/plugins/com.st.stm32cube.ide.mcu.externaltools.gnu-tools-for-stm32.10.3-2021.10.win32_1.0.200.202301161003/tools/bin/../lib/gcc/arm-none-eabi/10.3.1/../../../../arm-none-eabi/lib/thumb/v7e-m+fp/hard\libstdc++_nano.a(new_op.o)
                              c:/st/stm32cubeide_1.12.0/stm32cubeide/plugins/com.st.stm32cube.ide.mcu.externaltools.gnu-tools-for-stm32.10.3-2021.10.win32_1.0.200.202301161003/tools/bin/../lib/gcc/arm-none-eabi/10.3.1/../../../../arm-none-eabi/lib/thumb/v7e-m+fp/hard\libstdc++_nano.a(new_opv.o) (operator new(unsigned int))
c:/st/stm32cubeide_1.12.0/stm32cubeide/plugins/com.st.stm32cube.ide.mcu.externaltools.gnu-tools-for-stm32.10.3-2021.10.win32_1.0.200.202301161003/tools/bin/../lib/gcc/arm-none-eabi/10.3.1/../../../../arm-none-eabi/lib/thumb/v7e-m+fp/hard\libstdc++_nano.a(pure.o)
                              c:/st/stm32cubeide_1.12.0/stm32cubeide/plugins/com.st.stm32cube.ide.mcu.externaltools.gnu-tools-for-stm32.10.3-2021.10.win32_1.0.200.202301161003/tools/bin/../lib/gcc/arm-none-eabi/10.3.1/../../../../arm-none-eabi/lib/thumb/v7e-m+fp/hard\libstdc++_nano.a(eh_exception.o) (__cxa_pure_virtual)
c:/st/stm32cubeide_1.12.0/stm32cubeide/plugins/com.st.stm32cube.ide.mcu.externaltools.gnu-tools-for-stm32.10.3-2021.10.win32_1.0.200.202301161003/tools/bin/../lib/gcc/arm-none-eabi/10.3.1/../../../../arm-none-eabi/lib/thumb/v7e-m+fp/hard\libstdc++_nano.a(si_class_type_info.o)
                              c:/st/stm32cubeide_1.12.0/stm32cubeide/plugins/com.st.stm32cube.ide.mcu.externaltools.gnu-tools-for-stm32.10.3-2021.10.win32_1.0.200.202301161003/tools/bin/../lib/gcc/arm-none-eabi/10.3.1/../../../../arm-none-eabi/lib/thumb/v7e-m+fp/hard\libstdc++_nano.a(functional.o) (vtable for __cxxabiv1::__si_class_type_info)
c:/st/stm32cubeide_1.12.0/stm32cubeide/plugins/com.st.stm32cube.ide.mcu.externaltools.gnu-tools-for-stm32.10.3-2021.10.win32_1.0.200.202301161003/tools/bin/../lib/gcc/arm-none-eabi/10.3.1/../../../../arm-none-eabi/lib/thumb/v7e-m+fp/hard\libstdc++_nano.a(tinfo.o)
[...]
Memory Configuration

Name             Origin             Length             Attributes
CCMRAM           0x0000000010000000 0x0000000000010000 xrw
RAM              0x0000000020000000 0x0000000000020000 xrw
FLASH            0x0000000008000000 0x0000000000100000 xr
*default*        0x0000000000000000 0xffffffffffffffff

Linker script and memory map

LOAD c:/st/stm32cubeide_1.12.0/stm32cubeide/plugins/com.st.stm32cube.ide.mcu.externaltools.gnu-tools-for-stm32.10.3-2021.10.win32_1.0.200.202301161003/tools/bin/../lib/gcc/arm-none-eabi/10.3.1/thumb/v7e-m+fp/hard/crti.o
LOAD c:/st/stm32cubeide_1.12.0/stm32cubeide/plugins/com.st.stm32cube.ide.mcu.externaltools.gnu-tools-for-stm32.10.3-2021.10.win32_1.0.200.202301161003/tools/bin/../lib/gcc/arm-none-eabi/10.3.1/thumb/v7e-m+fp/hard/crtbegin.o
LOAD c:/st/stm32cubeide_1.12.0/stm32cubeide/plugins/com.st.stm32cube.ide.mcu.externaltools.gnu-tools-for-stm32.10.3-2021.10.win32_1.0.200.202301161003/tools/bin/../lib/gcc/arm-none-eabi/10.3.1/../../../../arm-none-eabi/lib/thumb/v7e-m+fp/hard/crt0.o
LOAD ./Applications/Src/main_entry.o
LOAD ./Core/Src/adc.o
LOAD ./Core/Src/can.o
LOAD ./Core/Src/crc.o
LOAD ./Core/Src/dma.o
LOAD ./Core/Src/freertos.o
LOAD ./Core/Src/gpio.o
LOAD ./Core/Src/main.o
LOAD ./Core/Src/rng.o
LOAD ./Core/Src/stm32f4xx_hal_msp.o
LOAD ./Core/Src/stm32f4xx_hal_timebase_tim.o
LOAD ./Core/Src/stm32f4xx_it.o
LOAD ./Core/Src/syscalls.o
LOAD ./Core/Src/sysmem.o
LOAD ./Core/Src/system_stm32f4xx.o
LOAD ./Core/Src/tim.o
LOAD ./Core/Src/usart.o
LOAD ./Core/Startup/startup_stm32f407vgtx.o
LOAD ./Drivers/STM32F4xx_HAL_Driver/Src/stm32f4xx_hal.o
LOAD ./Drivers/STM32F4xx_HAL_Driver/Src/stm32f4xx_hal_adc.o
LOAD ./Drivers/STM32F4xx_HAL_Driver/Src/stm32f4xx_hal_adc_ex.o
LOAD ./Drivers/STM32F4xx_HAL_Driver/Src/stm32f4xx_hal_can.o
LOAD ./Drivers/STM32F4xx_HAL_Driver/Src/stm32f4xx_hal_cortex.o
LOAD ./Drivers/STM32F4xx_HAL_Driver/Src/stm32f4xx_hal_crc.o
LOAD ./Drivers/STM32F4xx_HAL_Driver/Src/stm32f4xx_hal_dma.o
LOAD ./Drivers/STM32F4xx_HAL_Driver/Src/stm32f4xx_hal_dma_ex.o
LOAD ./Drivers/STM32F4xx_HAL_Driver/Src/stm32f4xx_hal_exti.o
LOAD ./Drivers/STM32F4xx_HAL_Driver/Src/stm32f4xx_hal_flash.o
LOAD ./Drivers/STM32F4xx_HAL_Driver/Src/stm32f4xx_hal_flash_ex.o
LOAD ./Drivers/STM32F4xx_HAL_Driver/Src/stm32f4xx_hal_flash_ramfunc.o
LOAD ./Drivers/STM32F4xx_HAL_Driver/Src/stm32f4xx_hal_gpio.o
LOAD ./Drivers/STM32F4xx_HAL_Driver/Src/stm32f4xx_hal_pwr.o
LOAD ./Drivers/STM32F4xx_HAL_Driver/Src/stm32f4xx_hal_pwr_ex.o
LOAD ./Drivers/STM32F4xx_HAL_Driver/Src/stm32f4xx_hal_rcc.o
LOAD ./Drivers/STM32F4xx_HAL_Driver/Src/stm32f4xx_hal_rcc_ex.o
LOAD ./Drivers/STM32F4xx_HAL_Driver/Src/stm32f4xx_hal_rng.o
LOAD ./Drivers/STM32F4xx_HAL_Driver/Src/stm32f4xx_hal_tim.o
LOAD ./Drivers/STM32F4xx_HAL_Driver/Src/stm32f4xx_hal_tim_ex.o
LOAD ./Drivers/STM32F4xx_HAL_Driver/Src/stm32f4xx_hal_uart.o
LOAD ./Drivers/STM32F4xx_HAL_Driver/Src/stm32f4xx_ll_adc.o
LOAD ./Lib/Src/AdcConvCpltCallbackHandler.o
LOAD ./Lib/Src/AdcConvHalfCpltCallbackHandler.o
LOAD ./Lib/Src/GPIOExtiCallbackHandler.o
LOAD ./Lib/Src/TimPeriodElapsedCallbackHandler.o
LOAD ./Lib/Src/estdio.o
LOAD ./Lib/Src/putchar.o
LOAD ./Middlewares/Third_Party/FreeRTOS/Source/CMSIS_RTOS_V2/cmsis_os2.o
LOAD ./Middlewares/Third_Party/FreeRTOS/Source/croutine.o
LOAD ./Middlewares/Third_Party/FreeRTOS/Source/event_groups.o
LOAD ./Middlewares/Third_Party/FreeRTOS/Source/list.o
LOAD ./Middlewares/Third_Party/FreeRTOS/Source/queue.o
LOAD ./Middlewares/Third_Party/FreeRTOS/Source/stream_buffer.o
LOAD ./Middlewares/Third_Party/FreeRTOS/Source/tasks.o
LOAD ./Middlewares/Third_Party/FreeRTOS/Source/timers.o
LOAD ./Middlewares/Third_Party/FreeRTOS/Source/portable/GCC/ARM_CM4F/port.o
LOAD ./Middlewares/Third_Party/FreeRTOS/Source/portable/MemMang/heap_4.o
START GROUP
LOAD c:/st/stm32cubeide_1.12.0/stm32cubeide/plugins/com.st.stm32cube.ide.mcu.externaltools.gnu-tools-for-stm32.10.3-2021.10.win32_1.0.200.202301161003/tools/bin/../lib/gcc/arm-none-eabi/10.3.1/../../../../arm-none-eabi/lib/thumb/v7e-m+fp/hard\libstdc++_nano.a
LOAD c:/st/stm32cubeide_1.12.0/stm32cubeide/plugins/com.st.stm32cube.ide.mcu.externaltools.gnu-tools-for-stm32.10.3-2021.10.win32_1.0.200.202301161003/tools/bin/../lib/gcc/arm-none-eabi/10.3.1/../../../../arm-none-eabi/lib/thumb/v7e-m+fp/hard\libsupc++_nano.a
END GROUP
LOAD c:/st/stm32cubeide_1.12.0/stm32cubeide/plugins/com.st.stm32cube.ide.mcu.externaltools.gnu-tools-for-stm32.10.3-2021.10.win32_1.0.200.202301161003/tools/bin/../lib/gcc/arm-none-eabi/10.3.1/../../../../arm-none-eabi/lib/thumb/v7e-m+fp/hard\libstdc++_nano.a
LOAD c:/st/stm32cubeide_1.12.0/stm32cubeide/plugins/com.st.stm32cube.ide.mcu.externaltools.gnu-tools-for-stm32.10.3-2021.10.win32_1.0.200.202301161003/tools/bin/../lib/gcc/arm-none-eabi/10.3.1/../../../../arm-none-eabi/lib/thumb/v7e-m+fp/hard\libm.a
LOAD c:/st/stm32cubeide_1.12.0/stm32cubeide/plugins/com.st.stm32cube.ide.mcu.externaltools.gnu-tools-for-stm32.10.3-2021.10.win32_1.0.200.202301161003/tools/bin/../lib/gcc/arm-none-eabi/10.3.1/../../../../arm-none-eabi/lib/thumb/v7e-m+fp/hard\libc_nano.a
START GROUP
LOAD c:/st/stm32cubeide_1.12.0/stm32cubeide/plugins/com.st.stm32cube.ide.mcu.externaltools.gnu-tools-for-stm32.10.3-2021.10.win32_1.0.200.202301161003/tools/bin/../lib/gcc/arm-none-eabi/10.3.1/thumb/v7e-m+fp/hard\libgcc.a
LOAD c:/st/stm32cubeide_1.12.0/stm32cubeide/plugins/com.st.stm32cube.ide.mcu.externaltools.gnu-tools-for-stm32.10.3-2021.10.win32_1.0.200.202301161003/tools/bin/../lib/gcc/arm-none-eabi/10.3.1/../../../../arm-none-eabi/lib/thumb/v7e-m+fp/hard\libc_nano.a
END GROUP
START GROUP
LOAD c:/st/stm32cubeide_1.12.0/stm32cubeide/plugins/com.st.stm32cube.ide.mcu.externaltools.gnu-tools-for-stm32.10.3-2021.10.win32_1.0.200.202301161003/tools/bin/../lib/gcc/arm-none-eabi/10.3.1/thumb/v7e-m+fp/hard\libgcc.a
LOAD c:/st/stm32cubeide_1.12.0/stm32cubeide/plugins/com.st.stm32cube.ide.mcu.externaltools.gnu-tools-for-stm32.10.3-2021.10.win32_1.0.200.202301161003/tools/bin/../lib/gcc/arm-none-eabi/10.3.1/../../../../arm-none-eabi/lib/thumb/v7e-m+fp/hard\libc_nano.a
LOAD c:/st/stm32cubeide_1.12.0/stm32cubeide/plugins/com.st.stm32cube.ide.mcu.externaltools.gnu-tools-for-stm32.10.3-2021.10.win32_1.0.200.202301161003/tools/bin/../lib/gcc/arm-none-eabi/10.3.1/../../../../arm-none-eabi/lib/thumb/v7e-m+fp/hard\libnosys.a
END GROUP
START GROUP
LOAD c:/st/stm32cubeide_1.12.0/stm32cubeide/plugins/com.st.stm32cube.ide.mcu.externaltools.gnu-tools-for-stm32.10.3-2021.10.win32_1.0.200.202301161003/tools/bin/../lib/gcc/arm-none-eabi/10.3.1/thumb/v7e-m+fp/hard\libgcc.a
LOAD c:/st/stm32cubeide_1.12.0/stm32cubeide/plugins/com.st.stm32cube.ide.mcu.externaltools.gnu-tools-for-stm32.10.3-2021.10.win32_1.0.200.202301161003/tools/bin/../lib/gcc/arm-none-eabi/10.3.1/../../../../arm-none-eabi/lib/thumb/v7e-m+fp/hard\libc_nano.a
LOAD c:/st/stm32cubeide_1.12.0/stm32cubeide/plugins/com.st.stm32cube.ide.mcu.externaltools.gnu-tools-for-stm32.10.3-2021.10.win32_1.0.200.202301161003/tools/bin/../lib/gcc/arm-none-eabi/10.3.1/../../../../arm-none-eabi/lib/thumb/v7e-m+fp/hard\libnosys.a
END GROUP
LOAD c:/st/stm32cubeide_1.12.0/stm32cubeide/plugins/com.st.stm32cube.ide.mcu.externaltools.gnu-tools-for-stm32.10.3-2021.10.win32_1.0.200.202301161003/tools/bin/../lib/gcc/arm-none-eabi/10.3.1/thumb/v7e-m+fp/hard/crtend.o
LOAD c:/st/stm32cubeide_1.12.0/stm32cubeide/plugins/com.st.stm32cube.ide.mcu.externaltools.gnu-tools-for-stm32.10.3-2021.10.win32_1.0.200.202301161003/tools/bin/../lib/gcc/arm-none-eabi/10.3.1/thumb/v7e-m+fp/hard/crtn.o
                0x0000000020020000                _estack = (ORIGIN (RAM) + LENGTH (RAM))
                0x0000000000000400                _Min_Heap_Size = 0x400
                0x0000000000000800                _Min_Stack_Size = 0x800

.isr_vector     0x0000000008000000      0x188
                0x0000000008000000                . = ALIGN (0x4)
 *(.isr_vector)
 .isr_vector    0x0000000008000000      0x188 ./Core/Startup/startup_stm32f407vgtx.o
                0x0000000008000000                g_pfnVectors
                0x0000000008000188                . = ALIGN (0x4)

.text           0x0000000008000190     0xef18
                0x0000000008000190                . = ALIGN (0x4)
 *(.text)
 .text          0x0000000008000190       0x40 c:/st/stm32cubeide_1.12.0/stm32cubeide/plugins/com.st.stm32cube.ide.mcu.externaltools.gnu-tools-for-stm32.10.3-2021.10.win32_1.0.200.202301161003/tools/bin/../lib/gcc/arm-none-eabi/10.3.1/thumb/v7e-m+fp/hard/crtbegin.o
 .text          0x00000000080001d0       0x10 c:/st/stm32cubeide_1.12.0/stm32cubeide/plugins/com.st.stm32cube.ide.mcu.externaltools.gnu-tools-for-stm32.10.3-2021.10.win32_1.0.200.202301161003/tools/bin/../lib/gcc/arm-none-eabi/10.3.1/../../../../arm-none-eabi/lib/thumb/v7e-m+fp/hard\libc_nano.a(lib_a-strlen.o)
                0x00000000080001d0                strlen
 .text          0x00000000080001e0       0xa0 c:/st/stm32cubeide_1.12.0/stm32cubeide/plugins/com.st.stm32cube.ide.mcu.externaltools.gnu-tools-for-stm32.10.3-2021.10.win32_1.0.200.202301161003/tools/bin/../lib/gcc/arm-none-eabi/10.3.1/../../../../arm-none-eabi/lib/thumb/v7e-m+fp/hard\libc_nano.a(lib_a-memchr.o)
                0x00000000080001e0                memchr
 .text          0x0000000008000280      0x378 c:/st/stm32cubeide_1.12.0/stm32cubeide/plugins/com.st.stm32cube.ide.mcu.externaltools.gnu-tools-for-stm32.10.3-2021.10.win32_1.0.200.202301161003/tools/bin/../lib/gcc/arm-none-eabi/10.3.1/thumb/v7e-m+fp/hard\libgcc.a(_arm_addsubdf3.o)
                0x0000000008000280                __aeabi_drsub
                0x0000000008000288                __aeabi_dsub
                0x0000000008000288                __subdf3
                0x000000000800028c                __aeabi_dadd
                0x000000000800028c                __adddf3
                0x0000000008000504                __floatunsidf
                0x0000000008000504                __aeabi_ui2d
                0x0000000008000524                __floatsidf
                0x0000000008000524                __aeabi_i2d
                0x0000000008000548                __aeabi_f2d
                0x0000000008000548                __extendsfdf2
                0x000000000800058c                __floatundidf
                0x000000000800058c                __aeabi_ul2d
                0x000000000800059c                __floatdidf
                0x000000000800059c                __aeabi_l2d
 .text          0x00000000080005f8      0x424 c:/st/stm32cubeide_1.12.0/stm32cubeide/plugins/com.st.stm32cube.ide.mcu.externaltools.gnu-tools-for-stm32.10.3-2021.10.win32_1.0.200.202301161003/tools/bin/../lib/gcc/arm-none-eabi/10.3.1/thumb/v7e-m+fp/hard\libgcc.a(_arm_muldivdf3.o)
                0x00000000080005f8                __aeabi_dmul
                0x00000000080005f8                __muldf3
                0x000000000800084c                __divdf3
                0x000000000800084c                __aeabi_ddiv
 .text          0x0000000008000a1c      0x110 c:/st/stm32cubeide_1.12.0/stm32cubeide/plugins/com.st.stm32cube.ide.mcu.externaltools.gnu-tools-for-stm32.10.3-2021.10.win32_1.0.200.202301161003/tools/bin/../lib/gcc/arm-none-eabi/10.3.1/thumb/v7e-m+fp/hard\libgcc.a(_arm_cmpdf2.o)
                0x0000000008000a1c                __gtdf2
                0x0000000008000a1c                __gedf2
                0x0000000008000a24                __ltdf2
                0x0000000008000a24                __ledf2
                0x0000000008000a2c                __nedf2
                0x0000000008000a2c                __eqdf2
                0x0000000008000a2c                __cmpdf2
                0x0000000008000aa8                __aeabi_cdrcmple
                0x0000000008000ab8                __aeabi_cdcmpeq
                0x0000000008000ab8                __aeabi_cdcmple
                0x0000000008000ac8                __aeabi_dcmpeq
                0x0000000008000adc                __aeabi_dcmplt
                0x0000000008000af0                __aeabi_dcmple
                0x0000000008000b04                __aeabi_dcmpge
                0x0000000008000b18                __aeabi_dcmpgt
 .text          0x0000000008000b2c       0x2c c:/st/stm32cubeide_1.12.0/stm32cubeide/plugins/com.st.stm32cube.ide.mcu.externaltools.gnu-tools-for-stm32.10.3-2021.10.win32_1.0.200.202301161003/tools/bin/../lib/gcc/arm-none-eabi/10.3.1/thumb/v7e-m+fp/hard\libgcc.a(_arm_unorddf2.o)
                0x0000000008000b2c                __unorddf2
                0x0000000008000b2c                __aeabi_dcmpun
 .text          0x0000000008000b58       0x50 c:/st/stm32cubeide_1.12.0/stm32cubeide/plugins/com.st.stm32cube.ide.mcu.externaltools.gnu-tools-for-stm32.10.3-2021.10.win32_1.0.200.202301161003/tools/bin/../lib/gcc/arm-none-eabi/10.3.1/thumb/v7e-m+fp/hard\libgcc.a(_arm_fixdfsi.o)
                0x0000000008000b58                __aeabi_d2iz
                0x0000000008000b58                __fixdfsi
 .text          0x0000000008000ba8       0x40 c:/st/stm32cubeide_1.12.0/stm32cubeide/plugins/com.st.stm32cube.ide.mcu.externaltools.gnu-tools-for-stm32.10.3-2021.10.win32_1.0.200.202301161003/tools/bin/../lib/gcc/arm-none-eabi/10.3.1/thumb/v7e-m+fp/hard\libgcc.a(_arm_fixunsdfsi.o)
                0x0000000008000ba8                __aeabi_d2uiz
                0x0000000008000ba8                __fixunsdfsi
 .text          0x0000000008000be8       0x30 c:/st/stm32cubeide_1.12.0/stm32cubeide/plugins/com.st.stm32cube.ide.mcu.externaltools.gnu-tools-for-stm32.10.3-2021.10.win32_1.0.200.202301161003/tools/bin/../lib/gcc/arm-none-eabi/10.3.1/thumb/v7e-m+fp/hard\libgcc.a(_aeabi_uldivmod.o)
                0x0000000008000be8                __aeabi_uldivmod
 .text          0x0000000008000c18      0x2d0 c:/st/stm32cubeide_1.12.0/stm32cubeide/plugins/com.st.stm32cube.ide.mcu.externaltools.gnu-tools-for-stm32.10.3-2021.10.win32_1.0.200.202301161003/tools/bin/../lib/gcc/arm-none-eabi/10.3.1/thumb/v7e-m+fp/hard\libgcc.a(_udivmoddi4.o)
                0x0000000008000c18                __udivmoddi4
 .text          0x0000000008000ee8        0x4 c:/st/stm32cubeide_1.12.0/stm32cubeide/plugins/com.st.stm32cube.ide.mcu.externaltools.gnu-tools-for-stm32.10.3-2021.10.win32_1.0.200.202301161003/tools/bin/../lib/gcc/arm-none-eabi/10.3.1/thumb/v7e-m+fp/hard\libgcc.a(_dvmd_tls.o)
                0x0000000008000ee8                __aeabi_idiv0
                0x0000000008000ee8                __aeabi_ldiv0
 *(.text*)
 .text._ZN19GPIOWriteControllerC2EP12GPIO_TypeDeft
                0x0000000008000eec       0x28 ./Applications/Src/main_entry.o
                0x0000000008000eec                GPIOWriteController::GPIOWriteController(GPIO_TypeDef*, unsigned short)
                0x0000000008000eec                GPIOWriteController::GPIOWriteController(GPIO_TypeDef*, unsigned short)
 .text._ZN19GPIOWriteController3setEv
                0x0000000008000f14       0x20 ./Applications/Src/main_entry.o
                0x0000000008000f14                GPIOWriteController::set()
 .text._ZN10AdcChannelC2Ev
                0x0000000008000f34       0x16 ./Applications/Src/main_entry.o
                0x0000000008000f34                AdcChannel::AdcChannel()
                0x0000000008000f34                AdcChannel::AdcChannel()
 .text._ZN10AdcChannel3getEv
                0x0000000008000f4a       0x18 ./Applications/Src/main_entry.o
                0x0000000008000f4a                AdcChannel::get()
 .text._ZN10AdcChannel8setValueEt
                0x0000000008000f62       0x1e ./Applications/Src/main_entry.o
                0x0000000008000f62                AdcChannel::setValue(unsigned short)
 .text._ZnwjPv  0x0000000008000f80       0x18 ./Applications/Src/main_entry.o
                0x0000000008000f80                operator new(unsigned int, void*)
 .text._ZNSt9_Any_data9_M_accessEv
                0x0000000008000f98       0x16 ./Applications/Src/main_entry.o
                0x0000000008000f98                std::_Any_data::_M_access()
 .text._ZNKSt9_Any_data9_M_accessEv
                0x0000000008000fae       0x16 ./Applications/Src/main_entry.o
                0x0000000008000fae                std::_Any_data::_M_access() const
 .text._ZNSt14_Function_baseC2Ev
                0x0000000008000fc4       0x1c ./Applications/Src/main_entry.o
                0x0000000008000fc4                std::_Function_base::_Function_base()
                0x0000000008000fc4                std::_Function_base::_Function_base()
 .text._ZNSt14_Function_baseD2Ev
                0x0000000008000fe0       0x26 ./Applications/Src/main_entry.o
                0x0000000008000fe0                std::_Function_base::~_Function_base()
                0x0000000008000fe0                std::_Function_base::~_Function_base()
 .text._ZNKSt14_Function_base8_M_emptyEv
                0x0000000008001006       0x22 ./Applications/Src/main_entry.o
                0x0000000008001006                std::_Function_base::_M_empty() const
 .text._ZNSt8functionIFvP17ADC_HandleTypeDefEED2Ev
                0x0000000008001028       0x1a ./Applications/Src/main_entry.o
                0x0000000008001028                std::function<void (ADC_HandleTypeDef*)>::~function()
                0x0000000008001028                std::function<void (ADC_HandleTypeDef*)>::~function()
 .text._ZN26AdcConvCpltCallbackHandlerC2Ev
                0x0000000008001042       0x30 ./Applications/Src/main_entry.o
                0x0000000008001042                AdcConvCpltCallbackHandler::AdcConvCpltCallbackHandler()
                0x0000000008001042                AdcConvCpltCallbackHandler::AdcConvCpltCallbackHandler()
 .text._ZN26AdcConvCpltCallbackHandlerD2Ev
                0x0000000008001072       0x2e ./Applications/Src/main_entry.o
                0x0000000008001072                AdcConvCpltCallbackHandler::~AdcConvCpltCallbackHandler()
                0x0000000008001072                AdcConvCpltCallbackHandler::~AdcConvCpltCallbackHandler()
 .text.__tcf_0  0x00000000080010a0       0x10 ./Applications/Src/main_entry.o
 .text._ZN26AdcConvCpltCallbackHandler11getInstanceEv
                0x00000000080010b0       0x5c ./Applications/Src/main_entry.o
                0x00000000080010b0                AdcConvCpltCallbackHandler::getInstance()
 .text._ZN26AdcConvCpltCallbackHandler16registerCallbackESt8functionIFvP17ADC_HandleTypeDefEE
                0x000000000800110c       0x38 ./Applications/Src/main_entry.o
                0x000000000800110c                AdcConvCpltCallbackHandler::registerCallback(std::function<void (ADC_HandleTypeDef*)>)
 .text._ZN26AdcConvCpltCallbackHandler18unregisterCallbackEj
                0x0000000008001144       0x4e ./Applications/Src/main_entry.o
                0x0000000008001144                AdcConvCpltCallbackHandler::unregisterCallback(unsigned int)
 *fill*         0x0000000008001192        0x2 
 .text._ZL17AdcModuleToHandle9AdcModule
                0x0000000008001194       0x34 ./Applications/Src/main_entry.o
 .text._ZZN19AdcModuleControllerC4E9AdcModuleENKUlP17ADC_HandleTypeDefE_clES2_
                0x00000000080011c8       0x28 ./Applications/Src/main_entry.o
                0x00000000080011c8                AdcModuleController::AdcModuleController(AdcModule)::{lambda(ADC_HandleTypeDef*)#1}::operator()(ADC_HandleTypeDef*) const
 .text._ZN19AdcModuleControllerC2E9AdcModule
                0x00000000080011f0       0xe8 ./Applications/Src/main_entry.o
                0x00000000080011f0                AdcModuleController::AdcModuleController(AdcModule)
                0x00000000080011f0                AdcModuleController::AdcModuleController(AdcModule)
 .text._ZN19AdcModuleControllerD2Ev
                0x00000000080012d8       0x70 ./Applications/Src/main_entry.o
                0x00000000080012d8                AdcModuleController::~AdcModuleController()
                0x00000000080012d8                AdcModuleController::~AdcModuleController()
 .text._ZN19AdcModuleController16getChannelByRankEj
                0x0000000008001348       0x2a ./Applications/Src/main_entry.o
                0x0000000008001348                AdcModuleController::getChannelByRank(unsigned int)
 .text._ZN19AdcModuleController6updateEv
                0x0000000008001372       0x68 ./Applications/Src/main_entry.o
                0x0000000008001372                AdcModuleController::update()
 .text._ZN19AdcModuleController10weakUpdateEv
                0x00000000080013da       0x20 ./Applications/Src/main_entry.o
                0x00000000080013da                AdcModuleController::weakUpdate()
 .text._ZN19AdcModuleController15dmaCplrCallbackEv
                0x00000000080013fa       0x20 ./Applications/Src/main_entry.o
                0x00000000080013fa                AdcModuleController::dmaCplrCallback()
 .text._ZL37_getChannelAdcModuleControllerRuntime9AdcModule
                0x000000000800141a       0x38 ./Applications/Src/main_entry.o
 .text._ZN20AdcChannelControllerC2E9AdcModulej
                0x0000000008001452       0x34 ./Applications/Src/main_entry.o
                0x0000000008001452                AdcChannelController::AdcChannelController(AdcModule, unsigned int)
                0x0000000008001452                AdcChannelController::AdcChannelController(AdcModule, unsigned int)
 .text._ZN20AdcChannelController3getEv
                0x0000000008001486       0x26 ./Applications/Src/main_entry.o
                0x0000000008001486                AdcChannelController::get()
 .text._ZN14PressureSensorC2E9AdcModulet
                0x00000000080014ac       0x24 ./Applications/Src/main_entry.o
                0x00000000080014ac                PressureSensor::PressureSensor(AdcModule, unsigned short)
                0x00000000080014ac                PressureSensor::PressureSensor(AdcModule, unsigned short)
 .text._ZN14PressureSensor3getEv
                0x00000000080014d0       0x84 ./Applications/Src/main_entry.o
                0x00000000080014d0                PressureSensor::get()
 .text.main_entry
                0x0000000008001554       0x60 ./Applications/Src/main_entry.o
                0x0000000008001554                main_entry
 .text._ZNSt8functionIFvP17ADC_HandleTypeDefEEC2Ev
                0x00000000080015b4       0x1a ./Applications/Src/main_entry.o
                0x00000000080015b4                std::function<void (ADC_HandleTypeDef*)>::function()
                0x00000000080015b4                std::function<void (ADC_HandleTypeDef*)>::function()
 .text._ZNSt8functionIFvP17ADC_HandleTypeDefEEaSERKS3_
                0x00000000080015ce       0x36 ./Applications/Src/main_entry.o
                0x00000000080015ce                std::function<void (ADC_HandleTypeDef*)>::operator=(std::function<void (ADC_HandleTypeDef*)> const&)
 .text._ZNSt8functionIFvP17ADC_HandleTypeDefEEaSEDn
                0x0000000008001604       0x34 ./Applications/Src/main_entry.o
                0x0000000008001604                std::function<void (ADC_HandleTypeDef*)>::operator=(decltype(nullptr))
 .text._ZNSt8functionIFvP17ADC_HandleTypeDefEEC2IZN19AdcModuleControllerC4E9AdcModuleEUlS1_E_vvEET_
                0x0000000008001638       0x54 ./Applications/Src/main_entry.o
                0x0000000008001638                std::function<void (ADC_HandleTypeDef*)>::function<AdcModuleController::AdcModuleController(AdcModule)::{lambda(ADC_HandleTypeDef*)#1}, void, void>(AdcModuleController::AdcModuleController(AdcModule)::{lambda(ADC_HandleTypeDef*)#1})
                0x0000000008001638                std::function<void (ADC_HandleTypeDef*)>::function<AdcModuleController::AdcModuleController(AdcModule)::{lambda(ADC_HandleTypeDef*)#1}, void, void>(AdcModuleController::AdcModuleController(AdcModule)::{lambda(ADC_HandleTypeDef*)#1})
 .text.__tcf_1  0x000000000800168c       0x10 ./Applications/Src/main_entry.o
 .text._Z41_getChannelAdcModuleControllerCompiletimeIL9AdcModule0EER19AdcModuleControllerv
                0x000000000800169c       0x5c ./Applications/Src/main_entry.o
 .text.__tcf_2  0x00000000080016f8       0x10 ./Applications/Src/main_entry.o
 .text._Z41_getChannelAdcModuleControllerCompiletimeIL9AdcModule1EER19AdcModuleControllerv
                0x0000000008001708       0x5c ./Applications/Src/main_entry.o
 .text._ZNSt8functionIFvP17ADC_HandleTypeDefEEC2ERKS3_
                0x0000000008001764       0x44 ./Applications/Src/main_entry.o
                0x0000000008001764                std::function<void (ADC_HandleTypeDef*)>::function(std::function<void (ADC_HandleTypeDef*)> const&)
                0x0000000008001764                std::function<void (ADC_HandleTypeDef*)>::function(std::function<void (ADC_HandleTypeDef*)> const&)
 .text._ZNSt8functionIFvP17ADC_HandleTypeDefEE4swapERS3_
                0x00000000080017a8       0x42 ./Applications/Src/main_entry.o
                0x00000000080017a8                std::function<void (ADC_HandleTypeDef*)>::swap(std::function<void (ADC_HandleTypeDef*)>&)
 .text._ZSt7forwardIP17ADC_HandleTypeDefEOT_RNSt16remove_referenceIS2_E4typeE
                0x00000000080017ea       0x16 ./Applications/Src/main_entry.o
                0x00000000080017ea                ADC_HandleTypeDef*&& std::forward<ADC_HandleTypeDef*>(std::remove_reference<ADC_HandleTypeDef*>::type&)
 .text._ZNSt14_Function_base13_Base_managerIZN19AdcModuleControllerC4E9AdcModuleEUlP17ADC_HandleTypeDefE_E21_M_not_empty_functionIS5_EEbRKT_
                0x0000000008001800       0x16 ./Applications/Src/main_entry.o
                0x0000000008001800                bool std::_Function_base::_Base_manager<AdcModuleController::AdcModuleController(AdcModule)::{lambda(ADC_HandleTypeDef*)#1}>::_M_not_empty_function<AdcModuleController::AdcModuleController(AdcModule)::{lambda(ADC_HandleTypeDef*)#1}>(AdcModuleController::AdcModuleController(AdcModule)::{lambda(ADC_HandleTypeDef*)#1} const&)
 .text._ZSt4moveIRZN19AdcModuleControllerC4E9AdcModuleEUlP17ADC_HandleTypeDefE_EONSt16remove_referenceIT_E4typeEOS7_
                0x0000000008001816       0x16 ./Applications/Src/main_entry.o
                0x0000000008001816                std::remove_reference<AdcModuleController::AdcModuleController(AdcModule)::{lambda(ADC_HandleTypeDef*)#1}&>::type&& std::move<AdcModuleController::AdcModuleController(AdcModule)::{lambda(ADC_HandleTypeDef*)#1}&>(AdcModuleController::AdcModuleController(AdcModule)::{lambda(ADC_HandleTypeDef*)#1}&)
 .text._ZNSt14_Function_base13_Base_managerIZN19AdcModuleControllerC4E9AdcModuleEUlP17ADC_HandleTypeDefE_E15_M_init_functorERSt9_Any_dataOS5_
                0x000000000800182c       0x24 ./Applications/Src/main_entry.o
                0x000000000800182c                std::_Function_base::_Base_manager<AdcModuleController::AdcModuleController(AdcModule)::{lambda(ADC_HandleTypeDef*)#1}>::_M_init_functor(std::_Any_data&, AdcModuleController::AdcModuleController(AdcModule)::{lambda(ADC_HandleTypeDef*)#1}&&)
 .text._ZNSt17_Function_handlerIFvP17ADC_HandleTypeDefEZN19AdcModuleControllerC4E9AdcModuleEUlS1_E_E9_M_invokeERKSt9_Any_dataOS1_
                0x0000000008001850       0x2a ./Applications/Src/main_entry.o
                0x0000000008001850                std::_Function_handler<void (ADC_HandleTypeDef*), AdcModuleController::AdcModuleController(AdcModule)::{lambda(ADC_HandleTypeDef*)#1}>::_M_invoke(std::_Any_data const&, ADC_HandleTypeDef*&&)
 .text._ZNSt17_Function_handlerIFvP17ADC_HandleTypeDefEZN19AdcModuleControllerC4E9AdcModuleEUlS1_E_E10_M_managerERSt9_Any_dataRKS7_St18_Manager_operation
                0x000000000800187a       0x3e ./Applications/Src/main_entry.o
                0x000000000800187a                std::_Function_handler<void (ADC_HandleTypeDef*), AdcModuleController::AdcModuleController(AdcModule)::{lambda(ADC_HandleTypeDef*)#1}>::_M_manager(std::_Any_data&, std::_Any_data const&, std::_Manager_operation)
 .text._ZNKSt8functionIFvP17ADC_HandleTypeDefEEcvbEv
                0x00000000080018b8       0x20 ./Applications/Src/main_entry.o
                0x00000000080018b8                std::function<void (ADC_HandleTypeDef*)>::operator bool() const
 .text._ZSt4moveIRSt9_Any_dataEONSt16remove_referenceIT_E4typeEOS3_
                0x00000000080018d8       0x16 ./Applications/Src/main_entry.o
                0x00000000080018d8                std::remove_reference<std::_Any_data&>::type&& std::move<std::_Any_data&>(std::_Any_data&)
 .text._ZSt4swapISt9_Any_dataENSt9enable_ifIXsrSt6__and_IJSt6__not_ISt15__is_tuple_likeIT_EESt21is_move_constructibleIS5_ESt18is_move_assignableIS5_EEE5valueEvE4typeERS5_SF_
                0x00000000080018ee       0x4e ./Applications/Src/main_entry.o
                0x00000000080018ee                std::enable_if<std::__and_<std::__not_<std::__is_tuple_like<std::_Any_data> >, std::is_move_constructible<std::_Any_data>, std::is_move_assignable<std::_Any_data> >::value, void>::type std::swap<std::_Any_data>(std::_Any_data&, std::_Any_data&)
 .text._ZSt4moveIRPFbRSt9_Any_dataRKS0_St18_Manager_operationEEONSt16remove_referenceIT_E4typeEOS9_
                0x000000000800193c       0x16 ./Applications/Src/main_entry.o
                0x000000000800193c                std::remove_reference<bool (*&)(std::_Any_data&, std::_Any_data const&, std::_Manager_operation)>::type&& std::move<bool (*&)(std::_Any_data&, std::_Any_data const&, std::_Manager_operation)>(bool (*&)(std::_Any_data&, std::_Any_data const&, std::_Manager_operation))
 .text._ZSt4swapIPFbRSt9_Any_dataRKS0_St18_Manager_operationEENSt9enable_ifIXsrSt6__and_IJSt6__not_ISt15__is_tuple_likeIT_EESt21is_move_constructibleISB_ESt18is_move_assignableISB_EEE5valueEvE4typeERSB_SL_
                0x0000000008001952       0x3e ./Applications/Src/main_entry.o
                0x0000000008001952                std::enable_if<std::__and_<std::__not_<std::__is_tuple_like<bool (*)(std::_Any_data&, std::_Any_data const&, std::_Manager_operation)> >, std::is_move_constructible<bool (*)(std::_Any_data&, std::_Any_data const&, std::_Manager_operation)>, std::is_move_assignable<bool (*)(std::_Any_data&, std::_Any_data const&, std::_Manager_operation)> >::value, void>::type std::swap<bool (*)(std::_Any_data&, std::_Any_data const&, std::_Manager_operation)>(bool (*&)(std::_Any_data&, std::_Any_data const&, std::_Manager_operation), bool (*&)(std::_Any_data&, std::_Any_data const&, std::_Manager_operation))
 .text._ZSt4moveIRPFvRKSt9_Any_dataOP17ADC_HandleTypeDefEEONSt16remove_referenceIT_E4typeEOSA_
                0x0000000008001990       0x16 ./Applications/Src/main_entry.o
                0x0000000008001990                std::remove_reference<void (*&)(std::_Any_data const&, ADC_HandleTypeDef*&&)>::type&& std::move<void (*&)(std::_Any_data const&, ADC_HandleTypeDef*&&)>(void (*&)(std::_Any_data const&, ADC_HandleTypeDef*&&))
 .text._ZSt4swapIPFvRKSt9_Any_dataOP17ADC_HandleTypeDefEENSt9enable_ifIXsrSt6__and_IJSt6__not_ISt15__is_tuple_likeIT_EESt21is_move_constructibleISC_ESt18is_move_assignableISC_EEE5valueEvE4typeERSC_SM_
                0x00000000080019a6       0x3e ./Applications/Src/main_entry.o
                0x00000000080019a6                std::enable_if<std::__and_<std::__not_<std::__is_tuple_like<void (*)(std::_Any_data const&, ADC_HandleTypeDef*&&)> >, std::is_move_constructible<void (*)(std::_Any_data const&, ADC_HandleTypeDef*&&)>, std::is_move_assignable<void (*)(std::_Any_data const&, ADC_HandleTypeDef*&&)> >::value, void>::type std::swap<void (*)(std::_Any_data const&, ADC_HandleTypeDef*&&)>(void (*&)(std::_Any_data const&, ADC_HandleTypeDef*&&), void (*&)(std::_Any_data const&, ADC_HandleTypeDef*&&))
 .text._ZNSt14_Function_base13_Base_managerIZN19AdcModuleControllerC4E9AdcModuleEUlP17ADC_HandleTypeDefE_E15_M_init_functorERSt9_Any_dataOS5_St17integral_constantIbLb1EE
                0x00000000080019e4       0x32 ./Applications/Src/main_entry.o
                0x00000000080019e4                std::_Function_base::_Base_manager<AdcModuleController::AdcModuleController(AdcModule)::{lambda(ADC_HandleTypeDef*)#1}>::_M_init_functor(std::_Any_data&, AdcModuleController::AdcModuleController(AdcModule)::{lambda(ADC_HandleTypeDef*)#1}&&, std::integral_constant<bool, true>)
 .text._ZNSt14_Function_base13_Base_managerIZN19AdcModuleControllerC4E9AdcModuleEUlP17ADC_HandleTypeDefE_E14_M_get_pointerERKSt9_Any_data
                0x0000000008001a16       0x22 ./Applications/Src/main_entry.o
                0x0000000008001a16                std::_Function_base::_Base_manager<AdcModuleController::AdcModuleController(AdcModule)::{lambda(ADC_HandleTypeDef*)#1}>::_M_get_pointer(std::_Any_data const&)
 .text._ZSt10__invoke_rIvRZN19AdcModuleControllerC4E9AdcModuleEUlP17ADC_HandleTypeDefE_JS3_EENSt9enable_ifIXsrSt6__and_IJSt7is_voidIT_ESt14__is_invocableIT0_JDpT1_EEEE5valueES9_E4typeEOSC_DpOSD_
                0x0000000008001a38       0x2c ./Applications/Src/main_entry.o
                0x0000000008001a38                std::enable_if<std::__and_<std::is_void<void>, std::__is_invocable<AdcModuleController::AdcModuleController(AdcModule)::{lambda(ADC_HandleTypeDef*)#1}&, ADC_HandleTypeDef*> >::value, void>::type std::__invoke_r<void, AdcModuleController::AdcModuleController(AdcModule)::{lambda(ADC_HandleTypeDef*)#1}&, ADC_HandleTypeDef*>(AdcModuleController::AdcModuleController(AdcModule)::{lambda(ADC_HandleTypeDef*)#1}&, ADC_HandleTypeDef*&&)
 .text._ZNSt9_Any_data9_M_accessIPZN19AdcModuleControllerC4E9AdcModuleEUlP17ADC_HandleTypeDefE_EERT_v
                0x0000000008001a64       0x18 ./Applications/Src/main_entry.o
                0x0000000008001a64                AdcModuleController::AdcModuleController(AdcModule)::{lambda(ADC_HandleTypeDef*)#1}*& std::_Any_data::_M_access<AdcModuleController::AdcModuleController(AdcModule)::{lambda(ADC_HandleTypeDef*)#1}*>()
 .text._ZNSt14_Function_base13_Base_managerIZN19AdcModuleControllerC4E9AdcModuleEUlP17ADC_HandleTypeDefE_E10_M_managerERSt9_Any_dataRKS7_St18_Manager_operation
                0x0000000008001a7c       0x56 ./Applications/Src/main_entry.o
                0x0000000008001a7c                std::_Function_base::_Base_manager<AdcModuleController::AdcModuleController(AdcModule)::{lambda(ADC_HandleTypeDef*)#1}>::_M_manager(std::_Any_data&, std::_Any_data const&, std::_Manager_operation)
 .text._ZNKSt9_Any_data9_M_accessIZN19AdcModuleControllerC4E9AdcModuleEUlP17ADC_HandleTypeDefE_EERKT_v
                0x0000000008001ad2       0x18 ./Applications/Src/main_entry.o
                0x0000000008001ad2                AdcModuleController::AdcModuleController(AdcModule)::{lambda(ADC_HandleTypeDef*)#1} const& std::_Any_data::_M_access<AdcModuleController::AdcModuleController(AdcModule)::{lambda(ADC_HandleTypeDef*)#1}>() const
 .text._ZSt11__addressofIKZN19AdcModuleControllerC4E9AdcModuleEUlP17ADC_HandleTypeDefE_EPT_RS6_
                0x0000000008001aea       0x16 ./Applications/Src/main_entry.o
                0x0000000008001aea                AdcModuleController::AdcModuleController(AdcModule)::{lambda(ADC_HandleTypeDef*)#1} const* std::__addressof<AdcModuleController::AdcModuleController(AdcModule)::{lambda(ADC_HandleTypeDef*)#1} const>(AdcModuleController::AdcModuleController(AdcModule)::{lambda(ADC_HandleTypeDef*)#1} const&)
 .text._ZSt7forwardIRZN19AdcModuleControllerC4E9AdcModuleEUlP17ADC_HandleTypeDefE_EOT_RNSt16remove_referenceIS6_E4typeE
                0x0000000008001b00       0x16 ./Applications/Src/main_entry.o
                0x0000000008001b00                AdcModuleController::AdcModuleController(AdcModule)::{lambda(ADC_HandleTypeDef*)#1}& std::forward<AdcModuleController::AdcModuleController(AdcModule)::{lambda(ADC_HandleTypeDef*)#1}&>(std::remove_reference<AdcModuleController::AdcModuleController(AdcModule)::{lambda(ADC_HandleTypeDef*)#1}&>::type&)
 .text._ZSt13__invoke_implIvRZN19AdcModuleControllerC4E9AdcModuleEUlP17ADC_HandleTypeDefE_JS3_EET_St14__invoke_otherOT0_DpOT1_
                0x0000000008001b16       0x2e ./Applications/Src/main_entry.o
                0x0000000008001b16                void std::__invoke_impl<void, AdcModuleController::AdcModuleController(AdcModule)::{lambda(ADC_HandleTypeDef*)#1}&, ADC_HandleTypeDef*>(std::__invoke_other, AdcModuleController::AdcModuleController(AdcModule)::{lambda(ADC_HandleTypeDef*)#1}&, ADC_HandleTypeDef*&&)
 .text._ZNSt14_Function_base13_Base_managerIZN19AdcModuleControllerC4E9AdcModuleEUlP17ADC_HandleTypeDefE_E8_M_cloneERSt9_Any_dataRKS7_St17integral_constantIbLb1EE
                0x0000000008001b44       0x32 ./Applications/Src/main_entry.o
                0x0000000008001b44                std::_Function_base::_Base_manager<AdcModuleController::AdcModuleController(AdcModule)::{lambda(ADC_HandleTypeDef*)#1}>::_M_clone(std::_Any_data&, std::_Any_data const&, std::integral_constant<bool, true>)
 .text._ZNSt14_Function_base13_Base_managerIZN19AdcModuleControllerC4E9AdcModuleEUlP17ADC_HandleTypeDefE_E10_M_destroyERSt9_Any_dataSt17integral_constantIbLb1EE
                0x0000000008001b76       0x18 ./Applications/Src/main_entry.o
                0x0000000008001b76                std::_Function_base::_Base_manager<AdcModuleController::AdcModuleController(AdcModule)::{lambda(ADC_HandleTypeDef*)#1}>::_M_destroy(std::_Any_data&, std::integral_constant<bool, true>)
 .text._ZNSt9_Any_data9_M_accessIZN19AdcModuleControllerC4E9AdcModuleEUlP17ADC_HandleTypeDefE_EERT_v
                0x0000000008001b8e       0x18 ./Applications/Src/main_entry.o
                0x0000000008001b8e                AdcModuleController::AdcModuleController(AdcModule)::{lambda(ADC_HandleTypeDef*)#1}& std::_Any_data::_M_access<AdcModuleController::AdcModuleController(AdcModule)::{lambda(ADC_HandleTypeDef*)#1}>()
 *fill*         0x0000000008001ba6        0x2 
 .text.MX_ADC1_Init
                0x0000000008001ba8      0x104 ./Core/Src/adc.o
                0x0000000008001ba8                MX_ADC1_Init
 .text.MX_ADC2_Init
                0x0000000008001cac       0xa4 ./Core/Src/adc.o
                0x0000000008001cac                MX_ADC2_Init
 .text.HAL_ADC_MspInit
                0x0000000008001d50      0x1f0 ./Core/Src/adc.o
                0x0000000008001d50                HAL_ADC_MspInit
 .text.MX_CAN1_Init
                0x0000000008001f40       0x6c ./Core/Src/can.o
                0x0000000008001f40                MX_CAN1_Init
 .text.MX_CAN2_Init
                0x0000000008001fac       0x6c ./Core/Src/can.o
                0x0000000008001fac                MX_CAN2_Init
 .text.HAL_CAN_MspInit
                0x0000000008002018      0x180 ./Core/Src/can.o
                0x0000000008002018                HAL_CAN_MspInit
 .text.MX_CRC_Init
                0x0000000008002198       0x28 ./Core/Src/crc.o
                0x0000000008002198                MX_CRC_Init
 .text.HAL_CRC_MspInit
                0x00000000080021c0       0x44 ./Core/Src/crc.o
                0x00000000080021c0                HAL_CRC_MspInit
 .text.MX_DMA_Init
                0x0000000008002204       0x8c ./Core/Src/dma.o
                0x0000000008002204                MX_DMA_Init
 .text.configureTimerForRunTimeStats
                0x0000000008002290        0xe ./Core/Src/freertos.o
                0x0000000008002290                configureTimerForRunTimeStats
 .text.getRunTimeCounterValue
                0x000000000800229e       0x10 ./Core/Src/freertos.o
                0x000000000800229e                getRunTimeCounterValue
 .text.vApplicationStackOverflowHook
                0x00000000080022ae       0x16 ./Core/Src/freertos.o
                0x00000000080022ae                vApplicationStackOverflowHook
 .text.vApplicationMallocFailedHook
                0x00000000080022c4        0xe ./Core/Src/freertos.o
                0x00000000080022c4                vApplicationMallocFailedHook
 *fill*         0x00000000080022d2        0x2 
 .text.MX_FREERTOS_Init
                0x00000000080022d4       0x58 ./Core/Src/freertos.o
                0x00000000080022d4                MX_FREERTOS_Init
 .text.StartDefaultTask
                0x000000000800232c       0x10 ./Core/Src/freertos.o
                0x000000000800232c                StartDefaultTask
 .text.MX_GPIO_Init
                0x000000000800233c      0x144 ./Core/Src/gpio.o
                0x000000000800233c                MX_GPIO_Init
 .text.main     0x0000000008002480       0x42 ./Core/Src/main.o
                0x0000000008002480                main
 *fill*         0x00000000080024c2        0x2 
 .text.SystemClock_Config
                0x00000000080024c4       0xd4 ./Core/Src/main.o
                0x00000000080024c4                SystemClock_Config
 .text.HAL_TIM_PeriodElapsedCallback
                0x0000000008002598       0x24 ./Core/Src/main.o
                0x0000000008002598                HAL_TIM_PeriodElapsedCallback
 .text.Error_Handler
                0x00000000080025bc        0xa ./Core/Src/main.o
                0x00000000080025bc                Error_Handler
 *fill*         0x00000000080025c6        0x2 
 .text.MX_RNG_Init
                0x00000000080025c8       0x28 ./Core/Src/rng.o
                0x00000000080025c8                MX_RNG_Init
 .text.HAL_RNG_MspInit
                0x00000000080025f0       0x44 ./Core/Src/rng.o
                0x00000000080025f0                HAL_RNG_MspInit
 .text.HAL_MspInit
                0x0000000008002634       0x58 ./Core/Src/stm32f4xx_hal_msp.o
                0x0000000008002634                HAL_MspInit
 .text.HAL_InitTick
                0x000000000800268c       0xe8 ./Core/Src/stm32f4xx_hal_timebase_tim.o
                0x000000000800268c                HAL_InitTick
 .text.NMI_Handler
                0x0000000008002774        0x6 ./Core/Src/stm32f4xx_it.o
                0x0000000008002774                NMI_Handler
 .text.HardFault_Handler
                0x000000000800277a        0x6 ./Core/Src/stm32f4xx_it.o
                0x000000000800277a                HardFault_Handler
 .text.MemManage_Handler
                0x0000000008002780        0x6 ./Core/Src/stm32f4xx_it.o
                0x0000000008002780                MemManage_Handler
 .text.BusFault_Handler
                0x0000000008002786        0x6 ./Core/Src/stm32f4xx_it.o
                0x0000000008002786                BusFault_Handler
 .text.UsageFault_Handler
                0x000000000800278c        0x6 ./Core/Src/stm32f4xx_it.o
                0x000000000800278c                UsageFault_Handler
 .text.DebugMon_Handler
                0x0000000008002792        0xe ./Core/Src/stm32f4xx_it.o
                0x0000000008002792                DebugMon_Handler
 .text.DMA1_Stream5_IRQHandler
                0x00000000080027a0       0x14 ./Core/Src/stm32f4xx_it.o
                0x00000000080027a0                DMA1_Stream5_IRQHandler
 .text.DMA1_Stream6_IRQHandler
                0x00000000080027b4       0x14 ./Core/Src/stm32f4xx_it.o
                0x00000000080027b4                DMA1_Stream6_IRQHandler
 .text.CAN1_RX0_IRQHandler
                0x00000000080027c8       0x14 ./Core/Src/stm32f4xx_it.o
                0x00000000080027c8                CAN1_RX0_IRQHandler
 .text.CAN1_RX1_IRQHandler
                0x00000000080027dc       0x14 ./Core/Src/stm32f4xx_it.o
                0x00000000080027dc                CAN1_RX1_IRQHandler
 .text.TIM1_UP_TIM10_IRQHandler
                0x00000000080027f0       0x14 ./Core/Src/stm32f4xx_it.o
                0x00000000080027f0                TIM1_UP_TIM10_IRQHandler
 .text.USART2_IRQHandler
                0x0000000008002804       0x14 ./Core/Src/stm32f4xx_it.o
                0x0000000008002804                USART2_IRQHandler
 .text.DMA2_Stream0_IRQHandler
                0x0000000008002818       0x14 ./Core/Src/stm32f4xx_it.o
                0x0000000008002818                DMA2_Stream0_IRQHandler
 .text.DMA2_Stream2_IRQHandler
                0x000000000800282c       0x14 ./Core/Src/stm32f4xx_it.o
                0x000000000800282c                DMA2_Stream2_IRQHandler
 .text.CAN2_RX0_IRQHandler
                0x0000000008002840       0x14 ./Core/Src/stm32f4xx_it.o
                0x0000000008002840                CAN2_RX0_IRQHandler
 .text.CAN2_RX1_IRQHandler
                0x0000000008002854       0x14 ./Core/Src/stm32f4xx_it.o
                0x0000000008002854                CAN2_RX1_IRQHandler
 .text._getpid  0x0000000008002868       0x10 ./Core/Src/syscalls.o
                0x0000000008002868                _getpid
 .text._kill    0x0000000008002878       0x20 ./Core/Src/syscalls.o
                0x0000000008002878                _kill
 .text._exit    0x0000000008002898       0x14 ./Core/Src/syscalls.o
                0x0000000008002898                _exit
 .text._read    0x00000000080028ac       0x3a ./Core/Src/syscalls.o
                0x00000000080028ac                _read
 .text._write   0x00000000080028e6       0x38 ./Core/Src/syscalls.o
                0x00000000080028e6                _write
 .text._close   0x000000000800291e       0x18 ./Core/Src/syscalls.o
                0x000000000800291e                _close
 .text._fstat   0x0000000008002936       0x20 ./Core/Src/syscalls.o
                0x0000000008002936                _fstat
 .text._isatty  0x0000000008002956       0x16 ./Core/Src/syscalls.o
                0x0000000008002956                _isatty
 .text._lseek   0x000000000800296c       0x1a ./Core/Src/syscalls.o
                0x000000000800296c                _lseek
 *fill*         0x0000000008002986        0x2 
 .text._sbrk    0x0000000008002988       0x6c ./Core/Src/sysmem.o
                0x0000000008002988                _sbrk
 .text.SystemInit
                0x00000000080029f4       0x24 ./Core/Src/system_stm32f4xx.o
                0x00000000080029f4                SystemInit
 .text.MX_TIM4_Init
                0x0000000008002a18      0x118 ./Core/Src/tim.o
                0x0000000008002a18                MX_TIM4_Init
 .text.HAL_TIM_Base_MspInit
                0x0000000008002b30       0x44 ./Core/Src/tim.o
                0x0000000008002b30                HAL_TIM_Base_MspInit
 .text.HAL_TIM_MspPostInit
                0x0000000008002b74       0x74 ./Core/Src/tim.o
                0x0000000008002b74                HAL_TIM_MspPostInit
 .text.MX_USART2_UART_Init
                0x0000000008002be8       0x54 ./Core/Src/usart.o
                0x0000000008002be8                MX_USART2_UART_Init
 .text.HAL_UART_MspInit
                0x0000000008002c3c      0x16c ./Core/Src/usart.o
                0x0000000008002c3c                HAL_UART_MspInit
 .text.Reset_Handler
                0x0000000008002da8       0x50 ./Core/Startup/startup_stm32f407vgtx.o
                0x0000000008002da8                Reset_Handler
 .text.Default_Handler
                0x0000000008002df8        0x2 ./Core/Startup/startup_stm32f407vgtx.o
                0x0000000008002df8                RTC_Alarm_IRQHandler
                0x0000000008002df8                HASH_RNG_IRQHandler
                0x0000000008002df8                EXTI2_IRQHandler
                0x0000000008002df8                TIM8_CC_IRQHandler
                0x0000000008002df8                TIM1_CC_IRQHandler
                0x0000000008002df8                DMA2_Stream5_IRQHandler
                0x0000000008002df8                PVD_IRQHandler
                0x0000000008002df8                SDIO_IRQHandler
                0x0000000008002df8                TAMP_STAMP_IRQHandler
                0x0000000008002df8                EXTI3_IRQHandler
                0x0000000008002df8                TIM8_TRG_COM_TIM14_IRQHandler
                0x0000000008002df8                TIM8_UP_TIM13_IRQHandler
                0x0000000008002df8                I2C3_ER_IRQHandler
                0x0000000008002df8                EXTI0_IRQHandler
                0x0000000008002df8                I2C2_EV_IRQHandler
                0x0000000008002df8                DMA1_Stream2_IRQHandler
                0x0000000008002df8                FPU_IRQHandler
                0x0000000008002df8                OTG_HS_WKUP_IRQHandler
                0x0000000008002df8                CAN2_SCE_IRQHandler
                0x0000000008002df8                SPI1_IRQHandler
                0x0000000008002df8                TIM6_DAC_IRQHandler
                0x0000000008002df8                TIM1_BRK_TIM9_IRQHandler
                0x0000000008002df8                DCMI_IRQHandler
                0x0000000008002df8                DMA2_Stream3_IRQHandler
                0x0000000008002df8                USART6_IRQHandler
                0x0000000008002df8                USART3_IRQHandler
                0x0000000008002df8                UART5_IRQHandler
                0x0000000008002df8                TIM4_IRQHandler
                0x0000000008002df8                I2C1_EV_IRQHandler
                0x0000000008002df8                DMA1_Stream1_IRQHandler
                0x0000000008002df8                UART4_IRQHandler
                0x0000000008002df8                TIM3_IRQHandler
                0x0000000008002df8                RCC_IRQHandler
                0x0000000008002df8                TIM8_BRK_TIM12_IRQHandler
                0x0000000008002df8                Default_Handler
                0x0000000008002df8                EXTI15_10_IRQHandler
                0x0000000008002df8                ADC_IRQHandler
                0x0000000008002df8                DMA1_Stream7_IRQHandler
                0x0000000008002df8                TIM7_IRQHandler
                0x0000000008002df8                CAN2_TX_IRQHandler
                0x0000000008002df8                TIM5_IRQHandler
                0x0000000008002df8                DMA2_Stream7_IRQHandler
                0x0000000008002df8                I2C3_EV_IRQHandler
                0x0000000008002df8                EXTI9_5_IRQHandler
                0x0000000008002df8                RTC_WKUP_IRQHandler
                0x0000000008002df8                ETH_WKUP_IRQHandler
                0x0000000008002df8                SPI2_IRQHandler
                0x0000000008002df8                OTG_HS_EP1_IN_IRQHandler
                0x0000000008002df8                DMA1_Stream0_IRQHandler
                0x0000000008002df8                CAN1_TX_IRQHandler
                0x0000000008002df8                EXTI4_IRQHandler
                0x0000000008002df8                FSMC_IRQHandler
                0x0000000008002df8                ETH_IRQHandler
                0x0000000008002df8                OTG_HS_EP1_OUT_IRQHandler
                0x0000000008002df8                WWDG_IRQHandler
                0x0000000008002df8                TIM2_IRQHandler
                0x0000000008002df8                OTG_FS_WKUP_IRQHandler
                0x0000000008002df8                TIM1_TRG_COM_TIM11_IRQHandler
                0x0000000008002df8                OTG_HS_IRQHandler
                0x0000000008002df8                EXTI1_IRQHandler
                0x0000000008002df8                I2C2_ER_IRQHandler
                0x0000000008002df8                DMA2_Stream1_IRQHandler
                0x0000000008002df8                CAN1_SCE_IRQHandler
                0x0000000008002df8                FLASH_IRQHandler
                0x0000000008002df8                DMA2_Stream4_IRQHandler
                0x0000000008002df8                USART1_IRQHandler
                0x0000000008002df8                OTG_FS_IRQHandler
                0x0000000008002df8                SPI3_IRQHandler
                0x0000000008002df8                DMA1_Stream4_IRQHandler
                0x0000000008002df8                I2C1_ER_IRQHandler
                0x0000000008002df8                DMA2_Stream6_IRQHandler
                0x0000000008002df8                DMA1_Stream3_IRQHandler
 *fill*         0x0000000008002dfa        0x2 
 .text.HAL_Init
                0x0000000008002dfc       0x44 ./Drivers/STM32F4xx_HAL_Driver/Src/stm32f4xx_hal.o
                0x0000000008002dfc                HAL_Init
 .text.HAL_IncTick
                0x0000000008002e40       0x28 ./Drivers/STM32F4xx_HAL_Driver/Src/stm32f4xx_hal.o
                0x0000000008002e40                HAL_IncTick
 .text.HAL_GetTick
                0x0000000008002e68       0x18 ./Drivers/STM32F4xx_HAL_Driver/Src/stm32f4xx_hal.o
                0x0000000008002e68                HAL_GetTick
 .text.HAL_ADC_Init
                0x0000000008002e80       0x86 ./Drivers/STM32F4xx_HAL_Driver/Src/stm32f4xx_hal_adc.o
                0x0000000008002e80                HAL_ADC_Init
 *fill*         0x0000000008002f06        0x2 
 .text.HAL_ADC_Start_DMA
                0x0000000008002f08      0x220 ./Drivers/STM32F4xx_HAL_Driver/Src/stm32f4xx_hal_adc.o
                0x0000000008002f08                HAL_ADC_Start_DMA
 .text.HAL_ADC_ErrorCallback
                0x0000000008003128       0x14 ./Drivers/STM32F4xx_HAL_Driver/Src/stm32f4xx_hal_adc.o
                0x0000000008003128                HAL_ADC_ErrorCallback
 .text.HAL_ADC_ConfigChannel
                0x000000000800313c      0x244 ./Drivers/STM32F4xx_HAL_Driver/Src/stm32f4xx_hal_adc.o
                0x000000000800313c                HAL_ADC_ConfigChannel
 .text.ADC_Init
                0x0000000008003380      0x1f8 ./Drivers/STM32F4xx_HAL_Driver/Src/stm32f4xx_hal_adc.o
 .text.ADC_DMAConvCplt
                0x0000000008003578       0xba ./Drivers/STM32F4xx_HAL_Driver/Src/stm32f4xx_hal_adc.o
 .text.ADC_DMAHalfConvCplt
                0x0000000008003632       0x1c ./Drivers/STM32F4xx_HAL_Driver/Src/stm32f4xx_hal_adc.o
 .text.ADC_DMAError
                0x000000000800364e       0x2e ./Drivers/STM32F4xx_HAL_Driver/Src/stm32f4xx_hal_adc.o
 .text.HAL_CAN_Init
                0x000000000800367c      0x1f6 ./Drivers/STM32F4xx_HAL_Driver/Src/stm32f4xx_hal_can.o
                0x000000000800367c                HAL_CAN_Init
 .text.HAL_CAN_IRQHandler
                0x0000000008003872      0x36e ./Drivers/STM32F4xx_HAL_Driver/Src/stm32f4xx_hal_can.o
                0x0000000008003872                HAL_CAN_IRQHandler
 .text.HAL_CAN_TxMailbox0CompleteCallback
                0x0000000008003be0       0x14 ./Drivers/STM32F4xx_HAL_Driver/Src/stm32f4xx_hal_can.o
                0x0000000008003be0                HAL_CAN_TxMailbox0CompleteCallback
 .text.HAL_CAN_TxMailbox1CompleteCallback
                0x0000000008003bf4       0x14 ./Drivers/STM32F4xx_HAL_Driver/Src/stm32f4xx_hal_can.o
                0x0000000008003bf4                HAL_CAN_TxMailbox1CompleteCallback
 .text.HAL_CAN_TxMailbox2CompleteCallback
                0x0000000008003c08       0x14 ./Drivers/STM32F4xx_HAL_Driver/Src/stm32f4xx_hal_can.o
                0x0000000008003c08                HAL_CAN_TxMailbox2CompleteCallback
 .text.HAL_CAN_TxMailbox0AbortCallback
                0x0000000008003c1c       0x14 ./Drivers/STM32F4xx_HAL_Driver/Src/stm32f4xx_hal_can.o
                0x0000000008003c1c                HAL_CAN_TxMailbox0AbortCallback
 .text.HAL_CAN_TxMailbox1AbortCallback
                0x0000000008003c30       0x14 ./Drivers/STM32F4xx_HAL_Driver/Src/stm32f4xx_hal_can.o
                0x0000000008003c30                HAL_CAN_TxMailbox1AbortCallback
 .text.HAL_CAN_TxMailbox2AbortCallback
                0x0000000008003c44       0x14 ./Drivers/STM32F4xx_HAL_Driver/Src/stm32f4xx_hal_can.o
                0x0000000008003c44                HAL_CAN_TxMailbox2AbortCallback
 .text.HAL_CAN_RxFifo0MsgPendingCallback
                0x0000000008003c58       0x14 ./Drivers/STM32F4xx_HAL_Driver/Src/stm32f4xx_hal_can.o
                0x0000000008003c58                HAL_CAN_RxFifo0MsgPendingCallback
 .text.HAL_CAN_RxFifo0FullCallback
                0x0000000008003c6c       0x14 ./Drivers/STM32F4xx_HAL_Driver/Src/stm32f4xx_hal_can.o
                0x0000000008003c6c                HAL_CAN_RxFifo0FullCallback
 .text.HAL_CAN_RxFifo1MsgPendingCallback
                0x0000000008003c80       0x14 ./Drivers/STM32F4xx_HAL_Driver/Src/stm32f4xx_hal_can.o
                0x0000000008003c80                HAL_CAN_RxFifo1MsgPendingCallback
 .text.HAL_CAN_RxFifo1FullCallback
                0x0000000008003c94       0x14 ./Drivers/STM32F4xx_HAL_Driver/Src/stm32f4xx_hal_can.o
                0x0000000008003c94                HAL_CAN_RxFifo1FullCallback
 .text.HAL_CAN_SleepCallback
                0x0000000008003ca8       0x14 ./Drivers/STM32F4xx_HAL_Driver/Src/stm32f4xx_hal_can.o
                0x0000000008003ca8                HAL_CAN_SleepCallback
 .text.HAL_CAN_WakeUpFromRxMsgCallback
                0x0000000008003cbc       0x14 ./Drivers/STM32F4xx_HAL_Driver/Src/stm32f4xx_hal_can.o
                0x0000000008003cbc                HAL_CAN_WakeUpFromRxMsgCallback
 .text.HAL_CAN_ErrorCallback
                0x0000000008003cd0       0x14 ./Drivers/STM32F4xx_HAL_Driver/Src/stm32f4xx_hal_can.o
                0x0000000008003cd0                HAL_CAN_ErrorCallback
 .text.__NVIC_SetPriorityGrouping
                0x0000000008003ce4       0x48 ./Drivers/STM32F4xx_HAL_Driver/Src/stm32f4xx_hal_cortex.o
 .text.__NVIC_GetPriorityGrouping
                0x0000000008003d2c       0x1c ./Drivers/STM32F4xx_HAL_Driver/Src/stm32f4xx_hal_cortex.o
 .text.__NVIC_EnableIRQ
                0x0000000008003d48       0x3c ./Drivers/STM32F4xx_HAL_Driver/Src/stm32f4xx_hal_cortex.o
 .text.__NVIC_SetPriority
                0x0000000008003d84       0x54 ./Drivers/STM32F4xx_HAL_Driver/Src/stm32f4xx_hal_cortex.o
 .text.NVIC_EncodePriority
                0x0000000008003dd8       0x66 ./Drivers/STM32F4xx_HAL_Driver/Src/stm32f4xx_hal_cortex.o
 .text.HAL_NVIC_SetPriorityGrouping
                0x0000000008003e3e       0x16 ./Drivers/STM32F4xx_HAL_Driver/Src/stm32f4xx_hal_cortex.o
                0x0000000008003e3e                HAL_NVIC_SetPriorityGrouping
 .text.HAL_NVIC_SetPriority
                0x0000000008003e54       0x38 ./Drivers/STM32F4xx_HAL_Driver/Src/stm32f4xx_hal_cortex.o
                0x0000000008003e54                HAL_NVIC_SetPriority
 .text.HAL_NVIC_EnableIRQ
                0x0000000008003e8c       0x1c ./Drivers/STM32F4xx_HAL_Driver/Src/stm32f4xx_hal_cortex.o
                0x0000000008003e8c                HAL_NVIC_EnableIRQ
 .text.HAL_CRC_Init
                0x0000000008003ea8       0x38 ./Drivers/STM32F4xx_HAL_Driver/Src/stm32f4xx_hal_crc.o
                0x0000000008003ea8                HAL_CRC_Init
 .text.HAL_DMA_Init
                0x0000000008003ee0      0x15c ./Drivers/STM32F4xx_HAL_Driver/Src/stm32f4xx_hal_dma.o
                0x0000000008003ee0                HAL_DMA_Init
 .text.HAL_DMA_Start_IT
                0x000000000800403c       0xb0 ./Drivers/STM32F4xx_HAL_Driver/Src/stm32f4xx_hal_dma.o
                0x000000000800403c                HAL_DMA_Start_IT
 .text.HAL_DMA_Abort
                0x00000000080040ec       0xe0 ./Drivers/STM32F4xx_HAL_Driver/Src/stm32f4xx_hal_dma.o
                0x00000000080040ec                HAL_DMA_Abort
 .text.HAL_DMA_Abort_IT
                0x00000000080041cc       0x44 ./Drivers/STM32F4xx_HAL_Driver/Src/stm32f4xx_hal_dma.o
                0x00000000080041cc                HAL_DMA_Abort_IT
 .text.HAL_DMA_IRQHandler
                0x0000000008004210      0x314 ./Drivers/STM32F4xx_HAL_Driver/Src/stm32f4xx_hal_dma.o
                0x0000000008004210                HAL_DMA_IRQHandler
 .text.DMA_SetConfig
                0x0000000008004524       0x5c ./Drivers/STM32F4xx_HAL_Driver/Src/stm32f4xx_hal_dma.o
 .text.DMA_CalcBaseAndBitshift
                0x0000000008004580       0x6c ./Drivers/STM32F4xx_HAL_Driver/Src/stm32f4xx_hal_dma.o
 .text.DMA_CheckFifoParam
                0x00000000080045ec       0xf8 ./Drivers/STM32F4xx_HAL_Driver/Src/stm32f4xx_hal_dma.o
 .text.HAL_GPIO_Init
                0x00000000080046e4      0x338 ./Drivers/STM32F4xx_HAL_Driver/Src/stm32f4xx_hal_gpio.o
                0x00000000080046e4                HAL_GPIO_Init
 .text.HAL_GPIO_WritePin
                0x0000000008004a1c       0x32 ./Drivers/STM32F4xx_HAL_Driver/Src/stm32f4xx_hal_gpio.o
                0x0000000008004a1c                HAL_GPIO_WritePin
 *fill*         0x0000000008004a4e        0x2 
 .text.HAL_RCC_OscConfig
                0x0000000008004a50      0x4f0 ./Drivers/STM32F4xx_HAL_Driver/Src/stm32f4xx_hal_rcc.o
                0x0000000008004a50                HAL_RCC_OscConfig
 .text.HAL_RCC_ClockConfig
                0x0000000008004f40      0x1cc ./Drivers/STM32F4xx_HAL_Driver/Src/stm32f4xx_hal_rcc.o
                0x0000000008004f40                HAL_RCC_ClockConfig
 .text.HAL_RCC_GetSysClockFreq
                0x000000000800510c      0x208 ./Drivers/STM32F4xx_HAL_Driver/Src/stm32f4xx_hal_rcc.o
                0x000000000800510c                HAL_RCC_GetSysClockFreq
 .text.HAL_RCC_GetHCLKFreq
                0x0000000008005314       0x18 ./Drivers/STM32F4xx_HAL_Driver/Src/stm32f4xx_hal_rcc.o
                0x0000000008005314                HAL_RCC_GetHCLKFreq
 .text.HAL_RCC_GetPCLK1Freq
                0x000000000800532c       0x28 ./Drivers/STM32F4xx_HAL_Driver/Src/stm32f4xx_hal_rcc.o
                0x000000000800532c                HAL_RCC_GetPCLK1Freq
 .text.HAL_RCC_GetPCLK2Freq
                0x0000000008005354       0x28 ./Drivers/STM32F4xx_HAL_Driver/Src/stm32f4xx_hal_rcc.o
                0x0000000008005354                HAL_RCC_GetPCLK2Freq
 .text.HAL_RCC_GetClockConfig
                0x000000000800537c       0x64 ./Drivers/STM32F4xx_HAL_Driver/Src/stm32f4xx_hal_rcc.o
                0x000000000800537c                HAL_RCC_GetClockConfig
 .text.HAL_RNG_Init
                0x00000000080053e0       0x54 ./Drivers/STM32F4xx_HAL_Driver/Src/stm32f4xx_hal_rng.o
                0x00000000080053e0                HAL_RNG_Init
 .text.HAL_TIM_Base_Init
                0x0000000008005434       0x9e ./Drivers/STM32F4xx_HAL_Driver/Src/stm32f4xx_hal_tim.o
                0x0000000008005434                HAL_TIM_Base_Init
 *fill*         0x00000000080054d2        0x2 
 .text.HAL_TIM_Base_Start_IT
                0x00000000080054d4       0xe0 ./Drivers/STM32F4xx_HAL_Driver/Src/stm32f4xx_hal_tim.o
                0x00000000080054d4                HAL_TIM_Base_Start_IT
 .text.HAL_TIM_PWM_Init
                0x00000000080055b4       0x9e ./Drivers/STM32F4xx_HAL_Driver/Src/stm32f4xx_hal_tim.o
                0x00000000080055b4                HAL_TIM_PWM_Init
 .text.HAL_TIM_PWM_MspInit
                0x0000000008005652       0x14 ./Drivers/STM32F4xx_HAL_Driver/Src/stm32f4xx_hal_tim.o
                0x0000000008005652                HAL_TIM_PWM_MspInit
 .text.HAL_TIM_IRQHandler
                0x0000000008005666      0x210 ./Drivers/STM32F4xx_HAL_Driver/Src/stm32f4xx_hal_tim.o
                0x0000000008005666                HAL_TIM_IRQHandler
 *fill*         0x0000000008005876        0x2 
 .text.HAL_TIM_PWM_ConfigChannel
                0x0000000008005878      0x184 ./Drivers/STM32F4xx_HAL_Driver/Src/stm32f4xx_hal_tim.o
                0x0000000008005878                HAL_TIM_PWM_ConfigChannel
 .text.HAL_TIM_ConfigClockSource
                0x00000000080059fc      0x18e ./Drivers/STM32F4xx_HAL_Driver/Src/stm32f4xx_hal_tim.o
                0x00000000080059fc                HAL_TIM_ConfigClockSource
 .text.HAL_TIM_OC_DelayElapsedCallback
                0x0000000008005b8a       0x14 ./Drivers/STM32F4xx_HAL_Driver/Src/stm32f4xx_hal_tim.o
                0x0000000008005b8a                HAL_TIM_OC_DelayElapsedCallback
 .text.HAL_TIM_IC_CaptureCallback
                0x0000000008005b9e       0x14 ./Drivers/STM32F4xx_HAL_Driver/Src/stm32f4xx_hal_tim.o
                0x0000000008005b9e                HAL_TIM_IC_CaptureCallback
 .text.HAL_TIM_PWM_PulseFinishedCallback
                0x0000000008005bb2       0x14 ./Drivers/STM32F4xx_HAL_Driver/Src/stm32f4xx_hal_tim.o
                0x0000000008005bb2                HAL_TIM_PWM_PulseFinishedCallback
 .text.HAL_TIM_TriggerCallback
                0x0000000008005bc6       0x14 ./Drivers/STM32F4xx_HAL_Driver/Src/stm32f4xx_hal_tim.o
                0x0000000008005bc6                HAL_TIM_TriggerCallback
 *fill*         0x0000000008005bda        0x2 
 .text.TIM_Base_SetConfig
                0x0000000008005bdc      0x140 ./Drivers/STM32F4xx_HAL_Driver/Src/stm32f4xx_hal_tim.o
                0x0000000008005bdc                TIM_Base_SetConfig
 .text.TIM_OC1_SetConfig
                0x0000000008005d1c       0xe0 ./Drivers/STM32F4xx_HAL_Driver/Src/stm32f4xx_hal_tim.o
 .text.TIM_OC2_SetConfig
                0x0000000008005dfc       0xec ./Drivers/STM32F4xx_HAL_Driver/Src/stm32f4xx_hal_tim.o
                0x0000000008005dfc                TIM_OC2_SetConfig
 .text.TIM_OC3_SetConfig
                0x0000000008005ee8       0xe8 ./Drivers/STM32F4xx_HAL_Driver/Src/stm32f4xx_hal_tim.o
 .text.TIM_OC4_SetConfig
                0x0000000008005fd0       0xac ./Drivers/STM32F4xx_HAL_Driver/Src/stm32f4xx_hal_tim.o
 .text.TIM_TI1_ConfigInputStage
                0x000000000800607c       0x5e ./Drivers/STM32F4xx_HAL_Driver/Src/stm32f4xx_hal_tim.o
 .text.TIM_TI2_ConfigInputStage
                0x00000000080060da       0x60 ./Drivers/STM32F4xx_HAL_Driver/Src/stm32f4xx_hal_tim.o
 .text.TIM_ITRx_SetConfig
                0x000000000800613a       0x36 ./Drivers/STM32F4xx_HAL_Driver/Src/stm32f4xx_hal_tim.o
 .text.TIM_ETR_SetConfig
                0x0000000008006170       0x40 ./Drivers/STM32F4xx_HAL_Driver/Src/stm32f4xx_hal_tim.o
                0x0000000008006170                TIM_ETR_SetConfig
 .text.HAL_TIMEx_MasterConfigSynchronization
                0x00000000080061b0       0xf8 ./Drivers/STM32F4xx_HAL_Driver/Src/stm32f4xx_hal_tim_ex.o
                0x00000000080061b0                HAL_TIMEx_MasterConfigSynchronization
 .text.HAL_TIMEx_CommutCallback
                0x00000000080062a8       0x14 ./Drivers/STM32F4xx_HAL_Driver/Src/stm32f4xx_hal_tim_ex.o
                0x00000000080062a8                HAL_TIMEx_CommutCallback
 .text.HAL_TIMEx_BreakCallback
                0x00000000080062bc       0x14 ./Drivers/STM32F4xx_HAL_Driver/Src/stm32f4xx_hal_tim_ex.o
                0x00000000080062bc                HAL_TIMEx_BreakCallback
 .text.HAL_UART_Init
                0x00000000080062d0       0x9a ./Drivers/STM32F4xx_HAL_Driver/Src/stm32f4xx_hal_uart.o
                0x00000000080062d0                HAL_UART_Init
 *fill*         0x000000000800636a        0x2 
 .text.HAL_UART_IRQHandler
                0x000000000800636c      0x51c ./Drivers/STM32F4xx_HAL_Driver/Src/stm32f4xx_hal_uart.o
                0x000000000800636c                HAL_UART_IRQHandler
 .text.HAL_UART_TxCpltCallback
                0x0000000008006888       0x14 ./Drivers/STM32F4xx_HAL_Driver/Src/stm32f4xx_hal_uart.o
                0x0000000008006888                HAL_UART_TxCpltCallback
 .text.HAL_UART_RxCpltCallback
                0x000000000800689c       0x14 ./Drivers/STM32F4xx_HAL_Driver/Src/stm32f4xx_hal_uart.o
                0x000000000800689c                HAL_UART_RxCpltCallback
 .text.HAL_UART_ErrorCallback
                0x00000000080068b0       0x14 ./Drivers/STM32F4xx_HAL_Driver/Src/stm32f4xx_hal_uart.o
                0x00000000080068b0                HAL_UART_ErrorCallback
 .text.HAL_UARTEx_RxEventCallback
                0x00000000080068c4       0x18 ./Drivers/STM32F4xx_HAL_Driver/Src/stm32f4xx_hal_uart.o
                0x00000000080068c4                HAL_UARTEx_RxEventCallback
 .text.UART_EndRxTransfer
                0x00000000080068dc       0xc6 ./Drivers/STM32F4xx_HAL_Driver/Src/stm32f4xx_hal_uart.o
 .text.UART_DMAAbortOnError
                0x00000000080069a2       0x28 ./Drivers/STM32F4xx_HAL_Driver/Src/stm32f4xx_hal_uart.o
 .text.UART_Transmit_IT
                0x00000000080069ca       0xa0 ./Drivers/STM32F4xx_HAL_Driver/Src/stm32f4xx_hal_uart.o
 .text.UART_EndTransmit_IT
                0x0000000008006a6a       0x30 ./Drivers/STM32F4xx_HAL_Driver/Src/stm32f4xx_hal_uart.o
 .text.UART_Receive_IT
                0x0000000008006a9a      0x176 ./Drivers/STM32F4xx_HAL_Driver/Src/stm32f4xx_hal_uart.o
 .text.UART_SetConfig
                0x0000000008006c10      0x4e8 ./Drivers/STM32F4xx_HAL_Driver/Src/stm32f4xx_hal_uart.o
 .text._ZN26AdcConvCpltCallbackHandler6notifyEP17ADC_HandleTypeDef
                0x00000000080070f8       0x3a ./Lib/Src/AdcConvCpltCallbackHandler.o
                0x00000000080070f8                AdcConvCpltCallbackHandler::notify(ADC_HandleTypeDef*)
 .text.HAL_ADC_ConvCpltCallback
                0x0000000008007132       0x1e ./Lib/Src/AdcConvCpltCallbackHandler.o
                0x0000000008007132                HAL_ADC_ConvCpltCallback
 .text._ZNKSt8functionIFvP17ADC_HandleTypeDefEEclES1_
                0x0000000008007150       0x3a ./Lib/Src/AdcConvCpltCallbackHandler.o
                0x0000000008007150                std::function<void (ADC_HandleTypeDef*)>::operator()(ADC_HandleTypeDef*) const
 .text._ZN30AdcConvHalfCpltCallbackHandlerC2Ev
                0x000000000800718a       0x30 ./Lib/Src/AdcConvHalfCpltCallbackHandler.o
                0x000000000800718a                AdcConvHalfCpltCallbackHandler::AdcConvHalfCpltCallbackHandler()
                0x000000000800718a                AdcConvHalfCpltCallbackHandler::AdcConvHalfCpltCallbackHandler()
 .text._ZN30AdcConvHalfCpltCallbackHandlerD2Ev
                0x00000000080071ba       0x2e ./Lib/Src/AdcConvHalfCpltCallbackHandler.o
                0x00000000080071ba                AdcConvHalfCpltCallbackHandler::~AdcConvHalfCpltCallbackHandler()
                0x00000000080071ba                AdcConvHalfCpltCallbackHandler::~AdcConvHalfCpltCallbackHandler()
 .text.__tcf_0  0x00000000080071e8       0x10 ./Lib/Src/AdcConvHalfCpltCallbackHandler.o
 .text._ZN30AdcConvHalfCpltCallbackHandler11getInstanceEv
                0x00000000080071f8       0x5c ./Lib/Src/AdcConvHalfCpltCallbackHandler.o
                0x00000000080071f8                AdcConvHalfCpltCallbackHandler::getInstance()
 .text._ZN30AdcConvHalfCpltCallbackHandler6notifyEP17ADC_HandleTypeDef
                0x0000000008007254       0x3a ./Lib/Src/AdcConvHalfCpltCallbackHandler.o
                0x0000000008007254                AdcConvHalfCpltCallbackHandler::notify(ADC_HandleTypeDef*)
 .text.HAL_ADC_ConvHalfCpltCallback
                0x000000000800728e       0x1e ./Lib/Src/AdcConvHalfCpltCallbackHandler.o
                0x000000000800728e                HAL_ADC_ConvHalfCpltCallback
 .text._ZL9_out_nullcPvjj
                0x00000000080072ac       0x1c ./Lib/Src/estdio.o
 .text._ZL9_out_charcPvjj
                0x00000000080072c8       0x26 ./Lib/Src/estdio.o
 .text._ZL10_strnlen_sPKcj
                0x00000000080072ee       0x44 ./Lib/Src/estdio.o
 .text._ZL9_is_digitc
                0x0000000008007332       0x28 ./Lib/Src/estdio.o
 .text._ZL5_atoiPPKc
                0x000000000800735a       0x48 ./Lib/Src/estdio.o
 .text._ZL8_out_revPFvcPvjjEPcjjPKcjjj
                0x00000000080073a2       0xa0 ./Lib/Src/estdio.o
 .text._ZL12_ntoa_formatPFvcPvjjEPcjjS2_jbjjjj
                0x0000000008007442      0x1b8 ./Lib/Src/estdio.o
 .text._ZL10_ntoa_longPFvcPvjjEPcjjmbmjjj
                0x00000000080075fa       0xce ./Lib/Src/estdio.o
 .text._ZL15_ntoa_long_longPFvcPvjjEPcjjybyjjj
                0x00000000080076c8       0xdc ./Lib/Src/estdio.o
 *fill*         0x00000000080077a4        0x4 
 .text._ZL5_ftoaPFvcPvjjEPcjjdjjj
                0x00000000080077a8      0x4c8 ./Lib/Src/estdio.o
 .text._ZL5_etoaPFvcPvjjEPcjjdjjj
                0x0000000008007c70      0x510 ./Lib/Src/estdio.o
 .text._ZL10_vsnprintfPFvcPvjjEPcjPKcSt9__va_list
                0x0000000008008180      0x9ac ./Lib/Src/estdio.o
 .text.printf_  0x0000000008008b2c       0x38 ./Lib/Src/estdio.o
                0x0000000008008b2c                printf_
 .text.ITM_SendChar
                0x0000000008008b64       0x62 ./Lib/Src/putchar.o
 .text._putchar
                0x0000000008008bc6       0x1a ./Lib/Src/putchar.o
                0x0000000008008bc6                _putchar
 .text.__NVIC_SetPriority
                0x0000000008008be0       0x54 ./Middlewares/Third_Party/FreeRTOS/Source/CMSIS_RTOS_V2/cmsis_os2.o
 .text.SysTick_Handler
                0x0000000008008c34       0x20 ./Middlewares/Third_Party/FreeRTOS/Source/CMSIS_RTOS_V2/cmsis_os2.o
                0x0000000008008c34                SysTick_Handler
 .text.SVC_Setup
                0x0000000008008c54       0x12 ./Middlewares/Third_Party/FreeRTOS/Source/CMSIS_RTOS_V2/cmsis_os2.o
 *fill*         0x0000000008008c66        0x2 
 .text.osKernelInitialize
                0x0000000008008c68       0x48 ./Middlewares/Third_Party/FreeRTOS/Source/CMSIS_RTOS_V2/cmsis_os2.o
                0x0000000008008c68                osKernelInitialize
 .text.osKernelStart
                0x0000000008008cb0       0x4c ./Middlewares/Third_Party/FreeRTOS/Source/CMSIS_RTOS_V2/cmsis_os2.o
                0x0000000008008cb0                osKernelStart
 .text.osThreadNew
                0x0000000008008cfc      0x124 ./Middlewares/Third_Party/FreeRTOS/Source/CMSIS_RTOS_V2/cmsis_os2.o
                0x0000000008008cfc                osThreadNew
 .text.osDelay  0x0000000008008e20       0x36 ./Middlewares/Third_Party/FreeRTOS/Source/CMSIS_RTOS_V2/cmsis_os2.o
                0x0000000008008e20                osDelay
 .text.osSemaphoreNew
                0x0000000008008e56      0x112 ./Middlewares/Third_Party/FreeRTOS/Source/CMSIS_RTOS_V2/cmsis_os2.o
                0x0000000008008e56                osSemaphoreNew
 .text.osSemaphoreAcquire
                0x0000000008008f68       0xa4 ./Middlewares/Third_Party/FreeRTOS/Source/CMSIS_RTOS_V2/cmsis_os2.o
                0x0000000008008f68                osSemaphoreAcquire
 .text.osSemaphoreRelease
                0x000000000800900c       0x88 ./Middlewares/Third_Party/FreeRTOS/Source/CMSIS_RTOS_V2/cmsis_os2.o
                0x000000000800900c                osSemaphoreRelease
 .text.osSemaphoreGetCount
                0x0000000008009094       0x40 ./Middlewares/Third_Party/FreeRTOS/Source/CMSIS_RTOS_V2/cmsis_os2.o
                0x0000000008009094                osSemaphoreGetCount
 .text.osMessageQueueNew
                0x00000000080090d4       0xe6 ./Middlewares/Third_Party/FreeRTOS/Source/CMSIS_RTOS_V2/cmsis_os2.o
                0x00000000080090d4                osMessageQueueNew
 *fill*         0x00000000080091ba        0x2 
 .text.vApplicationGetIdleTaskMemory
                0x00000000080091bc       0x34 ./Middlewares/Third_Party/FreeRTOS/Source/CMSIS_RTOS_V2/cmsis_os2.o
                0x00000000080091bc                vApplicationGetIdleTaskMemory
 .text.vApplicationGetTimerTaskMemory
                0x00000000080091f0       0x34 ./Middlewares/Third_Party/FreeRTOS/Source/CMSIS_RTOS_V2/cmsis_os2.o
                0x00000000080091f0                vApplicationGetTimerTaskMemory
 .text.vListInitialise
                0x0000000008009224       0x40 ./Middlewares/Third_Party/FreeRTOS/Source/list.o
                0x0000000008009224                vListInitialise
 .text.vListInitialiseItem
                0x0000000008009264       0x1a ./Middlewares/Third_Party/FreeRTOS/Source/list.o
                0x0000000008009264                vListInitialiseItem
 .text.vListInsertEnd
                0x000000000800927e       0x48 ./Middlewares/Third_Party/FreeRTOS/Source/list.o
                0x000000000800927e                vListInsertEnd
 .text.vListInsert
                0x00000000080092c6       0x72 ./Middlewares/Third_Party/FreeRTOS/Source/list.o
                0x00000000080092c6                vListInsert
 .text.uxListRemove
                0x0000000008009338       0x54 ./Middlewares/Third_Party/FreeRTOS/Source/list.o
                0x0000000008009338                uxListRemove
 .text.xQueueGenericReset
                0x000000000800938c       0xd0 ./Middlewares/Third_Party/FreeRTOS/Source/queue.o
                0x000000000800938c                xQueueGenericReset
 .text.xQueueGenericCreateStatic
                0x000000000800945c       0xf0 ./Middlewares/Third_Party/FreeRTOS/Source/queue.o
                0x000000000800945c                xQueueGenericCreateStatic
 .text.xQueueGenericCreate
                0x000000000800954c       0x74 ./Middlewares/Third_Party/FreeRTOS/Source/queue.o
                0x000000000800954c                xQueueGenericCreate
 .text.prvInitialiseNewQueue
                0x00000000080095c0       0x46 ./Middlewares/Third_Party/FreeRTOS/Source/queue.o
 .text.xQueueCreateCountingSemaphoreStatic
                0x0000000008009606       0x6e ./Middlewares/Third_Party/FreeRTOS/Source/queue.o
                0x0000000008009606                xQueueCreateCountingSemaphoreStatic
 .text.xQueueCreateCountingSemaphore
                0x0000000008009674       0x66 ./Middlewares/Third_Party/FreeRTOS/Source/queue.o
                0x0000000008009674                xQueueCreateCountingSemaphore
 *fill*         0x00000000080096da        0x2 
 .text.xQueueGenericSend
                0x00000000080096dc      0x1fc ./Middlewares/Third_Party/FreeRTOS/Source/queue.o
                0x00000000080096dc                xQueueGenericSend
 .text.xQueueGenericSendFromISR
                0x00000000080098d8      0x136 ./Middlewares/Third_Party/FreeRTOS/Source/queue.o
                0x00000000080098d8                xQueueGenericSendFromISR
 .text.xQueueGiveFromISR
                0x0000000008009a0e      0x11a ./Middlewares/Third_Party/FreeRTOS/Source/queue.o
                0x0000000008009a0e                xQueueGiveFromISR
 .text.xQueueReceive
                0x0000000008009b28      0x1c0 ./Middlewares/Third_Party/FreeRTOS/Source/queue.o
                0x0000000008009b28                xQueueReceive
 .text.xQueueSemaphoreTake
                0x0000000008009ce8      0x218 ./Middlewares/Third_Party/FreeRTOS/Source/queue.o
                0x0000000008009ce8                xQueueSemaphoreTake
 .text.xQueueReceiveFromISR
                0x0000000008009f00      0x100 ./Middlewares/Third_Party/FreeRTOS/Source/queue.o
                0x0000000008009f00                xQueueReceiveFromISR
 .text.uxQueueMessagesWaiting
                0x000000000800a000       0x3c ./Middlewares/Third_Party/FreeRTOS/Source/queue.o
                0x000000000800a000                uxQueueMessagesWaiting
 .text.uxQueueMessagesWaitingFromISR
                0x000000000800a03c       0x3c ./Middlewares/Third_Party/FreeRTOS/Source/queue.o
                0x000000000800a03c                uxQueueMessagesWaitingFromISR
 .text.vQueueDelete
                0x000000000800a078       0x46 ./Middlewares/Third_Party/FreeRTOS/Source/queue.o
                0x000000000800a078                vQueueDelete
 .text.prvGetDisinheritPriorityAfterTimeout
                0x000000000800a0be       0x30 ./Middlewares/Third_Party/FreeRTOS/Source/queue.o
 .text.prvCopyDataToQueue
                0x000000000800a0ee       0xd4 ./Middlewares/Third_Party/FreeRTOS/Source/queue.o
 .text.prvCopyDataFromQueue
                0x000000000800a1c2       0x4c ./Middlewares/Third_Party/FreeRTOS/Source/queue.o
 .text.prvUnlockQueue
                0x000000000800a20e       0xa4 ./Middlewares/Third_Party/FreeRTOS/Source/queue.o
 .text.prvIsQueueEmpty
                0x000000000800a2b2       0x2c ./Middlewares/Third_Party/FreeRTOS/Source/queue.o
 .text.prvIsQueueFull
                0x000000000800a2de       0x30 ./Middlewares/Third_Party/FreeRTOS/Source/queue.o
 *fill*         0x000000000800a30e        0x2 
 .text.vQueueAddToRegistry
                0x000000000800a310       0x54 ./Middlewares/Third_Party/FreeRTOS/Source/queue.o
                0x000000000800a310                vQueueAddToRegistry
 .text.vQueueUnregisterQueue
                0x000000000800a364       0x54 ./Middlewares/Third_Party/FreeRTOS/Source/queue.o
                0x000000000800a364                vQueueUnregisterQueue
 .text.vQueueWaitForMessageRestricted
                0x000000000800a3b8       0x68 ./Middlewares/Third_Party/FreeRTOS/Source/queue.o
                0x000000000800a3b8                vQueueWaitForMessageRestricted
 .text.xTaskCreateStatic
                0x000000000800a420       0xba ./Middlewares/Third_Party/FreeRTOS/Source/tasks.o
                0x000000000800a420                xTaskCreateStatic
 .text.xTaskCreate
                0x000000000800a4da       0x8a ./Middlewares/Third_Party/FreeRTOS/Source/tasks.o
                0x000000000800a4da                xTaskCreate
 .text.prvInitialiseNewTask
                0x000000000800a564      0x154 ./Middlewares/Third_Party/FreeRTOS/Source/tasks.o
 .text.prvAddNewTaskToReadyList
                0x000000000800a6b8       0xe0 ./Middlewares/Third_Party/FreeRTOS/Source/tasks.o
 .text.vTaskDelay
                0x000000000800a798       0x68 ./Middlewares/Third_Party/FreeRTOS/Source/tasks.o
                0x000000000800a798                vTaskDelay
 .text.vTaskStartScheduler
                0x000000000800a800       0xe4 ./Middlewares/Third_Party/FreeRTOS/Source/tasks.o
                0x000000000800a800                vTaskStartScheduler
 .text.vTaskSuspendAll
                0x000000000800a8e4       0x1c ./Middlewares/Third_Party/FreeRTOS/Source/tasks.o
                0x000000000800a8e4                vTaskSuspendAll
 .text.xTaskResumeAll
                0x000000000800a900      0x13c ./Middlewares/Third_Party/FreeRTOS/Source/tasks.o
                0x000000000800a900                xTaskResumeAll
 .text.xTaskGetTickCount
                0x000000000800aa3c       0x20 ./Middlewares/Third_Party/FreeRTOS/Source/tasks.o
                0x000000000800aa3c                xTaskGetTickCount
 .text.xTaskIncrementTick
                0x000000000800aa5c      0x174 ./Middlewares/Third_Party/FreeRTOS/Source/tasks.o
                0x000000000800aa5c                xTaskIncrementTick
 .text.vTaskSwitchContext
                0x000000000800abd0      0x120 ./Middlewares/Third_Party/FreeRTOS/Source/tasks.o
                0x000000000800abd0                vTaskSwitchContext
 .text.vTaskPlaceOnEventList
                0x000000000800acf0       0x48 ./Middlewares/Third_Party/FreeRTOS/Source/tasks.o
                0x000000000800acf0                vTaskPlaceOnEventList
 .text.vTaskPlaceOnEventListRestricted
                0x000000000800ad38       0x58 ./Middlewares/Third_Party/FreeRTOS/Source/tasks.o
                0x000000000800ad38                vTaskPlaceOnEventListRestricted
 .text.xTaskRemoveFromEventList
                0x000000000800ad90       0xc8 ./Middlewares/Third_Party/FreeRTOS/Source/tasks.o
                0x000000000800ad90                xTaskRemoveFromEventList
 .text.vTaskInternalSetTimeOutState
                0x000000000800ae58       0x2c ./Middlewares/Third_Party/FreeRTOS/Source/tasks.o
                0x000000000800ae58                vTaskInternalSetTimeOutState
 .text.xTaskCheckForTimeOut
                0x000000000800ae84       0xc4 ./Middlewares/Third_Party/FreeRTOS/Source/tasks.o
                0x000000000800ae84                xTaskCheckForTimeOut
 .text.vTaskMissedYield
                0x000000000800af48       0x18 ./Middlewares/Third_Party/FreeRTOS/Source/tasks.o
                0x000000000800af48                vTaskMissedYield
 .text.prvIdleTask
                0x000000000800af60       0x30 ./Middlewares/Third_Party/FreeRTOS/Source/tasks.o
 .text.prvInitialiseTaskLists
                0x000000000800af90       0x80 ./Middlewares/Third_Party/FreeRTOS/Source/tasks.o
 .text.prvCheckTasksWaitingTermination
                0x000000000800b010       0x5c ./Middlewares/Third_Party/FreeRTOS/Source/tasks.o
 .text.prvDeleteTCB
                0x000000000800b06c       0x68 ./Middlewares/Third_Party/FreeRTOS/Source/tasks.o
 .text.prvResetNextTaskUnblockTime
                0x000000000800b0d4       0x40 ./Middlewares/Third_Party/FreeRTOS/Source/tasks.o
 .text.xTaskGetSchedulerState
                0x000000000800b114       0x3c ./Middlewares/Third_Party/FreeRTOS/Source/tasks.o
                0x000000000800b114                xTaskGetSchedulerState
 .text.xTaskPriorityInherit
                0x000000000800b150       0xd0 ./Middlewares/Third_Party/FreeRTOS/Source/tasks.o
                0x000000000800b150                xTaskPriorityInherit
 .text.xTaskPriorityDisinherit
                0x000000000800b220       0xdc ./Middlewares/Third_Party/FreeRTOS/Source/tasks.o
                0x000000000800b220                xTaskPriorityDisinherit
 .text.vTaskPriorityDisinheritAfterTimeout
                0x000000000800b2fc      0x104 ./Middlewares/Third_Party/FreeRTOS/Source/tasks.o
                0x000000000800b2fc                vTaskPriorityDisinheritAfterTimeout
 .text.pvTaskIncrementMutexHeldCount
                0x000000000800b400       0x28 ./Middlewares/Third_Party/FreeRTOS/Source/tasks.o
                0x000000000800b400                pvTaskIncrementMutexHeldCount
 .text.prvAddCurrentTaskToDelayedList
                0x000000000800b428       0xa8 ./Middlewares/Third_Party/FreeRTOS/Source/tasks.o
 .text.xTimerCreateTimerTask
                0x000000000800b4d0       0x90 ./Middlewares/Third_Party/FreeRTOS/Source/timers.o
                0x000000000800b4d0                xTimerCreateTimerTask
 .text.xTimerGenericCommand
                0x000000000800b560       0x9c ./Middlewares/Third_Party/FreeRTOS/Source/timers.o
                0x000000000800b560                xTimerGenericCommand
 .text.prvProcessExpiredTimer
                0x000000000800b5fc       0x98 ./Middlewares/Third_Party/FreeRTOS/Source/timers.o
 .text.prvTimerTask
                0x000000000800b694       0x24 ./Middlewares/Third_Party/FreeRTOS/Source/timers.o
 .text.prvProcessTimerOrBlockTask
                0x000000000800b6b8       0x9c ./Middlewares/Third_Party/FreeRTOS/Source/timers.o
 .text.prvGetNextExpireTime
                0x000000000800b754       0x48 ./Middlewares/Third_Party/FreeRTOS/Source/timers.o
 .text.prvSampleTimeNow
                0x000000000800b79c       0x40 ./Middlewares/Third_Party/FreeRTOS/Source/timers.o
 .text.prvInsertTimerInActiveList
                0x000000000800b7dc       0x84 ./Middlewares/Third_Party/FreeRTOS/Source/timers.o
 .text.prvProcessReceivedCommands
                0x000000000800b860      0x1c4 ./Middlewares/Third_Party/FreeRTOS/Source/timers.o
 .text.prvSwitchTimerLists
                0x000000000800ba24       0xc8 ./Middlewares/Third_Party/FreeRTOS/Source/timers.o
 .text.prvCheckForValidListAndQueue
                0x000000000800baec       0x80 ./Middlewares/Third_Party/FreeRTOS/Source/timers.o
 .text.pxPortInitialiseStack
                0x000000000800bb6c       0x68 ./Middlewares/Third_Party/FreeRTOS/Source/portable/GCC/ARM_CM4F/port.o
                0x000000000800bb6c                pxPortInitialiseStack
 .text.prvTaskExitError
                0x000000000800bbd4       0x58 ./Middlewares/Third_Party/FreeRTOS/Source/portable/GCC/ARM_CM4F/port.o
 *fill*         0x000000000800bc2c        0x4 
 .text.SVC_Handler
                0x000000000800bc30       0x28 ./Middlewares/Third_Party/FreeRTOS/Source/portable/GCC/ARM_CM4F/port.o
                0x000000000800bc30                SVC_Handler
 .text.prvPortStartFirstTask
                0x000000000800bc58       0x28 ./Middlewares/Third_Party/FreeRTOS/Source/portable/GCC/ARM_CM4F/port.o
 .text.xPortStartScheduler
                0x000000000800bc80      0x144 ./Middlewares/Third_Party/FreeRTOS/Source/portable/GCC/ARM_CM4F/port.o
                0x000000000800bc80                xPortStartScheduler
 .text.vPortEnterCritical
                0x000000000800bdc4       0x60 ./Middlewares/Third_Party/FreeRTOS/Source/portable/GCC/ARM_CM4F/port.o
                0x000000000800bdc4                vPortEnterCritical
 .text.vPortExitCritical
                0x000000000800be24       0x54 ./Middlewares/Third_Party/FreeRTOS/Source/portable/GCC/ARM_CM4F/port.o
                0x000000000800be24                vPortExitCritical
 *fill*         0x000000000800be78        0x8 
 .text.PendSV_Handler
                0x000000000800be80       0x68 ./Middlewares/Third_Party/FreeRTOS/Source/portable/GCC/ARM_CM4F/port.o
                0x000000000800be80                PendSV_Handler
 .text.xPortSysTickHandler
                0x000000000800bee8       0x44 ./Middlewares/Third_Party/FreeRTOS/Source/portable/GCC/ARM_CM4F/port.o
                0x000000000800bee8                xPortSysTickHandler
 .text.vPortSetupTimerInterrupt
                0x000000000800bf2c       0x48 ./Middlewares/Third_Party/FreeRTOS/Source/portable/GCC/ARM_CM4F/port.o
                0x000000000800bf2c                vPortSetupTimerInterrupt
 .text.vPortEnableVFP
                0x000000000800bf74       0x14 ./Middlewares/Third_Party/FreeRTOS/Source/portable/GCC/ARM_CM4F/port.o
 .text.vPortValidateInterruptPriority
                0x000000000800bf88       0x80 ./Middlewares/Third_Party/FreeRTOS/Source/portable/GCC/ARM_CM4F/port.o
                0x000000000800bf88                vPortValidateInterruptPriority
 .text.pvPortMalloc
                0x000000000800c008      0x1a0 ./Middlewares/Third_Party/FreeRTOS/Source/portable/MemMang/heap_4.o
                0x000000000800c008                pvPortMalloc
 .text.vPortFree
                0x000000000800c1a8       0xc4 ./Middlewares/Third_Party/FreeRTOS/Source/portable/MemMang/heap_4.o
                0x000000000800c1a8                vPortFree
 .text.prvHeapInit
                0x000000000800c26c       0xc4 ./Middlewares/Third_Party/FreeRTOS/Source/portable/MemMang/heap_4.o
 .text.prvInsertBlockIntoFreeList
                0x000000000800c330       0xb4 ./Middlewares/Third_Party/FreeRTOS/Source/portable/MemMang/heap_4.o
 .text._ZdaPv   0x000000000800c3e4        0x4 c:/st/stm32cubeide_1.12.0/stm32cubeide/plugins/com.st.stm32cube.ide.mcu.externaltools.gnu-tools-for-stm32.10.3-2021.10.win32_1.0.200.202301161003/tools/bin/../lib/gcc/arm-none-eabi/10.3.1/../../../../arm-none-eabi/lib/thumb/v7e-m+fp/hard\libstdc++_nano.a(del_opv.o)
                0x000000000800c3e4                operator delete[](void*)
 .text.__cxa_guard_acquire
                0x000000000800c3e8       0x18 c:/st/stm32cubeide_1.12.0/stm32cubeide/plugins/com.st.stm32cube.ide.mcu.externaltools.gnu-tools-for-stm32.10.3-2021.10.win32_1.0.200.202301161003/tools/bin/../lib/gcc/arm-none-eabi/10.3.1/../../../../arm-none-eabi/lib/thumb/v7e-m+fp/hard\libstdc++_nano.a(guard.o)
                0x000000000800c3e8                __cxa_guard_acquire
 .text.__cxa_guard_release
                0x000000000800c400        0x6 c:/st/stm32cubeide_1.12.0/stm32cubeide/plugins/com.st.stm32cube.ide.mcu.externaltools.gnu-tools-for-stm32.10.3-2021.10.win32_1.0.200.202301161003/tools/bin/../lib/gcc/arm-none-eabi/10.3.1/../../../../arm-none-eabi/lib/thumb/v7e-m+fp/hard\libstdc++_nano.a(guard.o)
                0x000000000800c400                __cxa_guard_release
 .text._Znaj    0x000000000800c406        0x4 c:/st/stm32cubeide_1.12.0/stm32cubeide/plugins/com.st.stm32cube.ide.mcu.externaltools.gnu-tools-for-stm32.10.3-2021.10.win32_1.0.200.202301161003/tools/bin/../lib/gcc/arm-none-eabi/10.3.1/../../../../arm-none-eabi/lib/thumb/v7e-m+fp/hard\libstdc++_nano.a(new_opv.o)
                0x000000000800c406                operator new[](unsigned int)
 .text.unlikely._ZSt25__throw_bad_function_callv
                0x000000000800c40a        0x6 c:/st/stm32cubeide_1.12.0/stm32cubeide/plugins/com.st.stm32cube.ide.mcu.externaltools.gnu-tools-for-stm32.10.3-2021.10.win32_1.0.200.202301161003/tools/bin/../lib/gcc/arm-none-eabi/10.3.1/../../../../arm-none-eabi/lib/thumb/v7e-m+fp/hard\libstdc++_nano.a(functional.o)
                0x000000000800c40a                std::__throw_bad_function_call()
 .text._ZdlPv   0x000000000800c410        0x4 c:/st/stm32cubeide_1.12.0/stm32cubeide/plugins/com.st.stm32cube.ide.mcu.externaltools.gnu-tools-for-stm32.10.3-2021.10.win32_1.0.200.202301161003/tools/bin/../lib/gcc/arm-none-eabi/10.3.1/../../../../arm-none-eabi/lib/thumb/v7e-m+fp/hard\libstdc++_nano.a(del_op.o)
                0x000000000800c410                operator delete(void*)
 .text._Znwj    0x000000000800c414       0x22 c:/st/stm32cubeide_1.12.0/stm32cubeide/plugins/com.st.stm32cube.ide.mcu.externaltools.gnu-tools-for-stm32.10.3-2021.10.win32_1.0.200.202301161003/tools/bin/../lib/gcc/arm-none-eabi/10.3.1/../../../../arm-none-eabi/lib/thumb/v7e-m+fp/hard\libstdc++_nano.a(new_op.o)
                0x000000000800c414                operator new(unsigned int)
 *fill*         0x000000000800c436        0x2 
 .text._ZSt15get_new_handlerv
                0x000000000800c438       0x10 c:/st/stm32cubeide_1.12.0/stm32cubeide/plugins/com.st.stm32cube.ide.mcu.externaltools.gnu-tools-for-stm32.10.3-2021.10.win32_1.0.200.202301161003/tools/bin/../lib/gcc/arm-none-eabi/10.3.1/../../../../arm-none-eabi/lib/thumb/v7e-m+fp/hard\libstdc++_nano.a(new_handler.o)
                0x000000000800c438                std::get_new_handler()
 .text.abort    0x000000000800c448        0xe c:/st/stm32cubeide_1.12.0/stm32cubeide/plugins/com.st.stm32cube.ide.mcu.externaltools.gnu-tools-for-stm32.10.3-2021.10.win32_1.0.200.202301161003/tools/bin/../lib/gcc/arm-none-eabi/10.3.1/../../../../arm-none-eabi/lib/thumb/v7e-m+fp/hard\libc_nano.a(lib_a-abort.o)
                0x000000000800c448                abort
 .text.atexit   0x000000000800c456        0xc c:/st/stm32cubeide_1.12.0/stm32cubeide/plugins/com.st.stm32cube.ide.mcu.externaltools.gnu-tools-for-stm32.10.3-2021.10.win32_1.0.200.202301161003/tools/bin/../lib/gcc/arm-none-eabi/10.3.1/../../../../arm-none-eabi/lib/thumb/v7e-m+fp/hard\libc_nano.a(lib_a-atexit.o)
                0x000000000800c456                atexit
 *fill*         0x000000000800c462        0x2 
 .text.__errno  0x000000000800c464        0xc c:/st/stm32cubeide_1.12.0/stm32cubeide/plugins/com.st.stm32cube.ide.mcu.externaltools.gnu-tools-for-stm32.10.3-2021.10.win32_1.0.200.202301161003/tools/bin/../lib/gcc/arm-none-eabi/10.3.1/../../../../arm-none-eabi/lib/thumb/v7e-m+fp/hard\libc_nano.a(lib_a-errno.o)
                0x000000000800c464                __errno
 .text.std      0x000000000800c470       0x48 c:/st/stm32cubeide_1.12.0/stm32cubeide/plugins/com.st.stm32cube.ide.mcu.externaltools.gnu-tools-for-stm32.10.3-2021.10.win32_1.0.200.202301161003/tools/bin/../lib/gcc/arm-none-eabi/10.3.1/../../../../arm-none-eabi/lib/thumb/v7e-m+fp/hard\libc_nano.a(lib_a-findfp.o)
 .text._cleanup_r
                0x000000000800c4b8        0xc c:/st/stm32cubeide_1.12.0/stm32cubeide/plugins/com.st.stm32cube.ide.mcu.externaltools.gnu-tools-for-stm32.10.3-2021.10.win32_1.0.200.202301161003/tools/bin/../lib/gcc/arm-none-eabi/10.3.1/../../../../arm-none-eabi/lib/thumb/v7e-m+fp/hard\libc_nano.a(lib_a-findfp.o)