../Applications/CANzero/canzero_emcy.cpp:36:6:void WARN_ALL_clear()	8	static
../Applications/CANzero/canzero_emcy.cpp:45:6:void WARN_OtherWarning_set()	8	static
../Applications/CANzero/canzero_emcy.cpp:57:6:void WARN_OtherWarning_clear()	8	static
../Applications/CANzero/canzero_emcy.cpp:71:6:bool WARN_OtherWarning_get()	4	static
../Applications/CANzero/canzero_emcy.cpp:80:6:void WARN_batterVoltageLow_set()	8	static
../Applications/CANzero/canzero_emcy.cpp:92:6:void WARN_batterVoltageLow_clear()	8	static
../Applications/CANzero/canzero_emcy.cpp:106:6:bool WARN_batterVoltageLow_get()	4	static
../Applications/CANzero/canzero_emcy.cpp:115:6:void WARN_batterTempHigh_set()	8	static
../Applications/CANzero/canzero_emcy.cpp:127:6:void WARN_batterTempHigh_clear()	8	static
../Applications/CANzero/canzero_emcy.cpp:141:6:bool WARN_batterTempHigh_get()	4	static
../Applications/CANzero/canzero_emcy.cpp:153:6:void ERR_ALL_clear()	8	static
../Applications/CANzero/canzero_emcy.cpp:164:6:void ERR_OtherError_set()	8	static
../Applications/CANzero/canzero_emcy.cpp:176:6:void ERR_OtherError_clear()	8	static
../Applications/CANzero/canzero_emcy.cpp:191:6:bool ERR_OtherError_get()	4	static
../Applications/CANzero/canzero_emcy.cpp:200:6:void ERR_batterVoltageCritical_set()	8	static
../Applications/CANzero/canzero_emcy.cpp:212:6:void ERR_batterVoltageCritical_clear()	8	static
../Applications/CANzero/canzero_emcy.cpp:227:6:bool ERR_batterVoltageCritical_get()	4	static
../Applications/CANzero/canzero_emcy.cpp:236:6:void ERR_batteryOvercurrent_set()	8	static
../Applications/CANzero/canzero_emcy.cpp:248:6:void ERR_batteryOvercurrent_clear()	8	static
../Applications/CANzero/canzero_emcy.cpp:263:6:bool ERR_batteryOvercurrent_get()	4	static
../Applications/CANzero/canzero_emcy.cpp:272:6:void ERR_batterTempCritical_set()	8	static
../Applications/CANzero/canzero_emcy.cpp:284:6:void ERR_batterTempCritical_clear()	8	static
../Applications/CANzero/canzero_emcy.cpp:299:6:bool ERR_batterTempCritical_get()	4	static
../Applications/CANzero/canzero_emcy.cpp:308:6:void ERR_watchdogStateMachine_set()	8	static
../Applications/CANzero/canzero_emcy.cpp:320:6:void ERR_watchdogStateMachine_clear()	8	static
../Applications/CANzero/canzero_emcy.cpp:335:6:bool ERR_watchdogStateMachine_get()	4	static
