../Drivers/CMSIS/Include/core_cm4.h:1939:34:void __NVIC_SystemReset()	4	static,ignoring_inline_asm
C:/Users/OfficeLaptop/Documents/GitHub/mz_testbench_siii/pdu/Applications/include/typedefinitions.h:18:8:TxMessage::TxMessage()	16	static
../Applications/CANzero/cz_interface.cpp:56:1:cz_interface::cz_interface()	16	static
../Applications/CANzero/cz_interface.cpp:59:6:void cz_interface::init()	64	static
../Applications/CANzero/cz_interface.cpp:174:6:void cz_interface::setFilter(unsigned int, CAN_FilterTypeDef)	24	static
../Applications/CANzero/cz_interface.cpp:205:11:cz_status cz_interface::getStatus()	24	static
../Applications/CANzero/cz_interface.cpp:213:6:void cz_interface::setStatus(cz_status)	16	static
../Applications/CANzero/cz_interface.cpp:220:6:static void cz_interface::cz_send(void*)	64	static
../Applications/CANzero/cz_interface.cpp:299:6:static void cz_interface::cz_receive(void*)	88	static
../Applications/CANzero/cz_interface.cpp:341:15:static cz_interface* cz_interface::getInstance()	16	static
../Applications/CANzero/cz_interface.cpp:348:1:cz_interface::~cz_interface()	16	static
C:/Users/OfficeLaptop/Documents/GitHub/mz_testbench_siii/pdu/Applications/CANzero/dbc-cpp/dbc_parser.hpp:95:17:bool can::checkRxMessage(const RxMessage&) [with MESSAGE = can::messages::PDU_BTL_RX]	16	static
C:/Users/OfficeLaptop/Documents/GitHub/mz_testbench_siii/pdu/Applications/CANzero/dbc-cpp/dbc_parser.hpp:95:17:bool can::checkRxMessage(const RxMessage&) [with MESSAGE = can::messages::PDU_SDO_Req_Up]	16	static
C:/Users/OfficeLaptop/Documents/GitHub/mz_testbench_siii/pdu/Applications/CANzero/dbc-cpp/dbc_parser.hpp:95:17:bool can::checkRxMessage(const RxMessage&) [with MESSAGE = can::messages::PDU_SDO_Req_Down]	16	static
