c:\st\stm32cubeide_1.12.0\stm32cubeide\plugins\com.st.stm32cube.ide.mcu.externaltools.gnu-tools-for-stm32.10.3-2021.10.win32_1.0.200.202301161003\tools\arm-none-eabi\include\c++\10.3.1\cmath:1756:3:constexpr float std::round(float)	16	static
C:/Users/OfficeLaptop/Documents/GitHub/mz_testbench_siii/sensor_ecu/Applications/CANzero/dbc-cpp/dbc_parser.hpp:149:9:can::MessageBase::MessageBase(uint32_t, uint8_t, bool)	24	static
C:/Users/OfficeLaptop/Documents/GitHub/mz_testbench_siii/sensor_ecu/Applications/CANzero/dbc-cpp/dbc_parser.hpp:151:9:can::MessageBase::MessageBase(uint32_t, uint8_t, bool, const uint8_t*)	168	static
C:/Users/OfficeLaptop/Documents/GitHub/mz_testbench_siii/sensor_ecu/Applications/CANzero/dbc-cpp/dbc_parser.hpp:182:14:void can::MessageBase::toBuf(CAN_TxHeaderTypeDef&, uint8_t*, can::CAN_BusTypeDef) const	24	static
C:/Users/OfficeLaptop/Documents/GitHub/mz_testbench_siii/sensor_ecu/Applications/CANZero_static/Inc/cz_typedefinitions.hpp:18:8:TxMessage::TxMessage()	16	static
C:/Users/OfficeLaptop/Documents/GitHub/mz_testbench_siii/sensor_ecu/Applications/CANzero/dbc-cpp/dbc_parser.hpp:211:19:TxMessage can::MessageBase::getTxMessage(can::CAN_BusTypeDef) const	24	static
C:/Users/OfficeLaptop/Documents/GitHub/mz_testbench_siii/sensor_ecu/Applications/CANzero/dbc-cpp/dbc_parser.hpp:1699:42:static constexpr void can::signals::SensorF_SDO_ID::set(uint64_t&, uint64_t&, uint8_t&, uint16_t)	56	static
C:/Users/OfficeLaptop/Documents/GitHub/mz_testbench_siii/sensor_ecu/Applications/CANzero/dbc-cpp/dbc_parser.hpp:1709:46:static constexpr uint16_t can::signals::SensorF_SDO_ID::get(const uint64_t&, const uint64_t&)	24	static
C:/Users/OfficeLaptop/Documents/GitHub/mz_testbench_siii/sensor_ecu/Applications/CANzero/dbc-cpp/dbc_parser.hpp:1782:42:static constexpr void can::signals::SensorF_SDO_RespCode::set(uint64_t&, uint64_t&, uint8_t&, uint8_t)	56	static
C:/Users/OfficeLaptop/Documents/GitHub/mz_testbench_siii/sensor_ecu/Applications/CANzero/dbc-cpp/dbc_parser.hpp:1811:45:static constexpr uint8_t can::signals::SensorF_OD_SetReset::get(const uint64_t&, const uint64_t&)	24	static
C:/Users/OfficeLaptop/Documents/GitHub/mz_testbench_siii/sensor_ecu/Applications/CANzero/dbc-cpp/dbc_parser.hpp:1838:42:static constexpr void can::signals::SensorF_OD_Velocity::set(uint64_t&, uint64_t&, uint8_t&, float)	64	static
C:/Users/OfficeLaptop/Documents/GitHub/mz_testbench_siii/sensor_ecu/Applications/CANzero/dbc-cpp/dbc_parser.hpp:1873:42:static constexpr void can::signals::SensorF_OD_Position::set(uint64_t&, uint64_t&, uint8_t&, float)	64	static
C:/Users/OfficeLaptop/Documents/GitHub/mz_testbench_siii/sensor_ecu/Applications/CANzero/dbc-cpp/dbc_parser.hpp:1906:42:static constexpr void can::signals::SensorF_OD_FiducialLeftCounter::set(uint64_t&, uint64_t&, uint8_t&, uint16_t)	64	static
C:/Users/OfficeLaptop/Documents/GitHub/mz_testbench_siii/sensor_ecu/Applications/CANzero/dbc-cpp/dbc_parser.hpp:1933:42:static constexpr void can::signals::SensorF_OD_FiducialRightCounter::set(uint64_t&, uint64_t&, uint8_t&, uint16_t)	64	static
C:/Users/OfficeLaptop/Documents/GitHub/mz_testbench_siii/sensor_ecu/Applications/CANzero/dbc-cpp/dbc_parser.hpp:1962:42:static constexpr void can::signals::SensorF_OD_CoolingPressure::set(uint64_t&, uint64_t&, uint8_t&, float)	64	static
C:/Users/OfficeLaptop/Documents/GitHub/mz_testbench_siii/sensor_ecu/Applications/CANzero/dbc-cpp/dbc_parser.hpp:1997:42:static constexpr void can::signals::SensorF_OD_IMU_GyroZ::set(uint64_t&, uint64_t&, uint8_t&, float)	64	static
C:/Users/OfficeLaptop/Documents/GitHub/mz_testbench_siii/sensor_ecu/Applications/CANzero/dbc-cpp/dbc_parser.hpp:2032:42:static constexpr void can::signals::SensorF_OD_IMU_GyroY::set(uint64_t&, uint64_t&, uint8_t&, float)	64	static
C:/Users/OfficeLaptop/Documents/GitHub/mz_testbench_siii/sensor_ecu/Applications/CANzero/dbc-cpp/dbc_parser.hpp:2067:42:static constexpr void can::signals::SensorF_OD_IMU_GyroX::set(uint64_t&, uint64_t&, uint8_t&, float)	64	static
C:/Users/OfficeLaptop/Documents/GitHub/mz_testbench_siii/sensor_ecu/Applications/CANzero/dbc-cpp/dbc_parser.hpp:2102:42:static constexpr void can::signals::SensorF_OD_IMU_AccelZ::set(uint64_t&, uint64_t&, uint8_t&, float)	64	static
C:/Users/OfficeLaptop/Documents/GitHub/mz_testbench_siii/sensor_ecu/Applications/CANzero/dbc-cpp/dbc_parser.hpp:2137:42:static constexpr void can::signals::SensorF_OD_IMU_AccelY::set(uint64_t&, uint64_t&, uint8_t&, float)	64	static
C:/Users/OfficeLaptop/Documents/GitHub/mz_testbench_siii/sensor_ecu/Applications/CANzero/dbc-cpp/dbc_parser.hpp:2172:42:static constexpr void can::signals::SensorF_OD_IMU_AccelX::set(uint64_t&, uint64_t&, uint8_t&, float)	64	static
C:/Users/OfficeLaptop/Documents/GitHub/mz_testbench_siii/sensor_ecu/Applications/CANzero/dbc-cpp/dbc_parser.hpp:2207:42:static constexpr void can::signals::SensorF_OD_IMU3_Temperature::set(uint64_t&, uint64_t&, uint8_t&, float)	64	static
C:/Users/OfficeLaptop/Documents/GitHub/mz_testbench_siii/sensor_ecu/Applications/CANzero/dbc-cpp/dbc_parser.hpp:2242:42:static constexpr void can::signals::SensorF_OD_IMU2_Temperature::set(uint64_t&, uint64_t&, uint8_t&, float)	64	static
C:/Users/OfficeLaptop/Documents/GitHub/mz_testbench_siii/sensor_ecu/Applications/CANzero/dbc-cpp/dbc_parser.hpp:2277:42:static constexpr void can::signals::SensorF_OD_IMU1_Temperature::set(uint64_t&, uint64_t&, uint8_t&, float)	64	static
C:/Users/OfficeLaptop/Documents/GitHub/mz_testbench_siii/sensor_ecu/Applications/CANzero/dbc-cpp/dbc_parser.hpp:2310:42:static constexpr void can::signals::SensorF_OD_IMU_number::set(uint64_t&, uint64_t&, uint8_t&, uint8_t)	56	static
C:/Users/OfficeLaptop/Documents/GitHub/mz_testbench_siii/sensor_ecu/Applications/CANzero/dbc-cpp/dbc_parser.hpp:2343:45:static constexpr uint8_t can::signals::SensorF_OD_EncoderResetPosition::get(const uint64_t&, const uint64_t&)	24	static
C:/Users/OfficeLaptop/Documents/GitHub/mz_testbench_siii/sensor_ecu/Applications/CANzero/dbc-cpp/dbc_parser.hpp:2370:42:static constexpr void can::signals::SensorF_OD_EncoderWheelDiameter::set(uint64_t&, uint64_t&, uint8_t&, float)	64	static
C:/Users/OfficeLaptop/Documents/GitHub/mz_testbench_siii/sensor_ecu/Applications/CANzero/dbc-cpp/dbc_parser.hpp:2382:43:static constexpr float can::signals::SensorF_OD_EncoderWheelDiameter::get(const uint64_t&, const uint64_t&)	24	static
C:/Users/OfficeLaptop/Documents/GitHub/mz_testbench_siii/sensor_ecu/Applications/CANzero/dbc-cpp/dbc_parser.hpp:2403:42:static constexpr void can::signals::SensorF_OD_HVBatteryMode::set(uint64_t&, uint64_t&, uint8_t&, uint8_t)	56	static
C:/Users/OfficeLaptop/Documents/GitHub/mz_testbench_siii/sensor_ecu/Applications/CANzero/dbc-cpp/dbc_parser.hpp:2409:45:static constexpr uint8_t can::signals::SensorF_OD_HVBatteryMode::get(const uint64_t&, const uint64_t&)	24	static
C:/Users/OfficeLaptop/Documents/GitHub/mz_testbench_siii/sensor_ecu/Applications/CANzero/dbc-cpp/dbc_parser.hpp:2434:42:static constexpr void can::signals::SensorF_OD_StateMachineActivate::set(uint64_t&, uint64_t&, uint8_t&, uint8_t)	56	static
C:/Users/OfficeLaptop/Documents/GitHub/mz_testbench_siii/sensor_ecu/Applications/CANzero/dbc-cpp/dbc_parser.hpp:2440:45:static constexpr uint8_t can::signals::SensorF_OD_StateMachineActivate::get(const uint64_t&, const uint64_t&)	24	static
C:/Users/OfficeLaptop/Documents/GitHub/mz_testbench_siii/sensor_ecu/Applications/CANzero/dbc-cpp/dbc_parser.hpp:2467:42:static constexpr void can::signals::SensorF_OD_StateMachineInterval::set(uint64_t&, uint64_t&, uint8_t&, uint8_t)	56	static
C:/Users/OfficeLaptop/Documents/GitHub/mz_testbench_siii/sensor_ecu/Applications/CANzero/dbc-cpp/dbc_parser.hpp:2479:45:static constexpr uint8_t can::signals::SensorF_OD_StateMachineInterval::get(const uint64_t&, const uint64_t&)	24	static
C:/Users/OfficeLaptop/Documents/GitHub/mz_testbench_siii/sensor_ecu/Applications/CANzero/dbc-cpp/dbc_parser.hpp:2500:42:static constexpr void can::signals::SensorF_OD_TelemetryCommands::set(uint64_t&, uint64_t&, uint8_t&, uint8_t)	56	static
C:/Users/OfficeLaptop/Documents/GitHub/mz_testbench_siii/sensor_ecu/Applications/CANzero/dbc-cpp/dbc_parser.hpp:2506:45:static constexpr uint8_t can::signals::SensorF_OD_TelemetryCommands::get(const uint64_t&, const uint64_t&)	24	static
C:/Users/OfficeLaptop/Documents/GitHub/mz_testbench_siii/sensor_ecu/Applications/CANzero/dbc-cpp/dbc_parser.hpp:2541:42:static constexpr void can::signals::SensorF_OD_samplingInterval::set(uint64_t&, uint64_t&, uint8_t&, float)	64	static
C:/Users/OfficeLaptop/Documents/GitHub/mz_testbench_siii/sensor_ecu/Applications/CANzero/dbc-cpp/dbc_parser.hpp:2553:43:static constexpr float can::signals::SensorF_OD_samplingInterval::get(const uint64_t&, const uint64_t&)	24	static
C:/Users/OfficeLaptop/Documents/GitHub/mz_testbench_siii/sensor_ecu/Applications/CANzero/dbc-cpp/dbc_parser.hpp:2576:42:static constexpr void can::signals::SensorF_OD_CAN2_DelayedTxMessages::set(uint64_t&, uint64_t&, uint8_t&, uint32_t)	64	static
C:/Users/OfficeLaptop/Documents/GitHub/mz_testbench_siii/sensor_ecu/Applications/CANzero/dbc-cpp/dbc_parser.hpp:2610:42:static constexpr void can::signals::SensorF_OD_CAN2_ErrorStatus::set(uint64_t&, uint64_t&, uint8_t&, uint8_t)	56	static
C:/Users/OfficeLaptop/Documents/GitHub/mz_testbench_siii/sensor_ecu/Applications/CANzero/dbc-cpp/dbc_parser.hpp:2645:42:static constexpr void can::signals::SensorF_OD_CAN2_DiscardedTxMessages::set(uint64_t&, uint64_t&, uint8_t&, uint32_t)	64	static
C:/Users/OfficeLaptop/Documents/GitHub/mz_testbench_siii/sensor_ecu/Applications/CANzero/dbc-cpp/dbc_parser.hpp:2679:42:static constexpr void can::signals::SensorF_OD_CAN2_Status::set(uint64_t&, uint64_t&, uint8_t&, uint8_t)	56	static
C:/Users/OfficeLaptop/Documents/GitHub/mz_testbench_siii/sensor_ecu/Applications/CANzero/dbc-cpp/dbc_parser.hpp:2716:42:static constexpr void can::signals::SensorF_OD_CAN2_Baudrate::set(uint64_t&, uint64_t&, uint8_t&, uint16_t)	64	static
C:/Users/OfficeLaptop/Documents/GitHub/mz_testbench_siii/sensor_ecu/Applications/CANzero/dbc-cpp/dbc_parser.hpp:2728:46:static constexpr uint16_t can::signals::SensorF_OD_CAN2_Baudrate::get(const uint64_t&, const uint64_t&)	24	static
C:/Users/OfficeLaptop/Documents/GitHub/mz_testbench_siii/sensor_ecu/Applications/CANzero/dbc-cpp/dbc_parser.hpp:2749:42:static constexpr void can::signals::SensorF_OD_CAN2_autoErrorReset::set(uint64_t&, uint64_t&, uint8_t&, uint8_t)	56	static
C:/Users/OfficeLaptop/Documents/GitHub/mz_testbench_siii/sensor_ecu/Applications/CANzero/dbc-cpp/dbc_parser.hpp:2755:45:static constexpr uint8_t can::signals::SensorF_OD_CAN2_autoErrorReset::get(const uint64_t&, const uint64_t&)	24	static
C:/Users/OfficeLaptop/Documents/GitHub/mz_testbench_siii/sensor_ecu/Applications/CANzero/dbc-cpp/dbc_parser.hpp:2780:42:static constexpr void can::signals::SensorF_OD_CAN2_lastErrorCode::set(uint64_t&, uint64_t&, uint8_t&, uint32_t)	64	static
C:/Users/OfficeLaptop/Documents/GitHub/mz_testbench_siii/sensor_ecu/Applications/CANzero/dbc-cpp/dbc_parser.hpp:2816:42:static constexpr void can::signals::SensorF_OD_CAN2_RxErrCnt::set(uint64_t&, uint64_t&, uint8_t&, uint8_t)	56	static
C:/Users/OfficeLaptop/Documents/GitHub/mz_testbench_siii/sensor_ecu/Applications/CANzero/dbc-cpp/dbc_parser.hpp:2843:42:static constexpr void can::signals::SensorF_OD_CAN2_TxErrCnt::set(uint64_t&, uint64_t&, uint8_t&, uint8_t)	56	static
C:/Users/OfficeLaptop/Documents/GitHub/mz_testbench_siii/sensor_ecu/Applications/CANzero/dbc-cpp/dbc_parser.hpp:2872:42:static constexpr void can::signals::SensorF_OD_CAN1_DelayedTxMessages::set(uint64_t&, uint64_t&, uint8_t&, uint32_t)	64	static
C:/Users/OfficeLaptop/Documents/GitHub/mz_testbench_siii/sensor_ecu/Applications/CANzero/dbc-cpp/dbc_parser.hpp:2906:42:static constexpr void can::signals::SensorF_OD_CAN1_ErrorStatus::set(uint64_t&, uint64_t&, uint8_t&, uint8_t)	56	static
C:/Users/OfficeLaptop/Documents/GitHub/mz_testbench_siii/sensor_ecu/Applications/CANzero/dbc-cpp/dbc_parser.hpp:2941:42:static constexpr void can::signals::SensorF_OD_CAN1_DiscardedTxMessages::set(uint64_t&, uint64_t&, uint8_t&, uint32_t)	64	static
C:/Users/OfficeLaptop/Documents/GitHub/mz_testbench_siii/sensor_ecu/Applications/CANzero/dbc-cpp/dbc_parser.hpp:2975:42:static constexpr void can::signals::SensorF_OD_CAN1_Status::set(uint64_t&, uint64_t&, uint8_t&, uint8_t)	56	static
C:/Users/OfficeLaptop/Documents/GitHub/mz_testbench_siii/sensor_ecu/Applications/CANzero/dbc-cpp/dbc_parser.hpp:3012:42:static constexpr void can::signals::SensorF_OD_CAN1_Baudrate::set(uint64_t&, uint64_t&, uint8_t&, uint16_t)	64	static
C:/Users/OfficeLaptop/Documents/GitHub/mz_testbench_siii/sensor_ecu/Applications/CANzero/dbc-cpp/dbc_parser.hpp:3024:46:static constexpr uint16_t can::signals::SensorF_OD_CAN1_Baudrate::get(const uint64_t&, const uint64_t&)	24	static
C:/Users/OfficeLaptop/Documents/GitHub/mz_testbench_siii/sensor_ecu/Applications/CANzero/dbc-cpp/dbc_parser.hpp:3045:42:static constexpr void can::signals::SensorF_OD_CAN1_autoErrorReset::set(uint64_t&, uint64_t&, uint8_t&, uint8_t)	56	static
C:/Users/OfficeLaptop/Documents/GitHub/mz_testbench_siii/sensor_ecu/Applications/CANzero/dbc-cpp/dbc_parser.hpp:3051:45:static constexpr uint8_t can::signals::SensorF_OD_CAN1_autoErrorReset::get(const uint64_t&, const uint64_t&)	24	static
C:/Users/OfficeLaptop/Documents/GitHub/mz_testbench_siii/sensor_ecu/Applications/CANzero/dbc-cpp/dbc_parser.hpp:3076:42:static constexpr void can::signals::SensorF_OD_CAN1_lastErrorCode::set(uint64_t&, uint64_t&, uint8_t&, uint32_t)	64	static
C:/Users/OfficeLaptop/Documents/GitHub/mz_testbench_siii/sensor_ecu/Applications/CANzero/dbc-cpp/dbc_parser.hpp:3112:42:static constexpr void can::signals::SensorF_OD_CAN1_RxErrCnt::set(uint64_t&, uint64_t&, uint8_t&, uint8_t)	56	static
C:/Users/OfficeLaptop/Documents/GitHub/mz_testbench_siii/sensor_ecu/Applications/CANzero/dbc-cpp/dbc_parser.hpp:3139:42:static constexpr void can::signals::SensorF_OD_CAN1_TxErrCnt::set(uint64_t&, uint64_t&, uint8_t&, uint8_t)	56	static
C:/Users/OfficeLaptop/Documents/GitHub/mz_testbench_siii/sensor_ecu/Applications/CANzero/dbc-cpp/dbc_parser.hpp:3168:42:static constexpr void can::signals::SensorF_OD_BuildTime::set(uint64_t&, uint64_t&, uint8_t&, uint32_t)	64	static
C:/Users/OfficeLaptop/Documents/GitHub/mz_testbench_siii/sensor_ecu/Applications/CANzero/dbc-cpp/dbc_parser.hpp:3201:42:static constexpr void can::signals::SensorF_OD_BuildDate::set(uint64_t&, uint64_t&, uint8_t&, uint32_t)	64	static
C:/Users/OfficeLaptop/Documents/GitHub/mz_testbench_siii/sensor_ecu/Applications/CANzero/dbc-cpp/dbc_parser.hpp:3230:42:static constexpr void can::signals::SensorF_OD_ChipUID2::set(uint64_t&, uint64_t&, uint8_t&, uint64_t)	48	static
C:/Users/OfficeLaptop/Documents/GitHub/mz_testbench_siii/sensor_ecu/Applications/CANzero/dbc-cpp/dbc_parser.hpp:3265:42:static constexpr void can::signals::SensorF_OD_ChipUID1::set(uint64_t&, uint64_t&, uint8_t&, uint64_t)	48	static
C:/Users/OfficeLaptop/Documents/GitHub/mz_testbench_siii/sensor_ecu/Applications/CANzero/dbc-cpp/dbc_parser.hpp:3298:42:static constexpr void can::signals::SensorF_OD_SdcOut::set(uint64_t&, uint64_t&, uint8_t&, uint8_t)	56	static
C:/Users/OfficeLaptop/Documents/GitHub/mz_testbench_siii/sensor_ecu/Applications/CANzero/dbc-cpp/dbc_parser.hpp:3325:42:static constexpr void can::signals::SensorF_OD_SdcIn::set(uint64_t&, uint64_t&, uint8_t&, uint8_t)	56	static
C:/Users/OfficeLaptop/Documents/GitHub/mz_testbench_siii/sensor_ecu/Applications/CANzero/dbc-cpp/dbc_parser.hpp:3354:42:static constexpr void can::signals::SensorF_OD_runtime::set(uint64_t&, uint64_t&, uint8_t&, uint32_t)	64	static
C:/Users/OfficeLaptop/Documents/GitHub/mz_testbench_siii/sensor_ecu/Applications/CANzero/dbc-cpp/dbc_parser.hpp:3389:42:static constexpr void can::signals::SensorF_OD_InputVoltage::set(uint64_t&, uint64_t&, uint8_t&, float)	64	static
C:/Users/OfficeLaptop/Documents/GitHub/mz_testbench_siii/sensor_ecu/Applications/CANzero/dbc-cpp/dbc_parser.hpp:3424:42:static constexpr void can::signals::SensorF_OD_BoardTemp::set(uint64_t&, uint64_t&, uint8_t&, float)	64	static
C:/Users/OfficeLaptop/Documents/GitHub/mz_testbench_siii/sensor_ecu/Applications/CANzero/dbc-cpp/dbc_parser.hpp:3459:42:static constexpr void can::signals::SensorF_OD_MemFree::set(uint64_t&, uint64_t&, uint8_t&, uint32_t)	64	static
C:/Users/OfficeLaptop/Documents/GitHub/mz_testbench_siii/sensor_ecu/Applications/CANzero/dbc-cpp/dbc_parser.hpp:3494:42:static constexpr void can::signals::SensorF_OD_CpuUsage::set(uint64_t&, uint64_t&, uint8_t&, float)	64	static
C:/Users/OfficeLaptop/Documents/GitHub/mz_testbench_siii/sensor_ecu/Applications/CANzero/dbc-cpp/dbc_parser.hpp:3527:42:static constexpr void can::signals::SensorF_OD_OdEntrySendInterval::set(uint64_t&, uint64_t&, uint8_t&, uint16_t)	64	static
C:/Users/OfficeLaptop/Documents/GitHub/mz_testbench_siii/sensor_ecu/Applications/CANzero/dbc-cpp/dbc_parser.hpp:3533:46:static constexpr uint16_t can::signals::SensorF_OD_OdEntrySendInterval::get(const uint64_t&, const uint64_t&)	24	static
C:/Users/OfficeLaptop/Documents/GitHub/mz_testbench_siii/sensor_ecu/Applications/CANzero/dbc-cpp/dbc_parser.hpp:3554:42:static constexpr void can::signals::SensorF_OD_SendOdOnBootup::set(uint64_t&, uint64_t&, uint8_t&, uint8_t)	56	static
C:/Users/OfficeLaptop/Documents/GitHub/mz_testbench_siii/sensor_ecu/Applications/CANzero/dbc-cpp/dbc_parser.hpp:3560:45:static constexpr uint8_t can::signals::SensorF_OD_SendOdOnBootup::get(const uint64_t&, const uint64_t&)	24	static
C:/Users/OfficeLaptop/Documents/GitHub/mz_testbench_siii/sensor_ecu/Applications/CANzero/dbc-cpp/dbc_parser.hpp:3585:42:static constexpr void can::signals::SensorF_OD_HeartbeatInterval::set(uint64_t&, uint64_t&, uint8_t&, uint16_t)	64	static
C:/Users/OfficeLaptop/Documents/GitHub/mz_testbench_siii/sensor_ecu/Applications/CANzero/dbc-cpp/dbc_parser.hpp:3591:46:static constexpr uint16_t can::signals::SensorF_OD_HeartbeatInterval::get(const uint64_t&, const uint64_t&)	24	static
C:/Users/OfficeLaptop/Documents/GitHub/mz_testbench_siii/sensor_ecu/Applications/CANzero/dbc-cpp/dbc_parser.hpp:3612:42:static constexpr void can::signals::SensorF_OD_DbcVersion::set(uint64_t&, uint64_t&, uint8_t&, uint16_t)	64	static
C:/Users/OfficeLaptop/Documents/GitHub/mz_testbench_siii/sensor_ecu/Applications/CANzero/dbc-cpp/dbc_parser.hpp:3639:42:static constexpr void can::signals::SensorF_OD_StackVersion::set(uint64_t&, uint64_t&, uint8_t&, uint16_t)	64	static
C:/Users/OfficeLaptop/Documents/GitHub/mz_testbench_siii/sensor_ecu/Applications/CANzero/dbc-cpp/dbc_parser.hpp:3666:42:static constexpr void can::signals::SensorF_OD_ProtocolVersion::set(uint64_t&, uint64_t&, uint8_t&, uint16_t)	64	static
C:/Users/OfficeLaptop/Documents/GitHub/mz_testbench_siii/sensor_ecu/Applications/CANzero/dbc-cpp/dbc_parser.hpp:3693:42:static constexpr void can::signals::SensorF_OD_NodeStatus::set(uint64_t&, uint64_t&, uint8_t&, uint8_t)	56	static
C:/Users/OfficeLaptop/Documents/GitHub/mz_testbench_siii/sensor_ecu/Applications/CANzero/dbc-cpp/dbc_parser.hpp:3727:42:static constexpr void can::signals::SensorF_OD_NodeID::set(uint64_t&, uint64_t&, uint8_t&, uint8_t)	56	static
C:/Users/OfficeLaptop/Documents/GitHub/mz_testbench_siii/sensor_ecu/Applications/CANzero/dbc-cpp/dbc_parser.hpp:268:19:constexpr can::Message<MESSAGE_T>::Message(const CAN_RxHeaderTypeDef&, const uint8_t*) [with MESSAGE_T = can::messages::SensorF_SDO_Req_Down]	32	static
C:/Users/OfficeLaptop/Documents/GitHub/mz_testbench_siii/sensor_ecu/Applications/CANzero/dbc-cpp/dbc_parser.hpp:282:19:constexpr can::Message<MESSAGE_T>::Message(const RxMessage&) [with MESSAGE_T = can::messages::SensorF_SDO_Req_Down]	16	static
../Applications/CANzero/canzero_od.cpp:147:6:void handleSDORequestDownload(const RxMessage&)	48	static
C:/Users/OfficeLaptop/Documents/GitHub/mz_testbench_siii/sensor_ecu/Applications/CANzero/dbc-cpp/dbc_parser.hpp:262:19:constexpr can::Message<MESSAGE_T>::Message() [with MESSAGE_T = can::messages::SensorF_SDO_Resp]	16	static
../Applications/CANzero/canzero_od.cpp:152:6:void handleSDORequestDownloadBySDOID(uint16_t)	80	static
C:/Users/OfficeLaptop/Documents/GitHub/mz_testbench_siii/sensor_ecu/Applications/CANzero/dbc-cpp/dbc_parser.hpp:268:19:constexpr can::Message<MESSAGE_T>::Message(const CAN_RxHeaderTypeDef&, const uint8_t*) [with MESSAGE_T = can::messages::SensorF_SDO_Req_Up]	32	static
C:/Users/OfficeLaptop/Documents/GitHub/mz_testbench_siii/sensor_ecu/Applications/CANzero/dbc-cpp/dbc_parser.hpp:282:19:constexpr can::Message<MESSAGE_T>::Message(const RxMessage&) [with MESSAGE_T = can::messages::SensorF_SDO_Req_Up]	16	static
../Applications/CANzero/canzero_od.cpp:412:6:void handleSDORequestUpload(const RxMessage&)	136	static
../Applications/CANzero/canzero_od.cpp:807:21:uint8_t OD_NodeID_get()	16	static
../Applications/CANzero/canzero_od.cpp:815:18:void OD_NodeID_set(uint8_t)	16	static
../Applications/CANzero/canzero_od.cpp:823:21:uint8_t OD_NodeStatus_get()	16	static
../Applications/CANzero/canzero_od.cpp:831:18:void OD_NodeStatus_set(uint8_t)	16	static
../Applications/CANzero/canzero_od.cpp:839:22:uint16_t OD_ProtocolVersion_get()	16	static
../Applications/CANzero/canzero_od.cpp:847:18:void OD_ProtocolVersion_set(uint16_t)	16	static
../Applications/CANzero/canzero_od.cpp:855:22:uint16_t OD_StackVersion_get()	16	static
../Applications/CANzero/canzero_od.cpp:863:18:void OD_StackVersion_set(uint16_t)	16	static
../Applications/CANzero/canzero_od.cpp:871:22:uint16_t OD_DbcVersion_get()	16	static
../Applications/CANzero/canzero_od.cpp:879:18:void OD_DbcVersion_set(uint16_t)	16	static
../Applications/CANzero/canzero_od.cpp:887:22:uint16_t OD_HeartbeatInterval_get()	16	static
../Applications/CANzero/canzero_od.cpp:895:18:void OD_HeartbeatInterval_set(uint16_t)	16	static
../Applications/CANzero/canzero_od.cpp:903:21:uint8_t OD_SendOdOnBootup_get()	16	static
../Applications/CANzero/canzero_od.cpp:911:18:void OD_SendOdOnBootup_set(uint8_t)	16	static
../Applications/CANzero/canzero_od.cpp:919:22:uint16_t OD_OdEntrySendInterval_get()	16	static
../Applications/CANzero/canzero_od.cpp:927:18:void OD_OdEntrySendInterval_set(uint16_t)	16	static
../Applications/CANzero/canzero_od.cpp:935:19:float OD_CpuUsage_get()	16	static
../Applications/CANzero/canzero_od.cpp:943:18:void OD_CpuUsage_set(float)	16	static
../Applications/CANzero/canzero_od.cpp:951:22:uint32_t OD_MemFree_get()	16	static
../Applications/CANzero/canzero_od.cpp:959:18:void OD_MemFree_set(uint32_t)	16	static
../Applications/CANzero/canzero_od.cpp:967:19:float OD_BoardTemp_get()	16	static
../Applications/CANzero/canzero_od.cpp:975:18:void OD_BoardTemp_set(float)	16	static
../Applications/CANzero/canzero_od.cpp:983:19:float OD_InputVoltage_get()	16	static
../Applications/CANzero/canzero_od.cpp:991:18:void OD_InputVoltage_set(float)	16	static
../Applications/CANzero/canzero_od.cpp:999:22:uint32_t OD_runtime_get()	16	static
../Applications/CANzero/canzero_od.cpp:1007:18:void OD_runtime_set(uint32_t)	16	static
../Applications/CANzero/canzero_od.cpp:1015:21:uint8_t OD_SdcIn_get()	16	static
../Applications/CANzero/canzero_od.cpp:1023:18:void OD_SdcIn_set(uint8_t)	16	static
../Applications/CANzero/canzero_od.cpp:1031:21:uint8_t OD_SdcOut_get()	16	static
../Applications/CANzero/canzero_od.cpp:1039:18:void OD_SdcOut_set(uint8_t)	16	static
../Applications/CANzero/canzero_od.cpp:1047:22:uint64_t OD_ChipUID1_get()	16	static
../Applications/CANzero/canzero_od.cpp:1055:18:void OD_ChipUID1_set(uint64_t)	16	static
../Applications/CANzero/canzero_od.cpp:1063:22:uint64_t OD_ChipUID2_get()	16	static
../Applications/CANzero/canzero_od.cpp:1071:18:void OD_ChipUID2_set(uint64_t)	16	static
../Applications/CANzero/canzero_od.cpp:1079:22:uint32_t OD_BuildDate_get()	16	static
../Applications/CANzero/canzero_od.cpp:1087:18:void OD_BuildDate_set(uint32_t)	16	static
../Applications/CANzero/canzero_od.cpp:1095:22:uint32_t OD_BuildTime_get()	16	static
../Applications/CANzero/canzero_od.cpp:1103:18:void OD_BuildTime_set(uint32_t)	16	static
../Applications/CANzero/canzero_od.cpp:1111:21:uint8_t OD_CAN1_TxErrCnt_get()	16	static
../Applications/CANzero/canzero_od.cpp:1119:18:void OD_CAN1_TxErrCnt_set(uint8_t)	16	static
../Applications/CANzero/canzero_od.cpp:1127:21:uint8_t OD_CAN1_RxErrCnt_get()	16	static
../Applications/CANzero/canzero_od.cpp:1135:18:void OD_CAN1_RxErrCnt_set(uint8_t)	16	static
../Applications/CANzero/canzero_od.cpp:1143:22:uint32_t OD_CAN1_lastErrorCode_get()	16	static
../Applications/CANzero/canzero_od.cpp:1151:18:void OD_CAN1_lastErrorCode_set(uint32_t)	16	static
../Applications/CANzero/canzero_od.cpp:1159:21:uint8_t OD_CAN1_autoErrorReset_get()	16	static
../Applications/CANzero/canzero_od.cpp:1167:18:void OD_CAN1_autoErrorReset_set(uint8_t)	16	static
../Applications/CANzero/canzero_od.cpp:1175:22:uint16_t OD_CAN1_Baudrate_get()	16	static
../Applications/CANzero/canzero_od.cpp:1183:18:void OD_CAN1_Baudrate_set(uint16_t)	16	static
../Applications/CANzero/canzero_od.cpp:1191:21:uint8_t OD_CAN1_Status_get()	16	static
../Applications/CANzero/canzero_od.cpp:1199:18:void OD_CAN1_Status_set(uint8_t)	16	static
../Applications/CANzero/canzero_od.cpp:1207:22:uint32_t OD_CAN1_DiscardedTxMessages_get()	16	static
../Applications/CANzero/canzero_od.cpp:1215:18:void OD_CAN1_DiscardedTxMessages_set(uint32_t)	16	static
../Applications/CANzero/canzero_od.cpp:1223:21:uint8_t OD_CAN1_ErrorStatus_get()	16	static
../Applications/CANzero/canzero_od.cpp:1231:18:void OD_CAN1_ErrorStatus_set(uint8_t)	16	static
../Applications/CANzero/canzero_od.cpp:1239:22:uint32_t OD_CAN1_DelayedTxMessages_get()	16	static
../Applications/CANzero/canzero_od.cpp:1247:18:void OD_CAN1_DelayedTxMessages_set(uint32_t)	16	static
../Applications/CANzero/canzero_od.cpp:1255:21:uint8_t OD_CAN2_TxErrCnt_get()	16	static
../Applications/CANzero/canzero_od.cpp:1263:18:void OD_CAN2_TxErrCnt_set(uint8_t)	16	static
../Applications/CANzero/canzero_od.cpp:1271:21:uint8_t OD_CAN2_RxErrCnt_get()	16	static
../Applications/CANzero/canzero_od.cpp:1279:18:void OD_CAN2_RxErrCnt_set(uint8_t)	16	static
../Applications/CANzero/canzero_od.cpp:1287:22:uint32_t OD_CAN2_lastErrorCode_get()	16	static
../Applications/CANzero/canzero_od.cpp:1295:18:void OD_CAN2_lastErrorCode_set(uint32_t)	16	static
../Applications/CANzero/canzero_od.cpp:1303:21:uint8_t OD_CAN2_autoErrorReset_get()	16	static
../Applications/CANzero/canzero_od.cpp:1311:18:void OD_CAN2_autoErrorReset_set(uint8_t)	16	static
../Applications/CANzero/canzero_od.cpp:1319:22:uint16_t OD_CAN2_Baudrate_get()	16	static
../Applications/CANzero/canzero_od.cpp:1327:18:void OD_CAN2_Baudrate_set(uint16_t)	16	static
../Applications/CANzero/canzero_od.cpp:1335:21:uint8_t OD_CAN2_Status_get()	16	static
../Applications/CANzero/canzero_od.cpp:1343:18:void OD_CAN2_Status_set(uint8_t)	16	static
../Applications/CANzero/canzero_od.cpp:1351:22:uint32_t OD_CAN2_DiscardedTxMessages_get()	16	static
../Applications/CANzero/canzero_od.cpp:1359:18:void OD_CAN2_DiscardedTxMessages_set(uint32_t)	16	static
../Applications/CANzero/canzero_od.cpp:1367:21:uint8_t OD_CAN2_ErrorStatus_get()	16	static
../Applications/CANzero/canzero_od.cpp:1375:18:void OD_CAN2_ErrorStatus_set(uint8_t)	16	static
../Applications/CANzero/canzero_od.cpp:1383:22:uint32_t OD_CAN2_DelayedTxMessages_get()	16	static
../Applications/CANzero/canzero_od.cpp:1391:18:void OD_CAN2_DelayedTxMessages_set(uint32_t)	16	static
../Applications/CANzero/canzero_od.cpp:1399:19:float OD_samplingInterval_get()	16	static
../Applications/CANzero/canzero_od.cpp:1407:18:void OD_samplingInterval_set(float)	16	static
../Applications/CANzero/canzero_od.cpp:1415:21:uint8_t OD_TelemetryCommands_get()	16	static
../Applications/CANzero/canzero_od.cpp:1423:18:void OD_TelemetryCommands_set(uint8_t)	16	static
../Applications/CANzero/canzero_od.cpp:1431:21:uint8_t OD_StateMachineInterval_get()	16	static
../Applications/CANzero/canzero_od.cpp:1439:18:void OD_StateMachineInterval_set(uint8_t)	16	static
../Applications/CANzero/canzero_od.cpp:1447:21:uint8_t OD_StateMachineActivate_get()	16	static
../Applications/CANzero/canzero_od.cpp:1455:18:void OD_StateMachineActivate_set(uint8_t)	16	static
../Applications/CANzero/canzero_od.cpp:1463:21:uint8_t OD_HVBatteryMode_get()	16	static
../Applications/CANzero/canzero_od.cpp:1471:18:void OD_HVBatteryMode_set(uint8_t)	16	static
../Applications/CANzero/canzero_od.cpp:1479:19:float OD_EncoderWheelDiameter_get()	16	static
../Applications/CANzero/canzero_od.cpp:1487:18:void OD_EncoderWheelDiameter_set(float)	16	static
../Applications/CANzero/canzero_od.cpp:1495:21:uint8_t OD_EncoderResetPosition_get()	16	static
../Applications/CANzero/canzero_od.cpp:1503:18:void OD_EncoderResetPosition_set(uint8_t)	16	static
../Applications/CANzero/canzero_od.cpp:1511:21:uint8_t OD_SetReset_get()	16	static
../Applications/CANzero/canzero_od.cpp:1519:18:void OD_SetReset_set(uint8_t)	16	static
../Applications/CANzero/canzero_od.cpp:1527:21:uint8_t OD_IMU_number_get()	16	static
../Applications/CANzero/canzero_od.cpp:1535:18:void OD_IMU_number_set(uint8_t)	16	static
../Applications/CANzero/canzero_od.cpp:1543:19:float OD_IMU1_Temperature_get()	16	static
../Applications/CANzero/canzero_od.cpp:1551:18:void OD_IMU1_Temperature_set(float)	16	static
../Applications/CANzero/canzero_od.cpp:1559:19:float OD_IMU2_Temperature_get()	16	static
../Applications/CANzero/canzero_od.cpp:1567:18:void OD_IMU2_Temperature_set(float)	16	static
../Applications/CANzero/canzero_od.cpp:1575:19:float OD_IMU3_Temperature_get()	16	static
../Applications/CANzero/canzero_od.cpp:1583:18:void OD_IMU3_Temperature_set(float)	16	static
../Applications/CANzero/canzero_od.cpp:1591:19:float OD_IMU_AccelX_get()	16	static
../Applications/CANzero/canzero_od.cpp:1599:18:void OD_IMU_AccelX_set(float)	16	static
../Applications/CANzero/canzero_od.cpp:1607:19:float OD_IMU_AccelY_get()	16	static
../Applications/CANzero/canzero_od.cpp:1615:18:void OD_IMU_AccelY_set(float)	16	static
../Applications/CANzero/canzero_od.cpp:1623:19:float OD_IMU_AccelZ_get()	16	static
../Applications/CANzero/canzero_od.cpp:1631:18:void OD_IMU_AccelZ_set(float)	16	static
../Applications/CANzero/canzero_od.cpp:1639:19:float OD_IMU_GyroX_get()	16	static
../Applications/CANzero/canzero_od.cpp:1647:18:void OD_IMU_GyroX_set(float)	16	static
../Applications/CANzero/canzero_od.cpp:1655:19:float OD_IMU_GyroY_get()	16	static
../Applications/CANzero/canzero_od.cpp:1663:18:void OD_IMU_GyroY_set(float)	16	static
../Applications/CANzero/canzero_od.cpp:1671:19:float OD_IMU_GyroZ_get()	16	static
../Applications/CANzero/canzero_od.cpp:1679:18:void OD_IMU_GyroZ_set(float)	16	static
../Applications/CANzero/canzero_od.cpp:1687:19:float OD_CoolingPressure_get()	16	static
../Applications/CANzero/canzero_od.cpp:1695:18:void OD_CoolingPressure_set(float)	16	static
../Applications/CANzero/canzero_od.cpp:1703:22:uint16_t OD_FiducialRightCounter_get()	16	static
../Applications/CANzero/canzero_od.cpp:1711:18:void OD_FiducialRightCounter_set(uint16_t)	16	static
../Applications/CANzero/canzero_od.cpp:1719:22:uint16_t OD_FiducialLeftCounter_get()	16	static
../Applications/CANzero/canzero_od.cpp:1727:18:void OD_FiducialLeftCounter_set(uint16_t)	16	static
../Applications/CANzero/canzero_od.cpp:1735:19:float OD_Position_get()	16	static
../Applications/CANzero/canzero_od.cpp:1743:18:void OD_Position_set(float)	16	static
../Applications/CANzero/canzero_od.cpp:1751:19:float OD_Velocity_get()	16	static
../Applications/CANzero/canzero_od.cpp:1759:18:void OD_Velocity_set(float)	16	static
../Applications/CANzero/canzero_od.cpp:1792:6:void sendOdEntriesTask(void*)	32	static
C:/Users/OfficeLaptop/Documents/GitHub/mz_testbench_siii/sensor_ecu/Applications/CANzero/dbc-cpp/dbc_parser.hpp:293:30:typename T::dataType can::Message<MESSAGE_T>::get() [with T = can::signals::SensorF_SDO_ID; MESSAGE_T = can::messages::SensorF_SDO_Req_Down]	16	static
C:/Users/OfficeLaptop/Documents/GitHub/mz_testbench_siii/sensor_ecu/Applications/CANzero/dbc-cpp/dbc_parser.hpp:286:14:void can::Message<MESSAGE_T>::set(typename T::dataType) [with T = can::signals::SensorF_OD_NodeID; MESSAGE_T = can::messages::SensorF_SDO_Resp]	16	static
C:/Users/OfficeLaptop/Documents/GitHub/mz_testbench_siii/sensor_ecu/Applications/CANzero/dbc-cpp/dbc_parser.hpp:286:14:void can::Message<MESSAGE_T>::set(typename T::dataType) [with T = can::signals::SensorF_OD_NodeStatus; MESSAGE_T = can::messages::SensorF_SDO_Resp]	16	static
C:/Users/OfficeLaptop/Documents/GitHub/mz_testbench_siii/sensor_ecu/Applications/CANzero/dbc-cpp/dbc_parser.hpp:286:14:void can::Message<MESSAGE_T>::set(typename T::dataType) [with T = can::signals::SensorF_OD_ProtocolVersion; MESSAGE_T = can::messages::SensorF_SDO_Resp]	16	static
C:/Users/OfficeLaptop/Documents/GitHub/mz_testbench_siii/sensor_ecu/Applications/CANzero/dbc-cpp/dbc_parser.hpp:286:14:void can::Message<MESSAGE_T>::set(typename T::dataType) [with T = can::signals::SensorF_OD_StackVersion; MESSAGE_T = can::messages::SensorF_SDO_Resp]	16	static
C:/Users/OfficeLaptop/Documents/GitHub/mz_testbench_siii/sensor_ecu/Applications/CANzero/dbc-cpp/dbc_parser.hpp:286:14:void can::Message<MESSAGE_T>::set(typename T::dataType) [with T = can::signals::SensorF_OD_DbcVersion; MESSAGE_T = can::messages::SensorF_SDO_Resp]	16	static
C:/Users/OfficeLaptop/Documents/GitHub/mz_testbench_siii/sensor_ecu/Applications/CANzero/dbc-cpp/dbc_parser.hpp:286:14:void can::Message<MESSAGE_T>::set(typename T::dataType) [with T = can::signals::SensorF_OD_HeartbeatInterval; MESSAGE_T = can::messages::SensorF_SDO_Resp]	16	static
C:/Users/OfficeLaptop/Documents/GitHub/mz_testbench_siii/sensor_ecu/Applications/CANzero/dbc-cpp/dbc_parser.hpp:286:14:void can::Message<MESSAGE_T>::set(typename T::dataType) [with T = can::signals::SensorF_OD_SendOdOnBootup; MESSAGE_T = can::messages::SensorF_SDO_Resp]	16	static
C:/Users/OfficeLaptop/Documents/GitHub/mz_testbench_siii/sensor_ecu/Applications/CANzero/dbc-cpp/dbc_parser.hpp:286:14:void can::Message<MESSAGE_T>::set(typename T::dataType) [with T = can::signals::SensorF_OD_OdEntrySendInterval; MESSAGE_T = can::messages::SensorF_SDO_Resp]	16	static
C:/Users/OfficeLaptop/Documents/GitHub/mz_testbench_siii/sensor_ecu/Applications/CANzero/dbc-cpp/dbc_parser.hpp:286:14:void can::Message<MESSAGE_T>::set(typename T::dataType) [with T = can::signals::SensorF_OD_CpuUsage; MESSAGE_T = can::messages::SensorF_SDO_Resp]	16	static
C:/Users/OfficeLaptop/Documents/GitHub/mz_testbench_siii/sensor_ecu/Applications/CANzero/dbc-cpp/dbc_parser.hpp:286:14:void can::Message<MESSAGE_T>::set(typename T::dataType) [with T = can::signals::SensorF_OD_MemFree; MESSAGE_T = can::messages::SensorF_SDO_Resp]	16	static
C:/Users/OfficeLaptop/Documents/GitHub/mz_testbench_siii/sensor_ecu/Applications/CANzero/dbc-cpp/dbc_parser.hpp:286:14:void can::Message<MESSAGE_T>::set(typename T::dataType) [with T = can::signals::SensorF_OD_BoardTemp; MESSAGE_T = can::messages::SensorF_SDO_Resp]	16	static
C:/Users/OfficeLaptop/Documents/GitHub/mz_testbench_siii/sensor_ecu/Applications/CANzero/dbc-cpp/dbc_parser.hpp:286:14:void can::Message<MESSAGE_T>::set(typename T::dataType) [with T = can::signals::SensorF_OD_InputVoltage; MESSAGE_T = can::messages::SensorF_SDO_Resp]	16	static
C:/Users/OfficeLaptop/Documents/GitHub/mz_testbench_siii/sensor_ecu/Applications/CANzero/dbc-cpp/dbc_parser.hpp:286:14:void can::Message<MESSAGE_T>::set(typename T::dataType) [with T = can::signals::SensorF_OD_runtime; MESSAGE_T = can::messages::SensorF_SDO_Resp]	16	static
C:/Users/OfficeLaptop/Documents/GitHub/mz_testbench_siii/sensor_ecu/Applications/CANzero/dbc-cpp/dbc_parser.hpp:286:14:void can::Message<MESSAGE_T>::set(typename T::dataType) [with T = can::signals::SensorF_OD_SdcIn; MESSAGE_T = can::messages::SensorF_SDO_Resp]	16	static
C:/Users/OfficeLaptop/Documents/GitHub/mz_testbench_siii/sensor_ecu/Applications/CANzero/dbc-cpp/dbc_parser.hpp:286:14:void can::Message<MESSAGE_T>::set(typename T::dataType) [with T = can::signals::SensorF_OD_SdcOut; MESSAGE_T = can::messages::SensorF_SDO_Resp]	16	static
C:/Users/OfficeLaptop/Documents/GitHub/mz_testbench_siii/sensor_ecu/Applications/CANzero/dbc-cpp/dbc_parser.hpp:286:14:void can::Message<MESSAGE_T>::set(typename T::dataType) [with T = can::signals::SensorF_OD_ChipUID1; MESSAGE_T = can::messages::SensorF_SDO_Resp]	40	static
C:/Users/OfficeLaptop/Documents/GitHub/mz_testbench_siii/sensor_ecu/Applications/CANzero/dbc-cpp/dbc_parser.hpp:286:14:void can::Message<MESSAGE_T>::set(typename T::dataType) [with T = can::signals::SensorF_OD_ChipUID2; MESSAGE_T = can::messages::SensorF_SDO_Resp]	40	static
C:/Users/OfficeLaptop/Documents/GitHub/mz_testbench_siii/sensor_ecu/Applications/CANzero/dbc-cpp/dbc_parser.hpp:286:14:void can::Message<MESSAGE_T>::set(typename T::dataType) [with T = can::signals::SensorF_OD_BuildDate; MESSAGE_T = can::messages::SensorF_SDO_Resp]	16	static
C:/Users/OfficeLaptop/Documents/GitHub/mz_testbench_siii/sensor_ecu/Applications/CANzero/dbc-cpp/dbc_parser.hpp:286:14:void can::Message<MESSAGE_T>::set(typename T::dataType) [with T = can::signals::SensorF_OD_BuildTime; MESSAGE_T = can::messages::SensorF_SDO_Resp]	16	static
C:/Users/OfficeLaptop/Documents/GitHub/mz_testbench_siii/sensor_ecu/Applications/CANzero/dbc-cpp/dbc_parser.hpp:286:14:void can::Message<MESSAGE_T>::set(typename T::dataType) [with T = can::signals::SensorF_OD_CAN1_TxErrCnt; MESSAGE_T = can::messages::SensorF_SDO_Resp]	16	static
C:/Users/OfficeLaptop/Documents/GitHub/mz_testbench_siii/sensor_ecu/Applications/CANzero/dbc-cpp/dbc_parser.hpp:286:14:void can::Message<MESSAGE_T>::set(typename T::dataType) [with T = can::signals::SensorF_OD_CAN1_RxErrCnt; MESSAGE_T = can::messages::SensorF_SDO_Resp]	16	static
C:/Users/OfficeLaptop/Documents/GitHub/mz_testbench_siii/sensor_ecu/Applications/CANzero/dbc-cpp/dbc_parser.hpp:286:14:void can::Message<MESSAGE_T>::set(typename T::dataType) [with T = can::signals::SensorF_OD_CAN1_lastErrorCode; MESSAGE_T = can::messages::SensorF_SDO_Resp]	16	static
C:/Users/OfficeLaptop/Documents/GitHub/mz_testbench_siii/sensor_ecu/Applications/CANzero/dbc-cpp/dbc_parser.hpp:286:14:void can::Message<MESSAGE_T>::set(typename T::dataType) [with T = can::signals::SensorF_OD_CAN1_autoErrorReset; MESSAGE_T = can::messages::SensorF_SDO_Resp]	16	static
C:/Users/OfficeLaptop/Documents/GitHub/mz_testbench_siii/sensor_ecu/Applications/CANzero/dbc-cpp/dbc_parser.hpp:286:14:void can::Message<MESSAGE_T>::set(typename T::dataType) [with T = can::signals::SensorF_OD_CAN1_Baudrate; MESSAGE_T = can::messages::SensorF_SDO_Resp]	16	static
C:/Users/OfficeLaptop/Documents/GitHub/mz_testbench_siii/sensor_ecu/Applications/CANzero/dbc-cpp/dbc_parser.hpp:286:14:void can::Message<MESSAGE_T>::set(typename T::dataType) [with T = can::signals::SensorF_OD_CAN1_Status; MESSAGE_T = can::messages::SensorF_SDO_Resp]	16	static
C:/Users/OfficeLaptop/Documents/GitHub/mz_testbench_siii/sensor_ecu/Applications/CANzero/dbc-cpp/dbc_parser.hpp:286:14:void can::Message<MESSAGE_T>::set(typename T::dataType) [with T = can::signals::SensorF_OD_CAN1_DiscardedTxMessages; MESSAGE_T = can::messages::SensorF_SDO_Resp]	16	static
C:/Users/OfficeLaptop/Documents/GitHub/mz_testbench_siii/sensor_ecu/Applications/CANzero/dbc-cpp/dbc_parser.hpp:286:14:void can::Message<MESSAGE_T>::set(typename T::dataType) [with T = can::signals::SensorF_OD_CAN1_ErrorStatus; MESSAGE_T = can::messages::SensorF_SDO_Resp]	16	static
C:/Users/OfficeLaptop/Documents/GitHub/mz_testbench_siii/sensor_ecu/Applications/CANzero/dbc-cpp/dbc_parser.hpp:286:14:void can::Message<MESSAGE_T>::set(typename T::dataType) [with T = can::signals::SensorF_OD_CAN1_DelayedTxMessages; MESSAGE_T = can::messages::SensorF_SDO_Resp]	16	static
C:/Users/OfficeLaptop/Documents/GitHub/mz_testbench_siii/sensor_ecu/Applications/CANzero/dbc-cpp/dbc_parser.hpp:286:14:void can::Message<MESSAGE_T>::set(typename T::dataType) [with T = can::signals::SensorF_OD_CAN2_TxErrCnt; MESSAGE_T = can::messages::SensorF_SDO_Resp]	16	static
C:/Users/OfficeLaptop/Documents/GitHub/mz_testbench_siii/sensor_ecu/Applications/CANzero/dbc-cpp/dbc_parser.hpp:286:14:void can::Message<MESSAGE_T>::set(typename T::dataType) [with T = can::signals::SensorF_OD_CAN2_RxErrCnt; MESSAGE_T = can::messages::SensorF_SDO_Resp]	16	static
C:/Users/OfficeLaptop/Documents/GitHub/mz_testbench_siii/sensor_ecu/Applications/CANzero/dbc-cpp/dbc_parser.hpp:286:14:void can::Message<MESSAGE_T>::set(typename T::dataType) [with T = can::signals::SensorF_OD_CAN2_lastErrorCode; MESSAGE_T = can::messages::SensorF_SDO_Resp]	16	static
C:/Users/OfficeLaptop/Documents/GitHub/mz_testbench_siii/sensor_ecu/Applications/CANzero/dbc-cpp/dbc_parser.hpp:286:14:void can::Message<MESSAGE_T>::set(typename T::dataType) [with T = can::signals::SensorF_OD_CAN2_autoErrorReset; MESSAGE_T = can::messages::SensorF_SDO_Resp]	16	static
C:/Users/OfficeLaptop/Documents/GitHub/mz_testbench_siii/sensor_ecu/Applications/CANzero/dbc-cpp/dbc_parser.hpp:286:14:void can::Message<MESSAGE_T>::set(typename T::dataType) [with T = can::signals::SensorF_OD_CAN2_Baudrate; MESSAGE_T = can::messages::SensorF_SDO_Resp]	16	static
C:/Users/OfficeLaptop/Documents/GitHub/mz_testbench_siii/sensor_ecu/Applications/CANzero/dbc-cpp/dbc_parser.hpp:286:14:void can::Message<MESSAGE_T>::set(typename T::dataType) [with T = can::signals::SensorF_OD_CAN2_Status; MESSAGE_T = can::messages::SensorF_SDO_Resp]	16	static
C:/Users/OfficeLaptop/Documents/GitHub/mz_testbench_siii/sensor_ecu/Applications/CANzero/dbc-cpp/dbc_parser.hpp:286:14:void can::Message<MESSAGE_T>::set(typename T::dataType) [with T = can::signals::SensorF_OD_CAN2_DiscardedTxMessages; MESSAGE_T = can::messages::SensorF_SDO_Resp]	16	static
C:/Users/OfficeLaptop/Documents/GitHub/mz_testbench_siii/sensor_ecu/Applications/CANzero/dbc-cpp/dbc_parser.hpp:286:14:void can::Message<MESSAGE_T>::set(typename T::dataType) [with T = can::signals::SensorF_OD_CAN2_ErrorStatus; MESSAGE_T = can::messages::SensorF_SDO_Resp]	16	static
C:/Users/OfficeLaptop/Documents/GitHub/mz_testbench_siii/sensor_ecu/Applications/CANzero/dbc-cpp/dbc_parser.hpp:286:14:void can::Message<MESSAGE_T>::set(typename T::dataType) [with T = can::signals::SensorF_OD_CAN2_DelayedTxMessages; MESSAGE_T = can::messages::SensorF_SDO_Resp]	16	static
C:/Users/OfficeLaptop/Documents/GitHub/mz_testbench_siii/sensor_ecu/Applications/CANzero/dbc-cpp/dbc_parser.hpp:286:14:void can::Message<MESSAGE_T>::set(typename T::dataType) [with T = can::signals::SensorF_OD_samplingInterval; MESSAGE_T = can::messages::SensorF_SDO_Resp]	16	static
C:/Users/OfficeLaptop/Documents/GitHub/mz_testbench_siii/sensor_ecu/Applications/CANzero/dbc-cpp/dbc_parser.hpp:286:14:void can::Message<MESSAGE_T>::set(typename T::dataType) [with T = can::signals::SensorF_OD_TelemetryCommands; MESSAGE_T = can::messages::SensorF_SDO_Resp]	16	static
C:/Users/OfficeLaptop/Documents/GitHub/mz_testbench_siii/sensor_ecu/Applications/CANzero/dbc-cpp/dbc_parser.hpp:286:14:void can::Message<MESSAGE_T>::set(typename T::dataType) [with T = can::signals::SensorF_OD_StateMachineInterval; MESSAGE_T = can::messages::SensorF_SDO_Resp]	16	static
C:/Users/OfficeLaptop/Documents/GitHub/mz_testbench_siii/sensor_ecu/Applications/CANzero/dbc-cpp/dbc_parser.hpp:286:14:void can::Message<MESSAGE_T>::set(typename T::dataType) [with T = can::signals::SensorF_OD_StateMachineActivate; MESSAGE_T = can::messages::SensorF_SDO_Resp]	16	static
C:/Users/OfficeLaptop/Documents/GitHub/mz_testbench_siii/sensor_ecu/Applications/CANzero/dbc-cpp/dbc_parser.hpp:286:14:void can::Message<MESSAGE_T>::set(typename T::dataType) [with T = can::signals::SensorF_OD_HVBatteryMode; MESSAGE_T = can::messages::SensorF_SDO_Resp]	16	static
C:/Users/OfficeLaptop/Documents/GitHub/mz_testbench_siii/sensor_ecu/Applications/CANzero/dbc-cpp/dbc_parser.hpp:286:14:void can::Message<MESSAGE_T>::set(typename T::dataType) [with T = can::signals::SensorF_OD_EncoderWheelDiameter; MESSAGE_T = can::messages::SensorF_SDO_Resp]	16	static
C:/Users/OfficeLaptop/Documents/GitHub/mz_testbench_siii/sensor_ecu/Applications/CANzero/dbc-cpp/dbc_parser.hpp:286:14:void can::Message<MESSAGE_T>::set(typename T::dataType) [with T = can::signals::SensorF_SDO_ID; MESSAGE_T = can::messages::SensorF_SDO_Resp]	16	static
C:/Users/OfficeLaptop/Documents/GitHub/mz_testbench_siii/sensor_ecu/Applications/CANzero/dbc-cpp/dbc_parser.hpp:286:14:void can::Message<MESSAGE_T>::set(typename T::dataType) [with T = can::signals::SensorF_OD_IMU_number; MESSAGE_T = can::messages::SensorF_SDO_Resp]	16	static
C:/Users/OfficeLaptop/Documents/GitHub/mz_testbench_siii/sensor_ecu/Applications/CANzero/dbc-cpp/dbc_parser.hpp:286:14:void can::Message<MESSAGE_T>::set(typename T::dataType) [with T = can::signals::SensorF_OD_IMU1_Temperature; MESSAGE_T = can::messages::SensorF_SDO_Resp]	16	static
C:/Users/OfficeLaptop/Documents/GitHub/mz_testbench_siii/sensor_ecu/Applications/CANzero/dbc-cpp/dbc_parser.hpp:286:14:void can::Message<MESSAGE_T>::set(typename T::dataType) [with T = can::signals::SensorF_OD_IMU2_Temperature; MESSAGE_T = can::messages::SensorF_SDO_Resp]	16	static
C:/Users/OfficeLaptop/Documents/GitHub/mz_testbench_siii/sensor_ecu/Applications/CANzero/dbc-cpp/dbc_parser.hpp:286:14:void can::Message<MESSAGE_T>::set(typename T::dataType) [with T = can::signals::SensorF_OD_IMU3_Temperature; MESSAGE_T = can::messages::SensorF_SDO_Resp]	16	static
C:/Users/OfficeLaptop/Documents/GitHub/mz_testbench_siii/sensor_ecu/Applications/CANzero/dbc-cpp/dbc_parser.hpp:286:14:void can::Message<MESSAGE_T>::set(typename T::dataType) [with T = can::signals::SensorF_OD_IMU_AccelX; MESSAGE_T = can::messages::SensorF_SDO_Resp]	16	static
C:/Users/OfficeLaptop/Documents/GitHub/mz_testbench_siii/sensor_ecu/Applications/CANzero/dbc-cpp/dbc_parser.hpp:286:14:void can::Message<MESSAGE_T>::set(typename T::dataType) [with T = can::signals::SensorF_OD_IMU_AccelY; MESSAGE_T = can::messages::SensorF_SDO_Resp]	16	static
C:/Users/OfficeLaptop/Documents/GitHub/mz_testbench_siii/sensor_ecu/Applications/CANzero/dbc-cpp/dbc_parser.hpp:286:14:void can::Message<MESSAGE_T>::set(typename T::dataType) [with T = can::signals::SensorF_OD_IMU_AccelZ; MESSAGE_T = can::messages::SensorF_SDO_Resp]	16	static
C:/Users/OfficeLaptop/Documents/GitHub/mz_testbench_siii/sensor_ecu/Applications/CANzero/dbc-cpp/dbc_parser.hpp:286:14:void can::Message<MESSAGE_T>::set(typename T::dataType) [with T = can::signals::SensorF_OD_IMU_GyroX; MESSAGE_T = can::messages::SensorF_SDO_Resp]	16	static
C:/Users/OfficeLaptop/Documents/GitHub/mz_testbench_siii/sensor_ecu/Applications/CANzero/dbc-cpp/dbc_parser.hpp:286:14:void can::Message<MESSAGE_T>::set(typename T::dataType) [with T = can::signals::SensorF_OD_IMU_GyroY; MESSAGE_T = can::messages::SensorF_SDO_Resp]	16	static
C:/Users/OfficeLaptop/Documents/GitHub/mz_testbench_siii/sensor_ecu/Applications/CANzero/dbc-cpp/dbc_parser.hpp:286:14:void can::Message<MESSAGE_T>::set(typename T::dataType) [with T = can::signals::SensorF_OD_IMU_GyroZ; MESSAGE_T = can::messages::SensorF_SDO_Resp]	16	static
C:/Users/OfficeLaptop/Documents/GitHub/mz_testbench_siii/sensor_ecu/Applications/CANzero/dbc-cpp/dbc_parser.hpp:286:14:void can::Message<MESSAGE_T>::set(typename T::dataType) [with T = can::signals::SensorF_OD_CoolingPressure; MESSAGE_T = can::messages::SensorF_SDO_Resp]	16	static
C:/Users/OfficeLaptop/Documents/GitHub/mz_testbench_siii/sensor_ecu/Applications/CANzero/dbc-cpp/dbc_parser.hpp:286:14:void can::Message<MESSAGE_T>::set(typename T::dataType) [with T = can::signals::SensorF_OD_FiducialRightCounter; MESSAGE_T = can::messages::SensorF_SDO_Resp]	16	static
C:/Users/OfficeLaptop/Documents/GitHub/mz_testbench_siii/sensor_ecu/Applications/CANzero/dbc-cpp/dbc_parser.hpp:286:14:void can::Message<MESSAGE_T>::set(typename T::dataType) [with T = can::signals::SensorF_OD_FiducialLeftCounter; MESSAGE_T = can::messages::SensorF_SDO_Resp]	16	static
C:/Users/OfficeLaptop/Documents/GitHub/mz_testbench_siii/sensor_ecu/Applications/CANzero/dbc-cpp/dbc_parser.hpp:286:14:void can::Message<MESSAGE_T>::set(typename T::dataType) [with T = can::signals::SensorF_OD_Position; MESSAGE_T = can::messages::SensorF_SDO_Resp]	16	static
C:/Users/OfficeLaptop/Documents/GitHub/mz_testbench_siii/sensor_ecu/Applications/CANzero/dbc-cpp/dbc_parser.hpp:286:14:void can::Message<MESSAGE_T>::set(typename T::dataType) [with T = can::signals::SensorF_OD_Velocity; MESSAGE_T = can::messages::SensorF_SDO_Resp]	16	static
C:/Users/OfficeLaptop/Documents/GitHub/mz_testbench_siii/sensor_ecu/Applications/CANzero/dbc-cpp/dbc_parser.hpp:286:14:void can::Message<MESSAGE_T>::set(typename T::dataType) [with T = can::signals::SensorF_SDO_RespCode; MESSAGE_T = can::messages::SensorF_SDO_Resp]	16	static
C:/Users/OfficeLaptop/Documents/GitHub/mz_testbench_siii/sensor_ecu/Applications/CANzero/dbc-cpp/dbc_parser.hpp:293:30:typename T::dataType can::Message<MESSAGE_T>::get() [with T = can::signals::SensorF_SDO_ID; MESSAGE_T = can::messages::SensorF_SDO_Req_Up]	16	static
C:/Users/OfficeLaptop/Documents/GitHub/mz_testbench_siii/sensor_ecu/Applications/CANzero/dbc-cpp/dbc_parser.hpp:293:30:typename T::dataType can::Message<MESSAGE_T>::get() [with T = can::signals::SensorF_OD_HeartbeatInterval; MESSAGE_T = can::messages::SensorF_SDO_Req_Up]	16	static
C:/Users/OfficeLaptop/Documents/GitHub/mz_testbench_siii/sensor_ecu/Applications/CANzero/dbc-cpp/dbc_parser.hpp:293:30:typename T::dataType can::Message<MESSAGE_T>::get() [with T = can::signals::SensorF_OD_SendOdOnBootup; MESSAGE_T = can::messages::SensorF_SDO_Req_Up]	16	static
C:/Users/OfficeLaptop/Documents/GitHub/mz_testbench_siii/sensor_ecu/Applications/CANzero/dbc-cpp/dbc_parser.hpp:293:30:typename T::dataType can::Message<MESSAGE_T>::get() [with T = can::signals::SensorF_OD_OdEntrySendInterval; MESSAGE_T = can::messages::SensorF_SDO_Req_Up]	16	static
C:/Users/OfficeLaptop/Documents/GitHub/mz_testbench_siii/sensor_ecu/Applications/CANzero/dbc-cpp/dbc_parser.hpp:293:30:typename T::dataType can::Message<MESSAGE_T>::get() [with T = can::signals::SensorF_OD_CAN1_autoErrorReset; MESSAGE_T = can::messages::SensorF_SDO_Req_Up]	16	static
C:/Users/OfficeLaptop/Documents/GitHub/mz_testbench_siii/sensor_ecu/Applications/CANzero/dbc-cpp/dbc_parser.hpp:293:30:typename T::dataType can::Message<MESSAGE_T>::get() [with T = can::signals::SensorF_OD_CAN1_Baudrate; MESSAGE_T = can::messages::SensorF_SDO_Req_Up]	16	static
C:/Users/OfficeLaptop/Documents/GitHub/mz_testbench_siii/sensor_ecu/Applications/CANzero/dbc-cpp/dbc_parser.hpp:293:30:typename T::dataType can::Message<MESSAGE_T>::get() [with T = can::signals::SensorF_OD_CAN2_autoErrorReset; MESSAGE_T = can::messages::SensorF_SDO_Req_Up]	16	static
C:/Users/OfficeLaptop/Documents/GitHub/mz_testbench_siii/sensor_ecu/Applications/CANzero/dbc-cpp/dbc_parser.hpp:293:30:typename T::dataType can::Message<MESSAGE_T>::get() [with T = can::signals::SensorF_OD_CAN2_Baudrate; MESSAGE_T = can::messages::SensorF_SDO_Req_Up]	16	static
C:/Users/OfficeLaptop/Documents/GitHub/mz_testbench_siii/sensor_ecu/Applications/CANzero/dbc-cpp/dbc_parser.hpp:293:30:typename T::dataType can::Message<MESSAGE_T>::get() [with T = can::signals::SensorF_OD_samplingInterval; MESSAGE_T = can::messages::SensorF_SDO_Req_Up]	16	static
C:/Users/OfficeLaptop/Documents/GitHub/mz_testbench_siii/sensor_ecu/Applications/CANzero/dbc-cpp/dbc_parser.hpp:293:30:typename T::dataType can::Message<MESSAGE_T>::get() [with T = can::signals::SensorF_OD_TelemetryCommands; MESSAGE_T = can::messages::SensorF_SDO_Req_Up]	16	static
C:/Users/OfficeLaptop/Documents/GitHub/mz_testbench_siii/sensor_ecu/Applications/CANzero/dbc-cpp/dbc_parser.hpp:293:30:typename T::dataType can::Message<MESSAGE_T>::get() [with T = can::signals::SensorF_OD_StateMachineInterval; MESSAGE_T = can::messages::SensorF_SDO_Req_Up]	16	static
C:/Users/OfficeLaptop/Documents/GitHub/mz_testbench_siii/sensor_ecu/Applications/CANzero/dbc-cpp/dbc_parser.hpp:293:30:typename T::dataType can::Message<MESSAGE_T>::get() [with T = can::signals::SensorF_OD_StateMachineActivate; MESSAGE_T = can::messages::SensorF_SDO_Req_Up]	16	static
C:/Users/OfficeLaptop/Documents/GitHub/mz_testbench_siii/sensor_ecu/Applications/CANzero/dbc-cpp/dbc_parser.hpp:293:30:typename T::dataType can::Message<MESSAGE_T>::get() [with T = can::signals::SensorF_OD_HVBatteryMode; MESSAGE_T = can::messages::SensorF_SDO_Req_Up]	16	static
C:/Users/OfficeLaptop/Documents/GitHub/mz_testbench_siii/sensor_ecu/Applications/CANzero/dbc-cpp/dbc_parser.hpp:293:30:typename T::dataType can::Message<MESSAGE_T>::get() [with T = can::signals::SensorF_OD_EncoderWheelDiameter; MESSAGE_T = can::messages::SensorF_SDO_Req_Up]	16	static
C:/Users/OfficeLaptop/Documents/GitHub/mz_testbench_siii/sensor_ecu/Applications/CANzero/dbc-cpp/dbc_parser.hpp:293:30:typename T::dataType can::Message<MESSAGE_T>::get() [with T = can::signals::SensorF_OD_EncoderResetPosition; MESSAGE_T = can::messages::SensorF_SDO_Req_Up]	16	static
C:/Users/OfficeLaptop/Documents/GitHub/mz_testbench_siii/sensor_ecu/Applications/CANzero/dbc-cpp/dbc_parser.hpp:293:30:typename T::dataType can::Message<MESSAGE_T>::get() [with T = can::signals::SensorF_OD_SetReset; MESSAGE_T = can::messages::SensorF_SDO_Req_Up]	16	static
../Applications/CANzero/canzero_od.cpp:1819:1:void __static_initialization_and_destruction_0(int, int)	16	static
../Applications/CANzero/canzero_od.cpp:1819:1:cpp)	8	static
