/app/stm32cubeide/plugins/com.st.stm32cube.ide.mcu.externaltools.gnu-tools-for-stm32.10.3-2021.10.linux64_1.0.200.202301161003/tools/arm-none-eabi/include/c++/10.3.1/cmath:1756:3:constexpr float std::round(float)	16	static
/home/karlsassie/Documents/mu-zero/git/mz_testbench_siii/sensor_ecu/Applications/CANzero/dbc-cpp/dbc_parser.hpp:151:9:can::MessageBase::MessageBase(uint32_t, uint8_t, bool)	24	static
/home/karlsassie/Documents/mu-zero/git/mz_testbench_siii/sensor_ecu/Applications/CANzero/dbc-cpp/dbc_parser.hpp:153:9:can::MessageBase::MessageBase(uint32_t, uint8_t, bool, const uint8_t*)	168	static
/home/karlsassie/Documents/mu-zero/git/mz_testbench_siii/sensor_ecu/Applications/CANzero/dbc-cpp/dbc_parser.hpp:184:14:void can::MessageBase::toBuf(CAN_TxHeaderTypeDef&, uint8_t*, can::CAN_BusTypeDef) const	24	static
/home/karlsassie/Documents/mu-zero/git/mz_testbench_siii/sensor_ecu/Applications/CANZero_static/Inc/cz_typedefinitions.hpp:18:8:TxMessage::TxMessage()	16	static
/home/karlsassie/Documents/mu-zero/git/mz_testbench_siii/sensor_ecu/Applications/CANzero/dbc-cpp/dbc_parser.hpp:213:19:TxMessage can::MessageBase::getTxMessage(can::CAN_BusTypeDef) const	24	static
/home/karlsassie/Documents/mu-zero/git/mz_testbench_siii/sensor_ecu/Applications/CANzero/dbc-cpp/dbc_parser.hpp:1779:42:static constexpr void can::signals::SensorF_SDO_ID::set(uint64_t&, uint64_t&, uint8_t&, uint16_t)	56	static
/home/karlsassie/Documents/mu-zero/git/mz_testbench_siii/sensor_ecu/Applications/CANzero/dbc-cpp/dbc_parser.hpp:1789:46:static constexpr uint16_t can::signals::SensorF_SDO_ID::get(const uint64_t&, const uint64_t&)	24	static
/home/karlsassie/Documents/mu-zero/git/mz_testbench_siii/sensor_ecu/Applications/CANzero/dbc-cpp/dbc_parser.hpp:1862:42:static constexpr void can::signals::SensorF_SDO_RespCode::set(uint64_t&, uint64_t&, uint8_t&, uint8_t)	56	static
/home/karlsassie/Documents/mu-zero/git/mz_testbench_siii/sensor_ecu/Applications/CANzero/dbc-cpp/dbc_parser.hpp:1891:45:static constexpr uint8_t can::signals::SensorF_OD_SetReset::get(const uint64_t&, const uint64_t&)	24	static
/home/karlsassie/Documents/mu-zero/git/mz_testbench_siii/sensor_ecu/Applications/CANzero/dbc-cpp/dbc_parser.hpp:1918:42:static constexpr void can::signals::SensorF_OD_Velocity::set(uint64_t&, uint64_t&, uint8_t&, float)	64	static
/home/karlsassie/Documents/mu-zero/git/mz_testbench_siii/sensor_ecu/Applications/CANzero/dbc-cpp/dbc_parser.hpp:1953:42:static constexpr void can::signals::SensorF_OD_Position::set(uint64_t&, uint64_t&, uint8_t&, float)	64	static
/home/karlsassie/Documents/mu-zero/git/mz_testbench_siii/sensor_ecu/Applications/CANzero/dbc-cpp/dbc_parser.hpp:1986:42:static constexpr void can::signals::SensorF_OD_FiducialLeftCounter::set(uint64_t&, uint64_t&, uint8_t&, uint16_t)	64	static
/home/karlsassie/Documents/mu-zero/git/mz_testbench_siii/sensor_ecu/Applications/CANzero/dbc-cpp/dbc_parser.hpp:2013:42:static constexpr void can::signals::SensorF_OD_FiducialRightCounter::set(uint64_t&, uint64_t&, uint8_t&, uint16_t)	64	static
/home/karlsassie/Documents/mu-zero/git/mz_testbench_siii/sensor_ecu/Applications/CANzero/dbc-cpp/dbc_parser.hpp:2042:42:static constexpr void can::signals::SensorF_OD_CoolingPressure::set(uint64_t&, uint64_t&, uint8_t&, float)	64	static
/home/karlsassie/Documents/mu-zero/git/mz_testbench_siii/sensor_ecu/Applications/CANzero/dbc-cpp/dbc_parser.hpp:2077:42:static constexpr void can::signals::SensorF_OD_IMU_GyroZ::set(uint64_t&, uint64_t&, uint8_t&, float)	64	static
/home/karlsassie/Documents/mu-zero/git/mz_testbench_siii/sensor_ecu/Applications/CANzero/dbc-cpp/dbc_parser.hpp:2112:42:static constexpr void can::signals::SensorF_OD_IMU_GyroY::set(uint64_t&, uint64_t&, uint8_t&, float)	64	static
/home/karlsassie/Documents/mu-zero/git/mz_testbench_siii/sensor_ecu/Applications/CANzero/dbc-cpp/dbc_parser.hpp:2147:42:static constexpr void can::signals::SensorF_OD_IMU_GyroX::set(uint64_t&, uint64_t&, uint8_t&, float)	64	static
/home/karlsassie/Documents/mu-zero/git/mz_testbench_siii/sensor_ecu/Applications/CANzero/dbc-cpp/dbc_parser.hpp:2182:42:static constexpr void can::signals::SensorF_OD_IMU_AccelZ::set(uint64_t&, uint64_t&, uint8_t&, float)	64	static
/home/karlsassie/Documents/mu-zero/git/mz_testbench_siii/sensor_ecu/Applications/CANzero/dbc-cpp/dbc_parser.hpp:2217:42:static constexpr void can::signals::SensorF_OD_IMU_AccelY::set(uint64_t&, uint64_t&, uint8_t&, float)	64	static
/home/karlsassie/Documents/mu-zero/git/mz_testbench_siii/sensor_ecu/Applications/CANzero/dbc-cpp/dbc_parser.hpp:2252:42:static constexpr void can::signals::SensorF_OD_IMU_AccelX::set(uint64_t&, uint64_t&, uint8_t&, float)	64	static
/home/karlsassie/Documents/mu-zero/git/mz_testbench_siii/sensor_ecu/Applications/CANzero/dbc-cpp/dbc_parser.hpp:2287:42:static constexpr void can::signals::SensorF_OD_IMU3_Temperature::set(uint64_t&, uint64_t&, uint8_t&, float)	64	static
/home/karlsassie/Documents/mu-zero/git/mz_testbench_siii/sensor_ecu/Applications/CANzero/dbc-cpp/dbc_parser.hpp:2322:42:static constexpr void can::signals::SensorF_OD_IMU2_Temperature::set(uint64_t&, uint64_t&, uint8_t&, float)	64	static
/home/karlsassie/Documents/mu-zero/git/mz_testbench_siii/sensor_ecu/Applications/CANzero/dbc-cpp/dbc_parser.hpp:2357:42:static constexpr void can::signals::SensorF_OD_IMU1_Temperature::set(uint64_t&, uint64_t&, uint8_t&, float)	64	static
/home/karlsassie/Documents/mu-zero/git/mz_testbench_siii/sensor_ecu/Applications/CANzero/dbc-cpp/dbc_parser.hpp:2390:42:static constexpr void can::signals::SensorF_OD_IMU_number::set(uint64_t&, uint64_t&, uint8_t&, uint8_t)	56	static
/home/karlsassie/Documents/mu-zero/git/mz_testbench_siii/sensor_ecu/Applications/CANzero/dbc-cpp/dbc_parser.hpp:2423:45:static constexpr uint8_t can::signals::SensorF_OD_EncoderResetPosition::get(const uint64_t&, const uint64_t&)	24	static
/home/karlsassie/Documents/mu-zero/git/mz_testbench_siii/sensor_ecu/Applications/CANzero/dbc-cpp/dbc_parser.hpp:2450:42:static constexpr void can::signals::SensorF_OD_EncoderWheelDiameter::set(uint64_t&, uint64_t&, uint8_t&, float)	64	static
/home/karlsassie/Documents/mu-zero/git/mz_testbench_siii/sensor_ecu/Applications/CANzero/dbc-cpp/dbc_parser.hpp:2462:43:static constexpr float can::signals::SensorF_OD_EncoderWheelDiameter::get(const uint64_t&, const uint64_t&)	24	static
/home/karlsassie/Documents/mu-zero/git/mz_testbench_siii/sensor_ecu/Applications/CANzero/dbc-cpp/dbc_parser.hpp:2483:42:static constexpr void can::signals::SensorF_OD_HVBatteryMode::set(uint64_t&, uint64_t&, uint8_t&, uint8_t)	56	static
/home/karlsassie/Documents/mu-zero/git/mz_testbench_siii/sensor_ecu/Applications/CANzero/dbc-cpp/dbc_parser.hpp:2489:45:static constexpr uint8_t can::signals::SensorF_OD_HVBatteryMode::get(const uint64_t&, const uint64_t&)	24	static
/home/karlsassie/Documents/mu-zero/git/mz_testbench_siii/sensor_ecu/Applications/CANzero/dbc-cpp/dbc_parser.hpp:2514:42:static constexpr void can::signals::SensorF_OD_StateMachineActivate::set(uint64_t&, uint64_t&, uint8_t&, uint8_t)	56	static
/home/karlsassie/Documents/mu-zero/git/mz_testbench_siii/sensor_ecu/Applications/CANzero/dbc-cpp/dbc_parser.hpp:2520:45:static constexpr uint8_t can::signals::SensorF_OD_StateMachineActivate::get(const uint64_t&, const uint64_t&)	24	static
/home/karlsassie/Documents/mu-zero/git/mz_testbench_siii/sensor_ecu/Applications/CANzero/dbc-cpp/dbc_parser.hpp:2547:42:static constexpr void can::signals::SensorF_OD_StateMachineInterval::set(uint64_t&, uint64_t&, uint8_t&, uint8_t)	56	static
/home/karlsassie/Documents/mu-zero/git/mz_testbench_siii/sensor_ecu/Applications/CANzero/dbc-cpp/dbc_parser.hpp:2559:45:static constexpr uint8_t can::signals::SensorF_OD_StateMachineInterval::get(const uint64_t&, const uint64_t&)	24	static
/home/karlsassie/Documents/mu-zero/git/mz_testbench_siii/sensor_ecu/Applications/CANzero/dbc-cpp/dbc_parser.hpp:2580:42:static constexpr void can::signals::SensorF_OD_TelemetryCommands::set(uint64_t&, uint64_t&, uint8_t&, uint8_t)	56	static
/home/karlsassie/Documents/mu-zero/git/mz_testbench_siii/sensor_ecu/Applications/CANzero/dbc-cpp/dbc_parser.hpp:2586:45:static constexpr uint8_t can::signals::SensorF_OD_TelemetryCommands::get(const uint64_t&, const uint64_t&)	24	static
/home/karlsassie/Documents/mu-zero/git/mz_testbench_siii/sensor_ecu/Applications/CANzero/dbc-cpp/dbc_parser.hpp:2621:42:static constexpr void can::signals::SensorF_OD_samplingInterval::set(uint64_t&, uint64_t&, uint8_t&, float)	64	static
/home/karlsassie/Documents/mu-zero/git/mz_testbench_siii/sensor_ecu/Applications/CANzero/dbc-cpp/dbc_parser.hpp:2633:43:static constexpr float can::signals::SensorF_OD_samplingInterval::get(const uint64_t&, const uint64_t&)	24	static
/home/karlsassie/Documents/mu-zero/git/mz_testbench_siii/sensor_ecu/Applications/CANzero/dbc-cpp/dbc_parser.hpp:2656:42:static constexpr void can::signals::SensorF_OD_CAN2_DelayedTxMessages::set(uint64_t&, uint64_t&, uint8_t&, uint32_t)	64	static
/home/karlsassie/Documents/mu-zero/git/mz_testbench_siii/sensor_ecu/Applications/CANzero/dbc-cpp/dbc_parser.hpp:2690:42:static constexpr void can::signals::SensorF_OD_CAN2_ErrorStatus::set(uint64_t&, uint64_t&, uint8_t&, uint8_t)	56	static
/home/karlsassie/Documents/mu-zero/git/mz_testbench_siii/sensor_ecu/Applications/CANzero/dbc-cpp/dbc_parser.hpp:2725:42:static constexpr void can::signals::SensorF_OD_CAN2_DiscardedTxMessages::set(uint64_t&, uint64_t&, uint8_t&, uint32_t)	64	static
/home/karlsassie/Documents/mu-zero/git/mz_testbench_siii/sensor_ecu/Applications/CANzero/dbc-cpp/dbc_parser.hpp:2759:42:static constexpr void can::signals::SensorF_OD_CAN2_Status::set(uint64_t&, uint64_t&, uint8_t&, uint8_t)	56	static
/home/karlsassie/Documents/mu-zero/git/mz_testbench_siii/sensor_ecu/Applications/CANzero/dbc-cpp/dbc_parser.hpp:2796:42:static constexpr void can::signals::SensorF_OD_CAN2_Baudrate::set(uint64_t&, uint64_t&, uint8_t&, uint16_t)	64	static
/home/karlsassie/Documents/mu-zero/git/mz_testbench_siii/sensor_ecu/Applications/CANzero/dbc-cpp/dbc_parser.hpp:2808:46:static constexpr uint16_t can::signals::SensorF_OD_CAN2_Baudrate::get(const uint64_t&, const uint64_t&)	24	static
/home/karlsassie/Documents/mu-zero/git/mz_testbench_siii/sensor_ecu/Applications/CANzero/dbc-cpp/dbc_parser.hpp:2829:42:static constexpr void can::signals::SensorF_OD_CAN2_autoErrorReset::set(uint64_t&, uint64_t&, uint8_t&, uint8_t)	56	static
/home/karlsassie/Documents/mu-zero/git/mz_testbench_siii/sensor_ecu/Applications/CANzero/dbc-cpp/dbc_parser.hpp:2835:45:static constexpr uint8_t can::signals::SensorF_OD_CAN2_autoErrorReset::get(const uint64_t&, const uint64_t&)	24	static
/home/karlsassie/Documents/mu-zero/git/mz_testbench_siii/sensor_ecu/Applications/CANzero/dbc-cpp/dbc_parser.hpp:2860:42:static constexpr void can::signals::SensorF_OD_CAN2_lastErrorCode::set(uint64_t&, uint64_t&, uint8_t&, uint32_t)	64	static
/home/karlsassie/Documents/mu-zero/git/mz_testbench_siii/sensor_ecu/Applications/CANzero/dbc-cpp/dbc_parser.hpp:2896:42:static constexpr void can::signals::SensorF_OD_CAN2_RxErrCnt::set(uint64_t&, uint64_t&, uint8_t&, uint8_t)	56	static
/home/karlsassie/Documents/mu-zero/git/mz_testbench_siii/sensor_ecu/Applications/CANzero/dbc-cpp/dbc_parser.hpp:2923:42:static constexpr void can::signals::SensorF_OD_CAN2_TxErrCnt::set(uint64_t&, uint64_t&, uint8_t&, uint8_t)	56	static
/home/karlsassie/Documents/mu-zero/git/mz_testbench_siii/sensor_ecu/Applications/CANzero/dbc-cpp/dbc_parser.hpp:2952:42:static constexpr void can::signals::SensorF_OD_CAN1_DelayedTxMessages::set(uint64_t&, uint64_t&, uint8_t&, uint32_t)	64	static
/home/karlsassie/Documents/mu-zero/git/mz_testbench_siii/sensor_ecu/Applications/CANzero/dbc-cpp/dbc_parser.hpp:2986:42:static constexpr void can::signals::SensorF_OD_CAN1_ErrorStatus::set(uint64_t&, uint64_t&, uint8_t&, uint8_t)	56	static
/home/karlsassie/Documents/mu-zero/git/mz_testbench_siii/sensor_ecu/Applications/CANzero/dbc-cpp/dbc_parser.hpp:3021:42:static constexpr void can::signals::SensorF_OD_CAN1_DiscardedTxMessages::set(uint64_t&, uint64_t&, uint8_t&, uint32_t)	64	static
/home/karlsassie/Documents/mu-zero/git/mz_testbench_siii/sensor_ecu/Applications/CANzero/dbc-cpp/dbc_parser.hpp:3055:42:static constexpr void can::signals::SensorF_OD_CAN1_Status::set(uint64_t&, uint64_t&, uint8_t&, uint8_t)	56	static
/home/karlsassie/Documents/mu-zero/git/mz_testbench_siii/sensor_ecu/Applications/CANzero/dbc-cpp/dbc_parser.hpp:3092:42:static constexpr void can::signals::SensorF_OD_CAN1_Baudrate::set(uint64_t&, uint64_t&, uint8_t&, uint16_t)	64	static
/home/karlsassie/Documents/mu-zero/git/mz_testbench_siii/sensor_ecu/Applications/CANzero/dbc-cpp/dbc_parser.hpp:3104:46:static constexpr uint16_t can::signals::SensorF_OD_CAN1_Baudrate::get(const uint64_t&, const uint64_t&)	24	static
/home/karlsassie/Documents/mu-zero/git/mz_testbench_siii/sensor_ecu/Applications/CANzero/dbc-cpp/dbc_parser.hpp:3125:42:static constexpr void can::signals::SensorF_OD_CAN1_autoErrorReset::set(uint64_t&, uint64_t&, uint8_t&, uint8_t)	56	static
/home/karlsassie/Documents/mu-zero/git/mz_testbench_siii/sensor_ecu/Applications/CANzero/dbc-cpp/dbc_parser.hpp:3131:45:static constexpr uint8_t can::signals::SensorF_OD_CAN1_autoErrorReset::get(const uint64_t&, const uint64_t&)	24	static
/home/karlsassie/Documents/mu-zero/git/mz_testbench_siii/sensor_ecu/Applications/CANzero/dbc-cpp/dbc_parser.hpp:3156:42:static constexpr void can::signals::SensorF_OD_CAN1_lastErrorCode::set(uint64_t&, uint64_t&, uint8_t&, uint32_t)	64	static
/home/karlsassie/Documents/mu-zero/git/mz_testbench_siii/sensor_ecu/Applications/CANzero/dbc-cpp/dbc_parser.hpp:3192:42:static constexpr void can::signals::SensorF_OD_CAN1_RxErrCnt::set(uint64_t&, uint64_t&, uint8_t&, uint8_t)	56	static
/home/karlsassie/Documents/mu-zero/git/mz_testbench_siii/sensor_ecu/Applications/CANzero/dbc-cpp/dbc_parser.hpp:3219:42:static constexpr void can::signals::SensorF_OD_CAN1_TxErrCnt::set(uint64_t&, uint64_t&, uint8_t&, uint8_t)	56	static
/home/karlsassie/Documents/mu-zero/git/mz_testbench_siii/sensor_ecu/Applications/CANzero/dbc-cpp/dbc_parser.hpp:3248:42:static constexpr void can::signals::SensorF_OD_BuildTime::set(uint64_t&, uint64_t&, uint8_t&, uint32_t)	64	static
/home/karlsassie/Documents/mu-zero/git/mz_testbench_siii/sensor_ecu/Applications/CANzero/dbc-cpp/dbc_parser.hpp:3281:42:static constexpr void can::signals::SensorF_OD_BuildDate::set(uint64_t&, uint64_t&, uint8_t&, uint32_t)	64	static
/home/karlsassie/Documents/mu-zero/git/mz_testbench_siii/sensor_ecu/Applications/CANzero/dbc-cpp/dbc_parser.hpp:3310:42:static constexpr void can::signals::SensorF_OD_ChipUID2::set(uint64_t&, uint64_t&, uint8_t&, uint64_t)	48	static
/home/karlsassie/Documents/mu-zero/git/mz_testbench_siii/sensor_ecu/Applications/CANzero/dbc-cpp/dbc_parser.hpp:3345:42:static constexpr void can::signals::SensorF_OD_ChipUID1::set(uint64_t&, uint64_t&, uint8_t&, uint64_t)	48	static
/home/karlsassie/Documents/mu-zero/git/mz_testbench_siii/sensor_ecu/Applications/CANzero/dbc-cpp/dbc_parser.hpp:3378:42:static constexpr void can::signals::SensorF_OD_SdcOut::set(uint64_t&, uint64_t&, uint8_t&, uint8_t)	56	static
/home/karlsassie/Documents/mu-zero/git/mz_testbench_siii/sensor_ecu/Applications/CANzero/dbc-cpp/dbc_parser.hpp:3405:42:static constexpr void can::signals::SensorF_OD_SdcIn::set(uint64_t&, uint64_t&, uint8_t&, uint8_t)	56	static
/home/karlsassie/Documents/mu-zero/git/mz_testbench_siii/sensor_ecu/Applications/CANzero/dbc-cpp/dbc_parser.hpp:3434:42:static constexpr void can::signals::SensorF_OD_runtime::set(uint64_t&, uint64_t&, uint8_t&, uint32_t)	64	static
/home/karlsassie/Documents/mu-zero/git/mz_testbench_siii/sensor_ecu/Applications/CANzero/dbc-cpp/dbc_parser.hpp:3469:42:static constexpr void can::signals::SensorF_OD_InputVoltage::set(uint64_t&, uint64_t&, uint8_t&, float)	64	static
/home/karlsassie/Documents/mu-zero/git/mz_testbench_siii/sensor_ecu/Applications/CANzero/dbc-cpp/dbc_parser.hpp:3504:42:static constexpr void can::signals::SensorF_OD_BoardTemp::set(uint64_t&, uint64_t&, uint8_t&, float)	64	static
/home/karlsassie/Documents/mu-zero/git/mz_testbench_siii/sensor_ecu/Applications/CANzero/dbc-cpp/dbc_parser.hpp:3539:42:static constexpr void can::signals::SensorF_OD_MemFree::set(uint64_t&, uint64_t&, uint8_t&, uint32_t)	64	static
/home/karlsassie/Documents/mu-zero/git/mz_testbench_siii/sensor_ecu/Applications/CANzero/dbc-cpp/dbc_parser.hpp:3574:42:static constexpr void can::signals::SensorF_OD_CpuUsage::set(uint64_t&, uint64_t&, uint8_t&, float)	64	static
/home/karlsassie/Documents/mu-zero/git/mz_testbench_siii/sensor_ecu/Applications/CANzero/dbc-cpp/dbc_parser.hpp:3607:42:static constexpr void can::signals::SensorF_OD_OdEntrySendInterval::set(uint64_t&, uint64_t&, uint8_t&, uint16_t)	64	static
/home/karlsassie/Documents/mu-zero/git/mz_testbench_siii/sensor_ecu/Applications/CANzero/dbc-cpp/dbc_parser.hpp:3613:46:static constexpr uint16_t can::signals::SensorF_OD_OdEntrySendInterval::get(const uint64_t&, const uint64_t&)	24	static
/home/karlsassie/Documents/mu-zero/git/mz_testbench_siii/sensor_ecu/Applications/CANzero/dbc-cpp/dbc_parser.hpp:3634:42:static constexpr void can::signals::SensorF_OD_SendOdOnBootup::set(uint64_t&, uint64_t&, uint8_t&, uint8_t)	56	static
/home/karlsassie/Documents/mu-zero/git/mz_testbench_siii/sensor_ecu/Applications/CANzero/dbc-cpp/dbc_parser.hpp:3640:45:static constexpr uint8_t can::signals::SensorF_OD_SendOdOnBootup::get(const uint64_t&, const uint64_t&)	24	static
/home/karlsassie/Documents/mu-zero/git/mz_testbench_siii/sensor_ecu/Applications/CANzero/dbc-cpp/dbc_parser.hpp:3665:42:static constexpr void can::signals::SensorF_OD_HeartbeatInterval::set(uint64_t&, uint64_t&, uint8_t&, uint16_t)	64	static
/home/karlsassie/Documents/mu-zero/git/mz_testbench_siii/sensor_ecu/Applications/CANzero/dbc-cpp/dbc_parser.hpp:3671:46:static constexpr uint16_t can::signals::SensorF_OD_HeartbeatInterval::get(const uint64_t&, const uint64_t&)	24	static
/home/karlsassie/Documents/mu-zero/git/mz_testbench_siii/sensor_ecu/Applications/CANzero/dbc-cpp/dbc_parser.hpp:3692:42:static constexpr void can::signals::SensorF_OD_DbcVersion::set(uint64_t&, uint64_t&, uint8_t&, uint16_t)	64	static
/home/karlsassie/Documents/mu-zero/git/mz_testbench_siii/sensor_ecu/Applications/CANzero/dbc-cpp/dbc_parser.hpp:3719:42:static constexpr void can::signals::SensorF_OD_StackVersion::set(uint64_t&, uint64_t&, uint8_t&, uint16_t)	64	static
/home/karlsassie/Documents/mu-zero/git/mz_testbench_siii/sensor_ecu/Applications/CANzero/dbc-cpp/dbc_parser.hpp:3746:42:static constexpr void can::signals::SensorF_OD_ProtocolVersion::set(uint64_t&, uint64_t&, uint8_t&, uint16_t)	64	static
/home/karlsassie/Documents/mu-zero/git/mz_testbench_siii/sensor_ecu/Applications/CANzero/dbc-cpp/dbc_parser.hpp:3773:42:static constexpr void can::signals::SensorF_OD_NodeStatus::set(uint64_t&, uint64_t&, uint8_t&, uint8_t)	56	static
/home/karlsassie/Documents/mu-zero/git/mz_testbench_siii/sensor_ecu/Applications/CANzero/dbc-cpp/dbc_parser.hpp:3807:42:static constexpr void can::signals::SensorF_OD_NodeID::set(uint64_t&, uint64_t&, uint8_t&, uint8_t)	56	static
/home/karlsassie/Documents/mu-zero/git/mz_testbench_siii/sensor_ecu/Applications/CANzero/dbc-cpp/dbc_parser.hpp:270:19:constexpr can::Message<MESSAGE_T>::Message(const CAN_RxHeaderTypeDef&, const uint8_t*) [with MESSAGE_T = can::messages::SensorF_SDO_Req_Down]	32	static
/home/karlsassie/Documents/mu-zero/git/mz_testbench_siii/sensor_ecu/Applications/CANzero/dbc-cpp/dbc_parser.hpp:284:19:constexpr can::Message<MESSAGE_T>::Message(const RxMessage&) [with MESSAGE_T = can::messages::SensorF_SDO_Req_Down]	16	static
../Applications/CANzero/canzero_od.cpp:146:6:void handleSDORequestDownload(const RxMessage&)	48	static
/home/karlsassie/Documents/mu-zero/git/mz_testbench_siii/sensor_ecu/Applications/CANzero/dbc-cpp/dbc_parser.hpp:264:19:constexpr can::Message<MESSAGE_T>::Message() [with MESSAGE_T = can::messages::SensorF_SDO_Resp]	16	static
../Applications/CANzero/canzero_od.cpp:151:6:void handleSDORequestDownloadBySDOID(uint16_t)	80	static
/home/karlsassie/Documents/mu-zero/git/mz_testbench_siii/sensor_ecu/Applications/CANzero/dbc-cpp/dbc_parser.hpp:270:19:constexpr can::Message<MESSAGE_T>::Message(const CAN_RxHeaderTypeDef&, const uint8_t*) [with MESSAGE_T = can::messages::SensorF_SDO_Req_Up]	32	static
/home/karlsassie/Documents/mu-zero/git/mz_testbench_siii/sensor_ecu/Applications/CANzero/dbc-cpp/dbc_parser.hpp:284:19:constexpr can::Message<MESSAGE_T>::Message(const RxMessage&) [with MESSAGE_T = can::messages::SensorF_SDO_Req_Up]	16	static
../Applications/CANzero/canzero_od.cpp:410:6:void handleSDORequestUpload(const RxMessage&)	136	static
../Applications/CANzero/canzero_od.cpp:805:21:uint8_t OD_NodeID_get()	16	static
../Applications/CANzero/canzero_od.cpp:813:18:void OD_NodeID_set(uint8_t)	16	static
../Applications/CANzero/canzero_od.cpp:821:21:uint8_t OD_NodeStatus_get()	16	static
../Applications/CANzero/canzero_od.cpp:829:18:void OD_NodeStatus_set(uint8_t)	16	static
../Applications/CANzero/canzero_od.cpp:837:22:uint16_t OD_ProtocolVersion_get()	16	static
../Applications/CANzero/canzero_od.cpp:845:18:void OD_ProtocolVersion_set(uint16_t)	16	static
../Applications/CANzero/canzero_od.cpp:853:22:uint16_t OD_StackVersion_get()	16	static
../Applications/CANzero/canzero_od.cpp:861:18:void OD_StackVersion_set(uint16_t)	16	static
../Applications/CANzero/canzero_od.cpp:869:22:uint16_t OD_DbcVersion_get()	16	static
../Applications/CANzero/canzero_od.cpp:877:18:void OD_DbcVersion_set(uint16_t)	16	static
../Applications/CANzero/canzero_od.cpp:885:22:uint16_t OD_HeartbeatInterval_get()	16	static
../Applications/CANzero/canzero_od.cpp:893:18:void OD_HeartbeatInterval_set(uint16_t)	16	static
../Applications/CANzero/canzero_od.cpp:901:21:uint8_t OD_SendOdOnBootup_get()	16	static
../Applications/CANzero/canzero_od.cpp:909:18:void OD_SendOdOnBootup_set(uint8_t)	16	static
../Applications/CANzero/canzero_od.cpp:917:22:uint16_t OD_OdEntrySendInterval_get()	16	static
../Applications/CANzero/canzero_od.cpp:925:18:void OD_OdEntrySendInterval_set(uint16_t)	16	static
../Applications/CANzero/canzero_od.cpp:933:19:float OD_CpuUsage_get()	16	static
../Applications/CANzero/canzero_od.cpp:941:18:void OD_CpuUsage_set(float)	16	static
../Applications/CANzero/canzero_od.cpp:949:22:uint32_t OD_MemFree_get()	16	static
../Applications/CANzero/canzero_od.cpp:957:18:void OD_MemFree_set(uint32_t)	16	static
../Applications/CANzero/canzero_od.cpp:965:19:float OD_BoardTemp_get()	16	static
../Applications/CANzero/canzero_od.cpp:973:18:void OD_BoardTemp_set(float)	16	static
../Applications/CANzero/canzero_od.cpp:981:19:float OD_InputVoltage_get()	16	static
../Applications/CANzero/canzero_od.cpp:989:18:void OD_InputVoltage_set(float)	16	static
../Applications/CANzero/canzero_od.cpp:997:22:uint32_t OD_runtime_get()	16	static
../Applications/CANzero/canzero_od.cpp:1005:18:void OD_runtime_set(uint32_t)	16	static
../Applications/CANzero/canzero_od.cpp:1013:21:uint8_t OD_SdcIn_get()	16	static
../Applications/CANzero/canzero_od.cpp:1021:18:void OD_SdcIn_set(uint8_t)	16	static
../Applications/CANzero/canzero_od.cpp:1029:21:uint8_t OD_SdcOut_get()	16	static
../Applications/CANzero/canzero_od.cpp:1037:18:void OD_SdcOut_set(uint8_t)	16	static
../Applications/CANzero/canzero_od.cpp:1045:22:uint64_t OD_ChipUID1_get()	16	static
../Applications/CANzero/canzero_od.cpp:1053:18:void OD_ChipUID1_set(uint64_t)	16	static
../Applications/CANzero/canzero_od.cpp:1061:22:uint64_t OD_ChipUID2_get()	16	static
../Applications/CANzero/canzero_od.cpp:1069:18:void OD_ChipUID2_set(uint64_t)	16	static
../Applications/CANzero/canzero_od.cpp:1077:22:uint32_t OD_BuildDate_get()	16	static
../Applications/CANzero/canzero_od.cpp:1085:18:void OD_BuildDate_set(uint32_t)	16	static
../Applications/CANzero/canzero_od.cpp:1093:22:uint32_t OD_BuildTime_get()	16	static
../Applications/CANzero/canzero_od.cpp:1101:18:void OD_BuildTime_set(uint32_t)	16	static
../Applications/CANzero/canzero_od.cpp:1109:21:uint8_t OD_CAN1_TxErrCnt_get()	16	static
../Applications/CANzero/canzero_od.cpp:1117:18:void OD_CAN1_TxErrCnt_set(uint8_t)	16	static
../Applications/CANzero/canzero_od.cpp:1125:21:uint8_t OD_CAN1_RxErrCnt_get()	16	static
../Applications/CANzero/canzero_od.cpp:1133:18:void OD_CAN1_RxErrCnt_set(uint8_t)	16	static
../Applications/CANzero/canzero_od.cpp:1141:22:uint32_t OD_CAN1_lastErrorCode_get()	16	static
../Applications/CANzero/canzero_od.cpp:1149:18:void OD_CAN1_lastErrorCode_set(uint32_t)	16	static
../Applications/CANzero/canzero_od.cpp:1157:21:uint8_t OD_CAN1_autoErrorReset_get()	16	static
../Applications/CANzero/canzero_od.cpp:1165:18:void OD_CAN1_autoErrorReset_set(uint8_t)	16	static
../Applications/CANzero/canzero_od.cpp:1173:22:uint16_t OD_CAN1_Baudrate_get()	16	static
../Applications/CANzero/canzero_od.cpp:1181:18:void OD_CAN1_Baudrate_set(uint16_t)	16	static
../Applications/CANzero/canzero_od.cpp:1189:21:uint8_t OD_CAN1_Status_get()	16	static
../Applications/CANzero/canzero_od.cpp:1197:18:void OD_CAN1_Status_set(uint8_t)	16	static
../Applications/CANzero/canzero_od.cpp:1205:22:uint32_t OD_CAN1_DiscardedTxMessages_get()	16	static
../Applications/CANzero/canzero_od.cpp:1213:18:void OD_CAN1_DiscardedTxMessages_set(uint32_t)	16	static
../Applications/CANzero/canzero_od.cpp:1221:21:uint8_t OD_CAN1_ErrorStatus_get()	16	static
../Applications/CANzero/canzero_od.cpp:1229:18:void OD_CAN1_ErrorStatus_set(uint8_t)	16	static
../Applications/CANzero/canzero_od.cpp:1237:22:uint32_t OD_CAN1_DelayedTxMessages_get()	16	static
../Applications/CANzero/canzero_od.cpp:1245:18:void OD_CAN1_DelayedTxMessages_set(uint32_t)	16	static
../Applications/CANzero/canzero_od.cpp:1253:21:uint8_t OD_CAN2_TxErrCnt_get()	16	static
../Applications/CANzero/canzero_od.cpp:1261:18:void OD_CAN2_TxErrCnt_set(uint8_t)	16	static
../Applications/CANzero/canzero_od.cpp:1269:21:uint8_t OD_CAN2_RxErrCnt_get()	16	static
../Applications/CANzero/canzero_od.cpp:1277:18:void OD_CAN2_RxErrCnt_set(uint8_t)	16	static
../Applications/CANzero/canzero_od.cpp:1285:22:uint32_t OD_CAN2_lastErrorCode_get()	16	static
../Applications/CANzero/canzero_od.cpp:1293:18:void OD_CAN2_lastErrorCode_set(uint32_t)	16	static
../Applications/CANzero/canzero_od.cpp:1301:21:uint8_t OD_CAN2_autoErrorReset_get()	16	static
../Applications/CANzero/canzero_od.cpp:1309:18:void OD_CAN2_autoErrorReset_set(uint8_t)	16	static
../Applications/CANzero/canzero_od.cpp:1317:22:uint16_t OD_CAN2_Baudrate_get()	16	static
../Applications/CANzero/canzero_od.cpp:1325:18:void OD_CAN2_Baudrate_set(uint16_t)	16	static
../Applications/CANzero/canzero_od.cpp:1333:21:uint8_t OD_CAN2_Status_get()	16	static
../Applications/CANzero/canzero_od.cpp:1341:18:void OD_CAN2_Status_set(uint8_t)	16	static
../Applications/CANzero/canzero_od.cpp:1349:22:uint32_t OD_CAN2_DiscardedTxMessages_get()	16	static
../Applications/CANzero/canzero_od.cpp:1357:18:void OD_CAN2_DiscardedTxMessages_set(uint32_t)	16	static
../Applications/CANzero/canzero_od.cpp:1365:21:uint8_t OD_CAN2_ErrorStatus_get()	16	static
../Applications/CANzero/canzero_od.cpp:1373:18:void OD_CAN2_ErrorStatus_set(uint8_t)	16	static
../Applications/CANzero/canzero_od.cpp:1381:22:uint32_t OD_CAN2_DelayedTxMessages_get()	16	static
../Applications/CANzero/canzero_od.cpp:1389:18:void OD_CAN2_DelayedTxMessages_set(uint32_t)	16	static
../Applications/CANzero/canzero_od.cpp:1397:19:float OD_samplingInterval_get()	16	static
../Applications/CANzero/canzero_od.cpp:1405:18:void OD_samplingInterval_set(float)	16	static
../Applications/CANzero/canzero_od.cpp:1413:21:uint8_t OD_TelemetryCommands_get()	16	static
../Applications/CANzero/canzero_od.cpp:1421:18:void OD_TelemetryCommands_set(uint8_t)	16	static
../Applications/CANzero/canzero_od.cpp:1429:21:uint8_t OD_StateMachineInterval_get()	16	static
../Applications/CANzero/canzero_od.cpp:1437:18:void OD_StateMachineInterval_set(uint8_t)	16	static
../Applications/CANzero/canzero_od.cpp:1445:21:uint8_t OD_StateMachineActivate_get()	16	static
../Applications/CANzero/canzero_od.cpp:1453:18:void OD_StateMachineActivate_set(uint8_t)	16	static
../Applications/CANzero/canzero_od.cpp:1461:21:uint8_t OD_HVBatteryMode_get()	16	static
../Applications/CANzero/canzero_od.cpp:1469:18:void OD_HVBatteryMode_set(uint8_t)	16	static
../Applications/CANzero/canzero_od.cpp:1477:19:float OD_EncoderWheelDiameter_get()	16	static
../Applications/CANzero/canzero_od.cpp:1485:18:void OD_EncoderWheelDiameter_set(float)	16	static
../Applications/CANzero/canzero_od.cpp:1493:21:uint8_t OD_EncoderResetPosition_get()	16	static
../Applications/CANzero/canzero_od.cpp:1501:18:void OD_EncoderResetPosition_set(uint8_t)	16	static
../Applications/CANzero/canzero_od.cpp:1509:21:uint8_t OD_SetReset_get()	16	static
../Applications/CANzero/canzero_od.cpp:1517:18:void OD_SetReset_set(uint8_t)	16	static
../Applications/CANzero/canzero_od.cpp:1525:21:uint8_t OD_IMU_number_get()	16	static
../Applications/CANzero/canzero_od.cpp:1533:18:void OD_IMU_number_set(uint8_t)	16	static
../Applications/CANzero/canzero_od.cpp:1541:19:float OD_IMU1_Temperature_get()	16	static
../Applications/CANzero/canzero_od.cpp:1549:18:void OD_IMU1_Temperature_set(float)	16	static
../Applications/CANzero/canzero_od.cpp:1557:19:float OD_IMU2_Temperature_get()	16	static
../Applications/CANzero/canzero_od.cpp:1565:18:void OD_IMU2_Temperature_set(float)	16	static
../Applications/CANzero/canzero_od.cpp:1573:19:float OD_IMU3_Temperature_get()	16	static
../Applications/CANzero/canzero_od.cpp:1581:18:void OD_IMU3_Temperature_set(float)	16	static
../Applications/CANzero/canzero_od.cpp:1589:19:float OD_IMU_AccelX_get()	16	static
../Applications/CANzero/canzero_od.cpp:1597:18:void OD_IMU_AccelX_set(float)	16	static
../Applications/CANzero/canzero_od.cpp:1605:19:float OD_IMU_AccelY_get()	16	static
../Applications/CANzero/canzero_od.cpp:1613:18:void OD_IMU_AccelY_set(float)	16	static
../Applications/CANzero/canzero_od.cpp:1621:19:float OD_IMU_AccelZ_get()	16	static
../Applications/CANzero/canzero_od.cpp:1629:18:void OD_IMU_AccelZ_set(float)	16	static
../Applications/CANzero/canzero_od.cpp:1637:19:float OD_IMU_GyroX_get()	16	static
../Applications/CANzero/canzero_od.cpp:1645:18:void OD_IMU_GyroX_set(float)	16	static
../Applications/CANzero/canzero_od.cpp:1653:19:float OD_IMU_GyroY_get()	16	static
../Applications/CANzero/canzero_od.cpp:1661:18:void OD_IMU_GyroY_set(float)	16	static
../Applications/CANzero/canzero_od.cpp:1669:19:float OD_IMU_GyroZ_get()	16	static
../Applications/CANzero/canzero_od.cpp:1677:18:void OD_IMU_GyroZ_set(float)	16	static
../Applications/CANzero/canzero_od.cpp:1685:19:float OD_CoolingPressure_get()	16	static
../Applications/CANzero/canzero_od.cpp:1693:18:void OD_CoolingPressure_set(float)	16	static
../Applications/CANzero/canzero_od.cpp:1701:22:uint16_t OD_FiducialRightCounter_get()	16	static
../Applications/CANzero/canzero_od.cpp:1709:18:void OD_FiducialRightCounter_set(uint16_t)	16	static
../Applications/CANzero/canzero_od.cpp:1717:22:uint16_t OD_FiducialLeftCounter_get()	16	static
../Applications/CANzero/canzero_od.cpp:1725:18:void OD_FiducialLeftCounter_set(uint16_t)	16	static
../Applications/CANzero/canzero_od.cpp:1733:19:float OD_Position_get()	16	static
../Applications/CANzero/canzero_od.cpp:1741:18:void OD_Position_set(float)	16	static
../Applications/CANzero/canzero_od.cpp:1749:19:float OD_Velocity_get()	16	static
../Applications/CANzero/canzero_od.cpp:1757:18:void OD_Velocity_set(float)	16	static
../Applications/CANzero/canzero_od.cpp:1790:6:void sendOdEntriesTask(void*)	32	static
/home/karlsassie/Documents/mu-zero/git/mz_testbench_siii/sensor_ecu/Applications/CANzero/dbc-cpp/dbc_parser.hpp:295:30:typename T::dataType can::Message<MESSAGE_T>::get() [with T = can::signals::SensorF_SDO_ID; MESSAGE_T = can::messages::SensorF_SDO_Req_Down]	16	static
/home/karlsassie/Documents/mu-zero/git/mz_testbench_siii/sensor_ecu/Applications/CANzero/dbc-cpp/dbc_parser.hpp:288:14:void can::Message<MESSAGE_T>::set(typename T::dataType) [with T = can::signals::SensorF_OD_NodeID; MESSAGE_T = can::messages::SensorF_SDO_Resp]	16	static
/home/karlsassie/Documents/mu-zero/git/mz_testbench_siii/sensor_ecu/Applications/CANzero/dbc-cpp/dbc_parser.hpp:288:14:void can::Message<MESSAGE_T>::set(typename T::dataType) [with T = can::signals::SensorF_OD_NodeStatus; MESSAGE_T = can::messages::SensorF_SDO_Resp]	16	static
/home/karlsassie/Documents/mu-zero/git/mz_testbench_siii/sensor_ecu/Applications/CANzero/dbc-cpp/dbc_parser.hpp:288:14:void can::Message<MESSAGE_T>::set(typename T::dataType) [with T = can::signals::SensorF_OD_ProtocolVersion; MESSAGE_T = can::messages::SensorF_SDO_Resp]	16	static
/home/karlsassie/Documents/mu-zero/git/mz_testbench_siii/sensor_ecu/Applications/CANzero/dbc-cpp/dbc_parser.hpp:288:14:void can::Message<MESSAGE_T>::set(typename T::dataType) [with T = can::signals::SensorF_OD_StackVersion; MESSAGE_T = can::messages::SensorF_SDO_Resp]	16	static
/home/karlsassie/Documents/mu-zero/git/mz_testbench_siii/sensor_ecu/Applications/CANzero/dbc-cpp/dbc_parser.hpp:288:14:void can::Message<MESSAGE_T>::set(typename T::dataType) [with T = can::signals::SensorF_OD_DbcVersion; MESSAGE_T = can::messages::SensorF_SDO_Resp]	16	static
/home/karlsassie/Documents/mu-zero/git/mz_testbench_siii/sensor_ecu/Applications/CANzero/dbc-cpp/dbc_parser.hpp:288:14:void can::Message<MESSAGE_T>::set(typename T::dataType) [with T = can::signals::SensorF_OD_HeartbeatInterval; MESSAGE_T = can::messages::SensorF_SDO_Resp]	16	static
/home/karlsassie/Documents/mu-zero/git/mz_testbench_siii/sensor_ecu/Applications/CANzero/dbc-cpp/dbc_parser.hpp:288:14:void can::Message<MESSAGE_T>::set(typename T::dataType) [with T = can::signals::SensorF_OD_SendOdOnBootup; MESSAGE_T = can::messages::SensorF_SDO_Resp]	16	static
/home/karlsassie/Documents/mu-zero/git/mz_testbench_siii/sensor_ecu/Applications/CANzero/dbc-cpp/dbc_parser.hpp:288:14:void can::Message<MESSAGE_T>::set(typename T::dataType) [with T = can::signals::SensorF_OD_OdEntrySendInterval; MESSAGE_T = can::messages::SensorF_SDO_Resp]	16	static
/home/karlsassie/Documents/mu-zero/git/mz_testbench_siii/sensor_ecu/Applications/CANzero/dbc-cpp/dbc_parser.hpp:288:14:void can::Message<MESSAGE_T>::set(typename T::dataType) [with T = can::signals::SensorF_OD_CpuUsage; MESSAGE_T = can::messages::SensorF_SDO_Resp]	16	static
/home/karlsassie/Documents/mu-zero/git/mz_testbench_siii/sensor_ecu/Applications/CANzero/dbc-cpp/dbc_parser.hpp:288:14:void can::Message<MESSAGE_T>::set(typename T::dataType) [with T = can::signals::SensorF_OD_MemFree; MESSAGE_T = can::messages::SensorF_SDO_Resp]	16	static
/home/karlsassie/Documents/mu-zero/git/mz_testbench_siii/sensor_ecu/Applications/CANzero/dbc-cpp/dbc_parser.hpp:288:14:void can::Message<MESSAGE_T>::set(typename T::dataType) [with T = can::signals::SensorF_OD_BoardTemp; MESSAGE_T = can::messages::SensorF_SDO_Resp]	16	static
/home/karlsassie/Documents/mu-zero/git/mz_testbench_siii/sensor_ecu/Applications/CANzero/dbc-cpp/dbc_parser.hpp:288:14:void can::Message<MESSAGE_T>::set(typename T::dataType) [with T = can::signals::SensorF_OD_InputVoltage; MESSAGE_T = can::messages::SensorF_SDO_Resp]	16	static
/home/karlsassie/Documents/mu-zero/git/mz_testbench_siii/sensor_ecu/Applications/CANzero/dbc-cpp/dbc_parser.hpp:288:14:void can::Message<MESSAGE_T>::set(typename T::dataType) [with T = can::signals::SensorF_OD_runtime; MESSAGE_T = can::messages::SensorF_SDO_Resp]	16	static
/home/karlsassie/Documents/mu-zero/git/mz_testbench_siii/sensor_ecu/Applications/CANzero/dbc-cpp/dbc_parser.hpp:288:14:void can::Message<MESSAGE_T>::set(typename T::dataType) [with T = can::signals::SensorF_OD_SdcIn; MESSAGE_T = can::messages::SensorF_SDO_Resp]	16	static
/home/karlsassie/Documents/mu-zero/git/mz_testbench_siii/sensor_ecu/Applications/CANzero/dbc-cpp/dbc_parser.hpp:288:14:void can::Message<MESSAGE_T>::set(typename T::dataType) [with T = can::signals::SensorF_OD_SdcOut; MESSAGE_T = can::messages::SensorF_SDO_Resp]	16	static
/home/karlsassie/Documents/mu-zero/git/mz_testbench_siii/sensor_ecu/Applications/CANzero/dbc-cpp/dbc_parser.hpp:288:14:void can::Message<MESSAGE_T>::set(typename T::dataType) [with T = can::signals::SensorF_OD_ChipUID1; MESSAGE_T = can::messages::SensorF_SDO_Resp]	40	static
/home/karlsassie/Documents/mu-zero/git/mz_testbench_siii/sensor_ecu/Applications/CANzero/dbc-cpp/dbc_parser.hpp:288:14:void can::Message<MESSAGE_T>::set(typename T::dataType) [with T = can::signals::SensorF_OD_ChipUID2; MESSAGE_T = can::messages::SensorF_SDO_Resp]	40	static
/home/karlsassie/Documents/mu-zero/git/mz_testbench_siii/sensor_ecu/Applications/CANzero/dbc-cpp/dbc_parser.hpp:288:14:void can::Message<MESSAGE_T>::set(typename T::dataType) [with T = can::signals::SensorF_OD_BuildDate; MESSAGE_T = can::messages::SensorF_SDO_Resp]	16	static
/home/karlsassie/Documents/mu-zero/git/mz_testbench_siii/sensor_ecu/Applications/CANzero/dbc-cpp/dbc_parser.hpp:288:14:void can::Message<MESSAGE_T>::set(typename T::dataType) [with T = can::signals::SensorF_OD_BuildTime; MESSAGE_T = can::messages::SensorF_SDO_Resp]	16	static
/home/karlsassie/Documents/mu-zero/git/mz_testbench_siii/sensor_ecu/Applications/CANzero/dbc-cpp/dbc_parser.hpp:288:14:void can::Message<MESSAGE_T>::set(typename T::dataType) [with T = can::signals::SensorF_OD_CAN1_TxErrCnt; MESSAGE_T = can::messages::SensorF_SDO_Resp]	16	static
/home/karlsassie/Documents/mu-zero/git/mz_testbench_siii/sensor_ecu/Applications/CANzero/dbc-cpp/dbc_parser.hpp:288:14:void can::Message<MESSAGE_T>::set(typename T::dataType) [with T = can::signals::SensorF_OD_CAN1_RxErrCnt; MESSAGE_T = can::messages::SensorF_SDO_Resp]	16	static
/home/karlsassie/Documents/mu-zero/git/mz_testbench_siii/sensor_ecu/Applications/CANzero/dbc-cpp/dbc_parser.hpp:288:14:void can::Message<MESSAGE_T>::set(typename T::dataType) [with T = can::signals::SensorF_OD_CAN1_lastErrorCode; MESSAGE_T = can::messages::SensorF_SDO_Resp]	16	static
/home/karlsassie/Documents/mu-zero/git/mz_testbench_siii/sensor_ecu/Applications/CANzero/dbc-cpp/dbc_parser.hpp:288:14:void can::Message<MESSAGE_T>::set(typename T::dataType) [with T = can::signals::SensorF_OD_CAN1_autoErrorReset; MESSAGE_T = can::messages::SensorF_SDO_Resp]	16	static
/home/karlsassie/Documents/mu-zero/git/mz_testbench_siii/sensor_ecu/Applications/CANzero/dbc-cpp/dbc_parser.hpp:288:14:void can::Message<MESSAGE_T>::set(typename T::dataType) [with T = can::signals::SensorF_OD_CAN1_Baudrate; MESSAGE_T = can::messages::SensorF_SDO_Resp]	16	static
/home/karlsassie/Documents/mu-zero/git/mz_testbench_siii/sensor_ecu/Applications/CANzero/dbc-cpp/dbc_parser.hpp:288:14:void can::Message<MESSAGE_T>::set(typename T::dataType) [with T = can::signals::SensorF_OD_CAN1_Status; MESSAGE_T = can::messages::SensorF_SDO_Resp]	16	static
/home/karlsassie/Documents/mu-zero/git/mz_testbench_siii/sensor_ecu/Applications/CANzero/dbc-cpp/dbc_parser.hpp:288:14:void can::Message<MESSAGE_T>::set(typename T::dataType) [with T = can::signals::SensorF_OD_CAN1_DiscardedTxMessages; MESSAGE_T = can::messages::SensorF_SDO_Resp]	16	static
/home/karlsassie/Documents/mu-zero/git/mz_testbench_siii/sensor_ecu/Applications/CANzero/dbc-cpp/dbc_parser.hpp:288:14:void can::Message<MESSAGE_T>::set(typename T::dataType) [with T = can::signals::SensorF_OD_CAN1_ErrorStatus; MESSAGE_T = can::messages::SensorF_SDO_Resp]	16	static
/home/karlsassie/Documents/mu-zero/git/mz_testbench_siii/sensor_ecu/Applications/CANzero/dbc-cpp/dbc_parser.hpp:288:14:void can::Message<MESSAGE_T>::set(typename T::dataType) [with T = can::signals::SensorF_OD_CAN1_DelayedTxMessages; MESSAGE_T = can::messages::SensorF_SDO_Resp]	16	static
/home/karlsassie/Documents/mu-zero/git/mz_testbench_siii/sensor_ecu/Applications/CANzero/dbc-cpp/dbc_parser.hpp:288:14:void can::Message<MESSAGE_T>::set(typename T::dataType) [with T = can::signals::SensorF_OD_CAN2_TxErrCnt; MESSAGE_T = can::messages::SensorF_SDO_Resp]	16	static
/home/karlsassie/Documents/mu-zero/git/mz_testbench_siii/sensor_ecu/Applications/CANzero/dbc-cpp/dbc_parser.hpp:288:14:void can::Message<MESSAGE_T>::set(typename T::dataType) [with T = can::signals::SensorF_OD_CAN2_RxErrCnt; MESSAGE_T = can::messages::SensorF_SDO_Resp]	16	static
/home/karlsassie/Documents/mu-zero/git/mz_testbench_siii/sensor_ecu/Applications/CANzero/dbc-cpp/dbc_parser.hpp:288:14:void can::Message<MESSAGE_T>::set(typename T::dataType) [with T = can::signals::SensorF_OD_CAN2_lastErrorCode; MESSAGE_T = can::messages::SensorF_SDO_Resp]	16	static
/home/karlsassie/Documents/mu-zero/git/mz_testbench_siii/sensor_ecu/Applications/CANzero/dbc-cpp/dbc_parser.hpp:288:14:void can::Message<MESSAGE_T>::set(typename T::dataType) [with T = can::signals::SensorF_OD_CAN2_autoErrorReset; MESSAGE_T = can::messages::SensorF_SDO_Resp]	16	static
/home/karlsassie/Documents/mu-zero/git/mz_testbench_siii/sensor_ecu/Applications/CANzero/dbc-cpp/dbc_parser.hpp:288:14:void can::Message<MESSAGE_T>::set(typename T::dataType) [with T = can::signals::SensorF_OD_CAN2_Baudrate; MESSAGE_T = can::messages::SensorF_SDO_Resp]	16	static
/home/karlsassie/Documents/mu-zero/git/mz_testbench_siii/sensor_ecu/Applications/CANzero/dbc-cpp/dbc_parser.hpp:288:14:void can::Message<MESSAGE_T>::set(typename T::dataType) [with T = can::signals::SensorF_OD_CAN2_Status; MESSAGE_T = can::messages::SensorF_SDO_Resp]	16	static
/home/karlsassie/Documents/mu-zero/git/mz_testbench_siii/sensor_ecu/Applications/CANzero/dbc-cpp/dbc_parser.hpp:288:14:void can::Message<MESSAGE_T>::set(typename T::dataType) [with T = can::signals::SensorF_OD_CAN2_DiscardedTxMessages; MESSAGE_T = can::messages::SensorF_SDO_Resp]	16	static
/home/karlsassie/Documents/mu-zero/git/mz_testbench_siii/sensor_ecu/Applications/CANzero/dbc-cpp/dbc_parser.hpp:288:14:void can::Message<MESSAGE_T>::set(typename T::dataType) [with T = can::signals::SensorF_OD_CAN2_ErrorStatus; MESSAGE_T = can::messages::SensorF_SDO_Resp]	16	static
/home/karlsassie/Documents/mu-zero/git/mz_testbench_siii/sensor_ecu/Applications/CANzero/dbc-cpp/dbc_parser.hpp:288:14:void can::Message<MESSAGE_T>::set(typename T::dataType) [with T = can::signals::SensorF_OD_CAN2_DelayedTxMessages; MESSAGE_T = can::messages::SensorF_SDO_Resp]	16	static
/home/karlsassie/Documents/mu-zero/git/mz_testbench_siii/sensor_ecu/Applications/CANzero/dbc-cpp/dbc_parser.hpp:288:14:void can::Message<MESSAGE_T>::set(typename T::dataType) [with T = can::signals::SensorF_OD_samplingInterval; MESSAGE_T = can::messages::SensorF_SDO_Resp]	16	static
/home/karlsassie/Documents/mu-zero/git/mz_testbench_siii/sensor_ecu/Applications/CANzero/dbc-cpp/dbc_parser.hpp:288:14:void can::Message<MESSAGE_T>::set(typename T::dataType) [with T = can::signals::SensorF_OD_TelemetryCommands; MESSAGE_T = can::messages::SensorF_SDO_Resp]	16	static
/home/karlsassie/Documents/mu-zero/git/mz_testbench_siii/sensor_ecu/Applications/CANzero/dbc-cpp/dbc_parser.hpp:288:14:void can::Message<MESSAGE_T>::set(typename T::dataType) [with T = can::signals::SensorF_OD_StateMachineInterval; MESSAGE_T = can::messages::SensorF_SDO_Resp]	16	static
/home/karlsassie/Documents/mu-zero/git/mz_testbench_siii/sensor_ecu/Applications/CANzero/dbc-cpp/dbc_parser.hpp:288:14:void can::Message<MESSAGE_T>::set(typename T::dataType) [with T = can::signals::SensorF_OD_StateMachineActivate; MESSAGE_T = can::messages::SensorF_SDO_Resp]	16	static
/home/karlsassie/Documents/mu-zero/git/mz_testbench_siii/sensor_ecu/Applications/CANzero/dbc-cpp/dbc_parser.hpp:288:14:void can::Message<MESSAGE_T>::set(typename T::dataType) [with T = can::signals::SensorF_OD_HVBatteryMode; MESSAGE_T = can::messages::SensorF_SDO_Resp]	16	static
/home/karlsassie/Documents/mu-zero/git/mz_testbench_siii/sensor_ecu/Applications/CANzero/dbc-cpp/dbc_parser.hpp:288:14:void can::Message<MESSAGE_T>::set(typename T::dataType) [with T = can::signals::SensorF_OD_EncoderWheelDiameter; MESSAGE_T = can::messages::SensorF_SDO_Resp]	16	static
/home/karlsassie/Documents/mu-zero/git/mz_testbench_siii/sensor_ecu/Applications/CANzero/dbc-cpp/dbc_parser.hpp:288:14:void can::Message<MESSAGE_T>::set(typename T::dataType) [with T = can::signals::SensorF_SDO_ID; MESSAGE_T = can::messages::SensorF_SDO_Resp]	16	static
/home/karlsassie/Documents/mu-zero/git/mz_testbench_siii/sensor_ecu/Applications/CANzero/dbc-cpp/dbc_parser.hpp:288:14:void can::Message<MESSAGE_T>::set(typename T::dataType) [with T = can::signals::SensorF_OD_IMU_number; MESSAGE_T = can::messages::SensorF_SDO_Resp]	16	static
/home/karlsassie/Documents/mu-zero/git/mz_testbench_siii/sensor_ecu/Applications/CANzero/dbc-cpp/dbc_parser.hpp:288:14:void can::Message<MESSAGE_T>::set(typename T::dataType) [with T = can::signals::SensorF_OD_IMU1_Temperature; MESSAGE_T = can::messages::SensorF_SDO_Resp]	16	static
/home/karlsassie/Documents/mu-zero/git/mz_testbench_siii/sensor_ecu/Applications/CANzero/dbc-cpp/dbc_parser.hpp:288:14:void can::Message<MESSAGE_T>::set(typename T::dataType) [with T = can::signals::SensorF_OD_IMU2_Temperature; MESSAGE_T = can::messages::SensorF_SDO_Resp]	16	static
/home/karlsassie/Documents/mu-zero/git/mz_testbench_siii/sensor_ecu/Applications/CANzero/dbc-cpp/dbc_parser.hpp:288:14:void can::Message<MESSAGE_T>::set(typename T::dataType) [with T = can::signals::SensorF_OD_IMU3_Temperature; MESSAGE_T = can::messages::SensorF_SDO_Resp]	16	static
/home/karlsassie/Documents/mu-zero/git/mz_testbench_siii/sensor_ecu/Applications/CANzero/dbc-cpp/dbc_parser.hpp:288:14:void can::Message<MESSAGE_T>::set(typename T::dataType) [with T = can::signals::SensorF_OD_IMU_AccelX; MESSAGE_T = can::messages::SensorF_SDO_Resp]	16	static
/home/karlsassie/Documents/mu-zero/git/mz_testbench_siii/sensor_ecu/Applications/CANzero/dbc-cpp/dbc_parser.hpp:288:14:void can::Message<MESSAGE_T>::set(typename T::dataType) [with T = can::signals::SensorF_OD_IMU_AccelY; MESSAGE_T = can::messages::SensorF_SDO_Resp]	16	static
/home/karlsassie/Documents/mu-zero/git/mz_testbench_siii/sensor_ecu/Applications/CANzero/dbc-cpp/dbc_parser.hpp:288:14:void can::Message<MESSAGE_T>::set(typename T::dataType) [with T = can::signals::SensorF_OD_IMU_AccelZ; MESSAGE_T = can::messages::SensorF_SDO_Resp]	16	static
/home/karlsassie/Documents/mu-zero/git/mz_testbench_siii/sensor_ecu/Applications/CANzero/dbc-cpp/dbc_parser.hpp:288:14:void can::Message<MESSAGE_T>::set(typename T::dataType) [with T = can::signals::SensorF_OD_IMU_GyroX; MESSAGE_T = can::messages::SensorF_SDO_Resp]	16	static
/home/karlsassie/Documents/mu-zero/git/mz_testbench_siii/sensor_ecu/Applications/CANzero/dbc-cpp/dbc_parser.hpp:288:14:void can::Message<MESSAGE_T>::set(typename T::dataType) [with T = can::signals::SensorF_OD_IMU_GyroY; MESSAGE_T = can::messages::SensorF_SDO_Resp]	16	static
/home/karlsassie/Documents/mu-zero/git/mz_testbench_siii/sensor_ecu/Applications/CANzero/dbc-cpp/dbc_parser.hpp:288:14:void can::Message<MESSAGE_T>::set(typename T::dataType) [with T = can::signals::SensorF_OD_IMU_GyroZ; MESSAGE_T = can::messages::SensorF_SDO_Resp]	16	static
/home/karlsassie/Documents/mu-zero/git/mz_testbench_siii/sensor_ecu/Applications/CANzero/dbc-cpp/dbc_parser.hpp:288:14:void can::Message<MESSAGE_T>::set(typename T::dataType) [with T = can::signals::SensorF_OD_CoolingPressure; MESSAGE_T = can::messages::SensorF_SDO_Resp]	16	static
/home/karlsassie/Documents/mu-zero/git/mz_testbench_siii/sensor_ecu/Applications/CANzero/dbc-cpp/dbc_parser.hpp:288:14:void can::Message<MESSAGE_T>::set(typename T::dataType) [with T = can::signals::SensorF_OD_FiducialRightCounter; MESSAGE_T = can::messages::SensorF_SDO_Resp]	16	static
/home/karlsassie/Documents/mu-zero/git/mz_testbench_siii/sensor_ecu/Applications/CANzero/dbc-cpp/dbc_parser.hpp:288:14:void can::Message<MESSAGE_T>::set(typename T::dataType) [with T = can::signals::SensorF_OD_FiducialLeftCounter; MESSAGE_T = can::messages::SensorF_SDO_Resp]	16	static
/home/karlsassie/Documents/mu-zero/git/mz_testbench_siii/sensor_ecu/Applications/CANzero/dbc-cpp/dbc_parser.hpp:288:14:void can::Message<MESSAGE_T>::set(typename T::dataType) [with T = can::signals::SensorF_OD_Position; MESSAGE_T = can::messages::SensorF_SDO_Resp]	16	static
/home/karlsassie/Documents/mu-zero/git/mz_testbench_siii/sensor_ecu/Applications/CANzero/dbc-cpp/dbc_parser.hpp:288:14:void can::Message<MESSAGE_T>::set(typename T::dataType) [with T = can::signals::SensorF_OD_Velocity; MESSAGE_T = can::messages::SensorF_SDO_Resp]	16	static
/home/karlsassie/Documents/mu-zero/git/mz_testbench_siii/sensor_ecu/Applications/CANzero/dbc-cpp/dbc_parser.hpp:288:14:void can::Message<MESSAGE_T>::set(typename T::dataType) [with T = can::signals::SensorF_SDO_RespCode; MESSAGE_T = can::messages::SensorF_SDO_Resp]	16	static
/home/karlsassie/Documents/mu-zero/git/mz_testbench_siii/sensor_ecu/Applications/CANzero/dbc-cpp/dbc_parser.hpp:295:30:typename T::dataType can::Message<MESSAGE_T>::get() [with T = can::signals::SensorF_SDO_ID; MESSAGE_T = can::messages::SensorF_SDO_Req_Up]	16	static
/home/karlsassie/Documents/mu-zero/git/mz_testbench_siii/sensor_ecu/Applications/CANzero/dbc-cpp/dbc_parser.hpp:295:30:typename T::dataType can::Message<MESSAGE_T>::get() [with T = can::signals::SensorF_OD_HeartbeatInterval; MESSAGE_T = can::messages::SensorF_SDO_Req_Up]	16	static
/home/karlsassie/Documents/mu-zero/git/mz_testbench_siii/sensor_ecu/Applications/CANzero/dbc-cpp/dbc_parser.hpp:295:30:typename T::dataType can::Message<MESSAGE_T>::get() [with T = can::signals::SensorF_OD_SendOdOnBootup; MESSAGE_T = can::messages::SensorF_SDO_Req_Up]	16	static
/home/karlsassie/Documents/mu-zero/git/mz_testbench_siii/sensor_ecu/Applications/CANzero/dbc-cpp/dbc_parser.hpp:295:30:typename T::dataType can::Message<MESSAGE_T>::get() [with T = can::signals::SensorF_OD_OdEntrySendInterval; MESSAGE_T = can::messages::SensorF_SDO_Req_Up]	16	static
/home/karlsassie/Documents/mu-zero/git/mz_testbench_siii/sensor_ecu/Applications/CANzero/dbc-cpp/dbc_parser.hpp:295:30:typename T::dataType can::Message<MESSAGE_T>::get() [with T = can::signals::SensorF_OD_CAN1_autoErrorReset; MESSAGE_T = can::messages::SensorF_SDO_Req_Up]	16	static
/home/karlsassie/Documents/mu-zero/git/mz_testbench_siii/sensor_ecu/Applications/CANzero/dbc-cpp/dbc_parser.hpp:295:30:typename T::dataType can::Message<MESSAGE_T>::get() [with T = can::signals::SensorF_OD_CAN1_Baudrate; MESSAGE_T = can::messages::SensorF_SDO_Req_Up]	16	static
/home/karlsassie/Documents/mu-zero/git/mz_testbench_siii/sensor_ecu/Applications/CANzero/dbc-cpp/dbc_parser.hpp:295:30:typename T::dataType can::Message<MESSAGE_T>::get() [with T = can::signals::SensorF_OD_CAN2_autoErrorReset; MESSAGE_T = can::messages::SensorF_SDO_Req_Up]	16	static
/home/karlsassie/Documents/mu-zero/git/mz_testbench_siii/sensor_ecu/Applications/CANzero/dbc-cpp/dbc_parser.hpp:295:30:typename T::dataType can::Message<MESSAGE_T>::get() [with T = can::signals::SensorF_OD_CAN2_Baudrate; MESSAGE_T = can::messages::SensorF_SDO_Req_Up]	16	static
/home/karlsassie/Documents/mu-zero/git/mz_testbench_siii/sensor_ecu/Applications/CANzero/dbc-cpp/dbc_parser.hpp:295:30:typename T::dataType can::Message<MESSAGE_T>::get() [with T = can::signals::SensorF_OD_samplingInterval; MESSAGE_T = can::messages::SensorF_SDO_Req_Up]	16	static
/home/karlsassie/Documents/mu-zero/git/mz_testbench_siii/sensor_ecu/Applications/CANzero/dbc-cpp/dbc_parser.hpp:295:30:typename T::dataType can::Message<MESSAGE_T>::get() [with T = can::signals::SensorF_OD_TelemetryCommands; MESSAGE_T = can::messages::SensorF_SDO_Req_Up]	16	static
/home/karlsassie/Documents/mu-zero/git/mz_testbench_siii/sensor_ecu/Applications/CANzero/dbc-cpp/dbc_parser.hpp:295:30:typename T::dataType can::Message<MESSAGE_T>::get() [with T = can::signals::SensorF_OD_StateMachineInterval; MESSAGE_T = can::messages::SensorF_SDO_Req_Up]	16	static
/home/karlsassie/Documents/mu-zero/git/mz_testbench_siii/sensor_ecu/Applications/CANzero/dbc-cpp/dbc_parser.hpp:295:30:typename T::dataType can::Message<MESSAGE_T>::get() [with T = can::signals::SensorF_OD_StateMachineActivate; MESSAGE_T = can::messages::SensorF_SDO_Req_Up]	16	static
/home/karlsassie/Documents/mu-zero/git/mz_testbench_siii/sensor_ecu/Applications/CANzero/dbc-cpp/dbc_parser.hpp:295:30:typename T::dataType can::Message<MESSAGE_T>::get() [with T = can::signals::SensorF_OD_HVBatteryMode; MESSAGE_T = can::messages::SensorF_SDO_Req_Up]	16	static
/home/karlsassie/Documents/mu-zero/git/mz_testbench_siii/sensor_ecu/Applications/CANzero/dbc-cpp/dbc_parser.hpp:295:30:typename T::dataType can::Message<MESSAGE_T>::get() [with T = can::signals::SensorF_OD_EncoderWheelDiameter; MESSAGE_T = can::messages::SensorF_SDO_Req_Up]	16	static
/home/karlsassie/Documents/mu-zero/git/mz_testbench_siii/sensor_ecu/Applications/CANzero/dbc-cpp/dbc_parser.hpp:295:30:typename T::dataType can::Message<MESSAGE_T>::get() [with T = can::signals::SensorF_OD_EncoderResetPosition; MESSAGE_T = can::messages::SensorF_SDO_Req_Up]	16	static
/home/karlsassie/Documents/mu-zero/git/mz_testbench_siii/sensor_ecu/Applications/CANzero/dbc-cpp/dbc_parser.hpp:295:30:typename T::dataType can::Message<MESSAGE_T>::get() [with T = can::signals::SensorF_OD_SetReset; MESSAGE_T = can::messages::SensorF_SDO_Req_Up]	16	static
../Applications/CANzero/canzero_od.cpp:1817:1:void __static_initialization_and_destruction_0(int, int)	16	static
../Applications/CANzero/canzero_od.cpp:1817:1:cpp)	8	static
